  state:not started, normal, ok
  Welcome to Space Defender Version 2.
->play(5,30,1,1,1,1,1)
  state:weapon setup, normal, ok
  1:Standard (A single projectile is fired in front)
    Health:10, Energy:10, Regen:0/1, Armour:0, Vision:1, Move:1, Move Cost:1,
    Projectile Damage:70, Projectile Cost:5 (energy)
  2:Spread (Three projectiles are fired in front, two going diagonal)
    Health:0, Energy:60, Regen:0/2, Armour:1, Vision:0, Move:0, Move Cost:2,
    Projectile Damage:50, Projectile Cost:10 (energy)
  3:Snipe (Fast and high damage projectile, but only travels via teleporting)
    Health:0, Energy:100, Regen:0/5, Armour:0, Vision:10, Move:3, Move Cost:0,
    Projectile Damage:1000, Projectile Cost:20 (energy)
  4:Rocket (Two projectiles appear behind to the sides of the Starfighter and accelerates)
    Health:10, Energy:0, Regen:10/0, Armour:2, Vision:2, Move:0, Move Cost:3,
    Projectile Damage:100, Projectile Cost:10 (health)
  5:Splitter (A single mine projectile is placed in front of the Starfighter)
    Health:0, Energy:100, Regen:0/10, Armour:0, Vision:0, Move:0, Move Cost:5,
    Projectile Damage:150, Projectile Cost:70 (energy)
  Weapon Selected:Standard
->setup_select(4)
  state:weapon setup, normal, ok
  1:Standard (A single projectile is fired in front)
    Health:10, Energy:10, Regen:0/1, Armour:0, Vision:1, Move:1, Move Cost:1,
    Projectile Damage:70, Projectile Cost:5 (energy)
  2:Spread (Three projectiles are fired in front, two going diagonal)
    Health:0, Energy:60, Regen:0/2, Armour:1, Vision:0, Move:0, Move Cost:2,
    Projectile Damage:50, Projectile Cost:10 (energy)
  3:Snipe (Fast and high damage projectile, but only travels via teleporting)
    Health:0, Energy:100, Regen:0/5, Armour:0, Vision:10, Move:3, Move Cost:0,
    Projectile Damage:1000, Projectile Cost:20 (energy)
  4:Rocket (Two projectiles appear behind to the sides of the Starfighter and accelerates)
    Health:10, Energy:0, Regen:10/0, Armour:2, Vision:2, Move:0, Move Cost:3,
    Projectile Damage:100, Projectile Cost:10 (health)
  5:Splitter (A single mine projectile is placed in front of the Starfighter)
    Health:0, Energy:100, Regen:0/10, Armour:0, Vision:0, Move:0, Move Cost:5,
    Projectile Damage:150, Projectile Cost:70 (energy)
  Weapon Selected:Rocket
->setup_next(5)
  state:in game(0.0), normal, ok
  Starfighter:
    [0,S]->health:70/70, energy:60/60, Regen:11/2, Armour:3, Vision:14, Move:9, Move Cost:5, location:[C,1]
      Projectile Pattern:Rocket, Projectile Damage:100, Projectile Cost:10 (health)
      Power:Recall (50 energy): Teleport back to spawn.
      score:0
      1  2  3  4  5  6  7  8  9 10 11 12 13 14 15 16 17 18 19 20 21 22 23 24 25 26 27 28 29 30
    A _  _  _  _  _  _  _  _  _  _  _  _  _  ?  ?  ?  ?  ?  ?  ?  ?  ?  ?  ?  ?  ?  ?  ?  ?  ?
    B _  _  _  _  _  _  _  _  _  _  _  _  _  _  ?  ?  ?  ?  ?  ?  ?  ?  ?  ?  ?  ?  ?  ?  ?  ?
    C S  _  _  _  _  _  _  _  _  _  _  _  _  _  _  ?  ?  ?  ?  ?  ?  ?  ?  ?  ?  ?  ?  ?  ?  ?
    D _  _  _  _  _  _  _  _  _  _  _  _  _  _  ?  ?  ?  ?  ?  ?  ?  ?  ?  ?  ?  ?  ?  ?  ?  ?
    E _  _  _  _  _  _  _  _  _  _  _  _  _  ?  ?  ?  ?  ?  ?  ?  ?  ?  ?  ?  ?  ?  ?  ?  ?  ?
->toggle_debug_mode
  state:in game(0.1), debug, ok
  In debug mode.
->move(A,2)
  state:in game(1.0), debug, ok
  Starfighter:
    [0,S]->health:70/70, energy:45/60, Regen:11/2, Armour:3, Vision:14, Move:9, Move Cost:5, location:[A,2]
      Projectile Pattern:Rocket, Projectile Damage:100, Projectile Cost:10 (health)
      Power:Recall (50 energy): Teleport back to spawn.
      score:0
  Enemy:
  Projectile:
  Friendly Projectile Action:
  Enemy Projectile Action:
  Starfighter Action:
    The Starfighter(id:0) moves: [C,1] -> [A,2]
  Enemy Action:
  Natural Enemy Spawn:
      1  2  3  4  5  6  7  8  9 10 11 12 13 14 15 16 17 18 19 20 21 22 23 24 25 26 27 28 29 30
    A _  S  _  _  _  _  _  _  _  _  _  _  _  _  _  _  _  _  _  _  _  _  _  _  _  _  _  _  _  _
    B _  _  _  _  _  _  _  _  _  _  _  _  _  _  _  _  _  _  _  _  _  _  _  _  _  _  _  _  _  _
    C _  _  _  _  _  _  _  _  _  _  _  _  _  _  _  _  _  _  _  _  _  _  _  _  _  _  _  _  _  _
    D _  _  _  _  _  _  _  _  _  _  _  _  _  _  _  _  _  _  _  _  _  _  _  _  _  _  _  _  _  _
    E _  _  _  _  _  _  _  _  _  _  _  _  _  _  _  _  _  _  _  _  _  _  _  _  _  _  _  _  _  _
->fire
  state:in game(2.0), debug, ok
  Starfighter:
    [0,S]->health:60/70, energy:47/60, Regen:11/2, Armour:3, Vision:14, Move:9, Move Cost:5, location:[A,2]
      Projectile Pattern:Rocket, Projectile Damage:100, Projectile Cost:10 (health)
      Power:Recall (50 energy): Teleport back to spawn.
      score:0
  Enemy:
  Projectile:
    [-2,*]->damage:100, move:1, location:[B,1]
  Friendly Projectile Action:
  Enemy Projectile Action:
  Starfighter Action:
    The Starfighter(id:0) fires at location [A,2].
      A friendly projectile(id:-1) spawns at location out of board.
      A friendly projectile(id:-2) spawns at location [B,1].
  Enemy Action:
  Natural Enemy Spawn:
      1  2  3  4  5  6  7  8  9 10 11 12 13 14 15 16 17 18 19 20 21 22 23 24 25 26 27 28 29 30
    A _  S  _  _  _  _  _  _  _  _  _  _  _  _  _  _  _  _  _  _  _  _  _  _  _  _  _  _  _  _
    B *  _  _  _  _  _  _  _  _  _  _  _  _  _  _  _  _  _  _  _  _  _  _  _  _  _  _  _  _  _
    C _  _  _  _  _  _  _  _  _  _  _  _  _  _  _  _  _  _  _  _  _  _  _  _  _  _  _  _  _  _
    D _  _  _  _  _  _  _  _  _  _  _  _  _  _  _  _  _  _  _  _  _  _  _  _  _  _  _  _  _  _
    E _  _  _  _  _  _  _  _  _  _  _  _  _  _  _  _  _  _  _  _  _  _  _  _  _  _  _  _  _  _
->fire
  state:in game(3.0), debug, ok
  Starfighter:
    [0,S]->health:60/70, energy:49/60, Regen:11/2, Armour:3, Vision:14, Move:9, Move Cost:5, location:[A,2]
      Projectile Pattern:Rocket, Projectile Damage:100, Projectile Cost:10 (health)
      Power:Recall (50 energy): Teleport back to spawn.
      score:0
  Enemy:
  Projectile:
    [-2,*]->damage:100, move:2, location:[B,2]
    [-4,*]->damage:100, move:1, location:[B,1]
  Friendly Projectile Action:
    A friendly projectile(id:-2) moves: [B,1] -> [B,2]
  Enemy Projectile Action:
  Starfighter Action:
    The Starfighter(id:0) fires at location [A,2].
      A friendly projectile(id:-3) spawns at location out of board.
      A friendly projectile(id:-4) spawns at location [B,1].
  Enemy Action:
  Natural Enemy Spawn:
      1  2  3  4  5  6  7  8  9 10 11 12 13 14 15 16 17 18 19 20 21 22 23 24 25 26 27 28 29 30
    A _  S  _  _  _  _  _  _  _  _  _  _  _  _  _  _  _  _  _  _  _  _  _  _  _  _  _  _  _  _
    B *  *  _  _  _  _  _  _  _  _  _  _  _  _  _  _  _  _  _  _  _  _  _  _  _  _  _  _  _  _
    C _  _  _  _  _  _  _  _  _  _  _  _  _  _  _  _  _  _  _  _  _  _  _  _  _  _  _  _  _  _
    D _  _  _  _  _  _  _  _  _  _  _  _  _  _  _  _  _  _  _  _  _  _  _  _  _  _  _  _  _  _
    E _  _  _  _  _  _  _  _  _  _  _  _  _  _  _  _  _  _  _  _  _  _  _  _  _  _  _  _  _  _
->move(A,1)
  state:in game(4.0), debug, ok
  Starfighter:
    [0,S]->health:70/70, energy:46/60, Regen:11/2, Armour:3, Vision:14, Move:9, Move Cost:5, location:[A,1]
      Projectile Pattern:Rocket, Projectile Damage:100, Projectile Cost:10 (health)
      Power:Recall (50 energy): Teleport back to spawn.
      score:0
  Enemy:
  Projectile:
    [-2,*]->damage:100, move:4, location:[B,4]
    [-4,*]->damage:100, move:2, location:[B,2]
  Friendly Projectile Action:
    A friendly projectile(id:-2) moves: [B,2] -> [B,4]
    A friendly projectile(id:-4) moves: [B,1] -> [B,2]
  Enemy Projectile Action:
  Starfighter Action:
    The Starfighter(id:0) moves: [A,2] -> [A,1]
  Enemy Action:
  Natural Enemy Spawn:
      1  2  3  4  5  6  7  8  9 10 11 12 13 14 15 16 17 18 19 20 21 22 23 24 25 26 27 28 29 30
    A S  _  _  _  _  _  _  _  _  _  _  _  _  _  _  _  _  _  _  _  _  _  _  _  _  _  _  _  _  _
    B _  *  _  *  _  _  _  _  _  _  _  _  _  _  _  _  _  _  _  _  _  _  _  _  _  _  _  _  _  _
    C _  _  _  _  _  _  _  _  _  _  _  _  _  _  _  _  _  _  _  _  _  _  _  _  _  _  _  _  _  _
    D _  _  _  _  _  _  _  _  _  _  _  _  _  _  _  _  _  _  _  _  _  _  _  _  _  _  _  _  _  _
    E _  _  _  _  _  _  _  _  _  _  _  _  _  _  _  _  _  _  _  _  _  _  _  _  _  _  _  _  _  _
->move(C,3)
  state:in game(5.0), debug, ok
  Starfighter:
    [0,S]->health:70/70, energy:28/60, Regen:11/2, Armour:3, Vision:14, Move:9, Move Cost:5, location:[C,3]
      Projectile Pattern:Rocket, Projectile Damage:100, Projectile Cost:10 (health)
      Power:Recall (50 energy): Teleport back to spawn.
      score:0
  Enemy:
  Projectile:
    [-2,*]->damage:100, move:8, location:[B,8]
    [-4,*]->damage:100, move:4, location:[B,4]
  Friendly Projectile Action:
    A friendly projectile(id:-2) moves: [B,4] -> [B,8]
    A friendly projectile(id:-4) moves: [B,2] -> [B,4]
  Enemy Projectile Action:
  Starfighter Action:
    The Starfighter(id:0) moves: [A,1] -> [C,3]
  Enemy Action:
  Natural Enemy Spawn:
      1  2  3  4  5  6  7  8  9 10 11 12 13 14 15 16 17 18 19 20 21 22 23 24 25 26 27 28 29 30
    A _  _  _  _  _  _  _  _  _  _  _  _  _  _  _  _  _  _  _  _  _  _  _  _  _  _  _  _  _  _
    B _  _  _  *  _  _  _  *  _  _  _  _  _  _  _  _  _  _  _  _  _  _  _  _  _  _  _  _  _  _
    C _  _  S  _  _  _  _  _  _  _  _  _  _  _  _  _  _  _  _  _  _  _  _  _  _  _  _  _  _  _
    D _  _  _  _  _  _  _  _  _  _  _  _  _  _  _  _  _  _  _  _  _  _  _  _  _  _  _  _  _  _
    E _  _  _  _  _  _  _  _  _  _  _  _  _  _  _  _  _  _  _  _  _  _  _  _  _  _  _  _  _  _
->fire
  state:in game(6.0), debug, ok
  Starfighter:
    [0,S]->health:60/70, energy:30/60, Regen:11/2, Armour:3, Vision:14, Move:9, Move Cost:5, location:[C,3]
      Projectile Pattern:Rocket, Projectile Damage:100, Projectile Cost:10 (health)
      Power:Recall (50 energy): Teleport back to spawn.
      score:0
  Enemy:
  Projectile:
    [-2,*]->damage:100, move:16, location:[B,16]
    [-4,*]->damage:100, move:8, location:[B,8]
    [-5,*]->damage:100, move:1, location:[B,2]
    [-6,*]->damage:100, move:1, location:[D,2]
  Friendly Projectile Action:
    A friendly projectile(id:-2) moves: [B,8] -> [B,16]
    A friendly projectile(id:-4) moves: [B,4] -> [B,8]
  Enemy Projectile Action:
  Starfighter Action:
    The Starfighter(id:0) fires at location [C,3].
      A friendly projectile(id:-5) spawns at location [B,2].
      A friendly projectile(id:-6) spawns at location [D,2].
  Enemy Action:
  Natural Enemy Spawn:
      1  2  3  4  5  6  7  8  9 10 11 12 13 14 15 16 17 18 19 20 21 22 23 24 25 26 27 28 29 30
    A _  _  _  _  _  _  _  _  _  _  _  _  _  _  _  _  _  _  _  _  _  _  _  _  _  _  _  _  _  _
    B _  *  _  _  _  _  _  *  _  _  _  _  _  _  _  *  _  _  _  _  _  _  _  _  _  _  _  _  _  _
    C _  _  S  _  _  _  _  _  _  _  _  _  _  _  _  _  _  _  _  _  _  _  _  _  _  _  _  _  _  _
    D _  *  _  _  _  _  _  _  _  _  _  _  _  _  _  _  _  _  _  _  _  _  _  _  _  _  _  _  _  _
    E _  _  _  _  _  _  _  _  _  _  _  _  _  _  _  _  _  _  _  _  _  _  _  _  _  _  _  _  _  _
->fire
  state:in game(7.0), debug, ok
  Starfighter:
    [0,S]->health:60/70, energy:32/60, Regen:11/2, Armour:3, Vision:14, Move:9, Move Cost:5, location:[C,3]
      Projectile Pattern:Rocket, Projectile Damage:100, Projectile Cost:10 (health)
      Power:Recall (50 energy): Teleport back to spawn.
      score:0
  Enemy:
  Projectile:
    [-4,*]->damage:100, move:16, location:[B,16]
    [-5,*]->damage:100, move:2, location:[B,3]
    [-6,*]->damage:100, move:2, location:[D,3]
    [-7,*]->damage:100, move:1, location:[B,2]
    [-8,*]->damage:100, move:1, location:[D,2]
  Friendly Projectile Action:
    A friendly projectile(id:-2) moves: [B,16] -> out of board
    A friendly projectile(id:-4) moves: [B,8] -> [B,16]
    A friendly projectile(id:-5) moves: [B,2] -> [B,3]
    A friendly projectile(id:-6) moves: [D,2] -> [D,3]
  Enemy Projectile Action:
  Starfighter Action:
    The Starfighter(id:0) fires at location [C,3].
      A friendly projectile(id:-7) spawns at location [B,2].
      A friendly projectile(id:-8) spawns at location [D,2].
  Enemy Action:
  Natural Enemy Spawn:
      1  2  3  4  5  6  7  8  9 10 11 12 13 14 15 16 17 18 19 20 21 22 23 24 25 26 27 28 29 30
    A _  _  _  _  _  _  _  _  _  _  _  _  _  _  _  _  _  _  _  _  _  _  _  _  _  _  _  _  _  _
    B _  *  *  _  _  _  _  _  _  _  _  _  _  _  _  *  _  _  _  _  _  _  _  _  _  _  _  _  _  _
    C _  _  S  _  _  _  _  _  _  _  _  _  _  _  _  _  _  _  _  _  _  _  _  _  _  _  _  _  _  _
    D _  *  *  _  _  _  _  _  _  _  _  _  _  _  _  _  _  _  _  _  _  _  _  _  _  _  _  _  _  _
    E _  _  _  _  _  _  _  _  _  _  _  _  _  _  _  _  _  _  _  _  _  _  _  _  _  _  _  _  _  _
->move(C,2)
  state:in game(8.0), debug, ok
  Starfighter:
    [0,S]->health:70/70, energy:29/60, Regen:11/2, Armour:3, Vision:14, Move:9, Move Cost:5, location:[C,2]
      Projectile Pattern:Rocket, Projectile Damage:100, Projectile Cost:10 (health)
      Power:Recall (50 energy): Teleport back to spawn.
      score:0
  Enemy:
  Projectile:
    [-5,*]->damage:100, move:4, location:[B,5]
    [-6,*]->damage:100, move:4, location:[D,5]
    [-7,*]->damage:100, move:2, location:[B,3]
    [-8,*]->damage:100, move:2, location:[D,3]
  Friendly Projectile Action:
    A friendly projectile(id:-4) moves: [B,16] -> out of board
    A friendly projectile(id:-5) moves: [B,3] -> [B,5]
    A friendly projectile(id:-6) moves: [D,3] -> [D,5]
    A friendly projectile(id:-7) moves: [B,2] -> [B,3]
    A friendly projectile(id:-8) moves: [D,2] -> [D,3]
  Enemy Projectile Action:
  Starfighter Action:
    The Starfighter(id:0) moves: [C,3] -> [C,2]
  Enemy Action:
  Natural Enemy Spawn:
      1  2  3  4  5  6  7  8  9 10 11 12 13 14 15 16 17 18 19 20 21 22 23 24 25 26 27 28 29 30
    A _  _  _  _  _  _  _  _  _  _  _  _  _  _  _  _  _  _  _  _  _  _  _  _  _  _  _  _  _  _
    B _  _  *  _  *  _  _  _  _  _  _  _  _  _  _  _  _  _  _  _  _  _  _  _  _  _  _  _  _  _
    C _  S  _  _  _  _  _  _  _  _  _  _  _  _  _  _  _  _  _  _  _  _  _  _  _  _  _  _  _  _
    D _  _  *  _  *  _  _  _  _  _  _  _  _  _  _  _  _  _  _  _  _  _  _  _  _  _  _  _  _  _
    E _  _  _  _  _  _  _  _  _  _  _  _  _  _  _  _  _  _  _  _  _  _  _  _  _  _  _  _  _  _
->fire
  state:in game(9.0), debug, ok
  Starfighter:
    [0,S]->health:60/70, energy:31/60, Regen:11/2, Armour:3, Vision:14, Move:9, Move Cost:5, location:[C,2]
      Projectile Pattern:Rocket, Projectile Damage:100, Projectile Cost:10 (health)
      Power:Recall (50 energy): Teleport back to spawn.
      score:0
  Enemy:
  Projectile:
    [-5,*]->damage:100, move:8, location:[B,9]
    [-6,*]->damage:100, move:8, location:[D,9]
    [-7,*]->damage:100, move:4, location:[B,5]
    [-8,*]->damage:100, move:4, location:[D,5]
    [-9,*]->damage:100, move:1, location:[B,1]
    [-10,*]->damage:100, move:1, location:[D,1]
  Friendly Projectile Action:
    A friendly projectile(id:-5) moves: [B,5] -> [B,9]
    A friendly projectile(id:-6) moves: [D,5] -> [D,9]
    A friendly projectile(id:-7) moves: [B,3] -> [B,5]
    A friendly projectile(id:-8) moves: [D,3] -> [D,5]
  Enemy Projectile Action:
  Starfighter Action:
    The Starfighter(id:0) fires at location [C,2].
      A friendly projectile(id:-9) spawns at location [B,1].
      A friendly projectile(id:-10) spawns at location [D,1].
  Enemy Action:
  Natural Enemy Spawn:
      1  2  3  4  5  6  7  8  9 10 11 12 13 14 15 16 17 18 19 20 21 22 23 24 25 26 27 28 29 30
    A _  _  _  _  _  _  _  _  _  _  _  _  _  _  _  _  _  _  _  _  _  _  _  _  _  _  _  _  _  _
    B *  _  _  _  *  _  _  _  *  _  _  _  _  _  _  _  _  _  _  _  _  _  _  _  _  _  _  _  _  _
    C _  S  _  _  _  _  _  _  _  _  _  _  _  _  _  _  _  _  _  _  _  _  _  _  _  _  _  _  _  _
    D *  _  _  _  *  _  _  _  *  _  _  _  _  _  _  _  _  _  _  _  _  _  _  _  _  _  _  _  _  _
    E _  _  _  _  _  _  _  _  _  _  _  _  _  _  _  _  _  _  _  _  _  _  _  _  _  _  _  _  _  _
->move(C,4)
  state:in game(10.0), debug, ok
  Starfighter:
    [0,S]->health:70/70, energy:23/60, Regen:11/2, Armour:3, Vision:14, Move:9, Move Cost:5, location:[C,4]
      Projectile Pattern:Rocket, Projectile Damage:100, Projectile Cost:10 (health)
      Power:Recall (50 energy): Teleport back to spawn.
      score:0
  Enemy:
  Projectile:
    [-5,*]->damage:100, move:16, location:[B,17]
    [-6,*]->damage:100, move:16, location:[D,17]
    [-7,*]->damage:100, move:8, location:[B,9]
    [-8,*]->damage:100, move:8, location:[D,9]
    [-9,*]->damage:100, move:2, location:[B,2]
    [-10,*]->damage:100, move:2, location:[D,2]
  Friendly Projectile Action:
    A friendly projectile(id:-5) moves: [B,9] -> [B,17]
    A friendly projectile(id:-6) moves: [D,9] -> [D,17]
    A friendly projectile(id:-7) moves: [B,5] -> [B,9]
    A friendly projectile(id:-8) moves: [D,5] -> [D,9]
    A friendly projectile(id:-9) moves: [B,1] -> [B,2]
    A friendly projectile(id:-10) moves: [D,1] -> [D,2]
  Enemy Projectile Action:
  Starfighter Action:
    The Starfighter(id:0) moves: [C,2] -> [C,4]
  Enemy Action:
  Natural Enemy Spawn:
      1  2  3  4  5  6  7  8  9 10 11 12 13 14 15 16 17 18 19 20 21 22 23 24 25 26 27 28 29 30
    A _  _  _  _  _  _  _  _  _  _  _  _  _  _  _  _  _  _  _  _  _  _  _  _  _  _  _  _  _  _
    B _  *  _  _  _  _  _  _  *  _  _  _  _  _  _  _  *  _  _  _  _  _  _  _  _  _  _  _  _  _
    C _  _  _  S  _  _  _  _  _  _  _  _  _  _  _  _  _  _  _  _  _  _  _  _  _  _  _  _  _  _
    D _  *  _  _  _  _  _  _  *  _  _  _  _  _  _  _  *  _  _  _  _  _  _  _  _  _  _  _  _  _
    E _  _  _  _  _  _  _  _  _  _  _  _  _  _  _  _  _  _  _  _  _  _  _  _  _  _  _  _  _  _
->fire
  state:in game(11.0), debug, ok
  Starfighter:
    [0,S]->health:60/70, energy:25/60, Regen:11/2, Armour:3, Vision:14, Move:9, Move Cost:5, location:[C,4]
      Projectile Pattern:Rocket, Projectile Damage:100, Projectile Cost:10 (health)
      Power:Recall (50 energy): Teleport back to spawn.
      score:0
  Enemy:
  Projectile:
    [-7,*]->damage:100, move:16, location:[B,17]
    [-8,*]->damage:100, move:16, location:[D,17]
    [-9,*]->damage:100, move:4, location:[B,4]
    [-10,*]->damage:100, move:4, location:[D,4]
    [-11,*]->damage:100, move:1, location:[B,3]
    [-12,*]->damage:100, move:1, location:[D,3]
  Friendly Projectile Action:
    A friendly projectile(id:-5) moves: [B,17] -> out of board
    A friendly projectile(id:-6) moves: [D,17] -> out of board
    A friendly projectile(id:-7) moves: [B,9] -> [B,17]
    A friendly projectile(id:-8) moves: [D,9] -> [D,17]
    A friendly projectile(id:-9) moves: [B,2] -> [B,4]
    A friendly projectile(id:-10) moves: [D,2] -> [D,4]
  Enemy Projectile Action:
  Starfighter Action:
    The Starfighter(id:0) fires at location [C,4].
      A friendly projectile(id:-11) spawns at location [B,3].
      A friendly projectile(id:-12) spawns at location [D,3].
  Enemy Action:
  Natural Enemy Spawn:
      1  2  3  4  5  6  7  8  9 10 11 12 13 14 15 16 17 18 19 20 21 22 23 24 25 26 27 28 29 30
    A _  _  _  _  _  _  _  _  _  _  _  _  _  _  _  _  _  _  _  _  _  _  _  _  _  _  _  _  _  _
    B _  _  *  *  _  _  _  _  _  _  _  _  _  _  _  _  *  _  _  _  _  _  _  _  _  _  _  _  _  _
    C _  _  _  S  _  _  _  _  _  _  _  _  _  _  _  _  _  _  _  _  _  _  _  _  _  _  _  _  _  _
    D _  _  *  *  _  _  _  _  _  _  _  _  _  _  _  _  *  _  _  _  _  _  _  _  _  _  _  _  _  _
    E _  _  _  _  _  _  _  _  _  _  _  _  _  _  _  _  _  _  _  _  _  _  _  _  _  _  _  _  _  _
->fire
  state:in game(12.0), debug, ok
  Starfighter:
    [0,S]->health:60/70, energy:27/60, Regen:11/2, Armour:3, Vision:14, Move:9, Move Cost:5, location:[C,4]
      Projectile Pattern:Rocket, Projectile Damage:100, Projectile Cost:10 (health)
      Power:Recall (50 energy): Teleport back to spawn.
      score:0
  Enemy:
  Projectile:
    [-9,*]->damage:100, move:8, location:[B,8]
    [-10,*]->damage:100, move:8, location:[D,8]
    [-11,*]->damage:100, move:2, location:[B,4]
    [-12,*]->damage:100, move:2, location:[D,4]
    [-13,*]->damage:100, move:1, location:[B,3]
    [-14,*]->damage:100, move:1, location:[D,3]
  Friendly Projectile Action:
    A friendly projectile(id:-7) moves: [B,17] -> out of board
    A friendly projectile(id:-8) moves: [D,17] -> out of board
    A friendly projectile(id:-9) moves: [B,4] -> [B,8]
    A friendly projectile(id:-10) moves: [D,4] -> [D,8]
    A friendly projectile(id:-11) moves: [B,3] -> [B,4]
    A friendly projectile(id:-12) moves: [D,3] -> [D,4]
  Enemy Projectile Action:
  Starfighter Action:
    The Starfighter(id:0) fires at location [C,4].
      A friendly projectile(id:-13) spawns at location [B,3].
      A friendly projectile(id:-14) spawns at location [D,3].
  Enemy Action:
  Natural Enemy Spawn:
      1  2  3  4  5  6  7  8  9 10 11 12 13 14 15 16 17 18 19 20 21 22 23 24 25 26 27 28 29 30
    A _  _  _  _  _  _  _  _  _  _  _  _  _  _  _  _  _  _  _  _  _  _  _  _  _  _  _  _  _  _
    B _  _  *  *  _  _  _  *  _  _  _  _  _  _  _  _  _  _  _  _  _  _  _  _  _  _  _  _  _  _
    C _  _  _  S  _  _  _  _  _  _  _  _  _  _  _  _  _  _  _  _  _  _  _  _  _  _  _  _  _  _
    D _  _  *  *  _  _  _  *  _  _  _  _  _  _  _  _  _  _  _  _  _  _  _  _  _  _  _  _  _  _
    E _  _  _  _  _  _  _  _  _  _  _  _  _  _  _  _  _  _  _  _  _  _  _  _  _  _  _  _  _  _
->fire
  state:in game(13.0), debug, ok
  Starfighter:
    [0,S]->health:60/70, energy:29/60, Regen:11/2, Armour:3, Vision:14, Move:9, Move Cost:5, location:[C,4]
      Projectile Pattern:Rocket, Projectile Damage:100, Projectile Cost:10 (health)
      Power:Recall (50 energy): Teleport back to spawn.
      score:0
  Enemy:
  Projectile:
    [-9,*]->damage:100, move:16, location:[B,16]
    [-10,*]->damage:100, move:16, location:[D,16]
    [-11,*]->damage:100, move:4, location:[B,6]
    [-12,*]->damage:100, move:4, location:[D,6]
    [-13,*]->damage:100, move:2, location:[B,4]
    [-14,*]->damage:100, move:2, location:[D,4]
    [-15,*]->damage:100, move:1, location:[B,3]
    [-16,*]->damage:100, move:1, location:[D,3]
  Friendly Projectile Action:
    A friendly projectile(id:-9) moves: [B,8] -> [B,16]
    A friendly projectile(id:-10) moves: [D,8] -> [D,16]
    A friendly projectile(id:-11) moves: [B,4] -> [B,6]
    A friendly projectile(id:-12) moves: [D,4] -> [D,6]
    A friendly projectile(id:-13) moves: [B,3] -> [B,4]
    A friendly projectile(id:-14) moves: [D,3] -> [D,4]
  Enemy Projectile Action:
  Starfighter Action:
    The Starfighter(id:0) fires at location [C,4].
      A friendly projectile(id:-15) spawns at location [B,3].
      A friendly projectile(id:-16) spawns at location [D,3].
  Enemy Action:
  Natural Enemy Spawn:
      1  2  3  4  5  6  7  8  9 10 11 12 13 14 15 16 17 18 19 20 21 22 23 24 25 26 27 28 29 30
    A _  _  _  _  _  _  _  _  _  _  _  _  _  _  _  _  _  _  _  _  _  _  _  _  _  _  _  _  _  _
    B _  _  *  *  _  *  _  _  _  _  _  _  _  _  _  *  _  _  _  _  _  _  _  _  _  _  _  _  _  _
    C _  _  _  S  _  _  _  _  _  _  _  _  _  _  _  _  _  _  _  _  _  _  _  _  _  _  _  _  _  _
    D _  _  *  *  _  *  _  _  _  _  _  _  _  _  _  *  _  _  _  _  _  _  _  _  _  _  _  _  _  _
    E _  _  _  _  _  _  _  _  _  _  _  _  _  _  _  _  _  _  _  _  _  _  _  _  _  _  _  _  _  _
->fire
  state:in game(14.0), debug, ok
  Starfighter:
    [0,S]->health:60/70, energy:31/60, Regen:11/2, Armour:3, Vision:14, Move:9, Move Cost:5, location:[C,4]
      Projectile Pattern:Rocket, Projectile Damage:100, Projectile Cost:10 (health)
      Power:Recall (50 energy): Teleport back to spawn.
      score:0
  Enemy:
  Projectile:
    [-11,*]->damage:100, move:8, location:[B,10]
    [-12,*]->damage:100, move:8, location:[D,10]
    [-13,*]->damage:100, move:4, location:[B,6]
    [-14,*]->damage:100, move:4, location:[D,6]
    [-15,*]->damage:100, move:2, location:[B,4]
    [-16,*]->damage:100, move:2, location:[D,4]
    [-17,*]->damage:100, move:1, location:[B,3]
    [-18,*]->damage:100, move:1, location:[D,3]
  Friendly Projectile Action:
    A friendly projectile(id:-9) moves: [B,16] -> out of board
    A friendly projectile(id:-10) moves: [D,16] -> out of board
    A friendly projectile(id:-11) moves: [B,6] -> [B,10]
    A friendly projectile(id:-12) moves: [D,6] -> [D,10]
    A friendly projectile(id:-13) moves: [B,4] -> [B,6]
    A friendly projectile(id:-14) moves: [D,4] -> [D,6]
    A friendly projectile(id:-15) moves: [B,3] -> [B,4]
    A friendly projectile(id:-16) moves: [D,3] -> [D,4]
  Enemy Projectile Action:
  Starfighter Action:
    The Starfighter(id:0) fires at location [C,4].
      A friendly projectile(id:-17) spawns at location [B,3].
      A friendly projectile(id:-18) spawns at location [D,3].
  Enemy Action:
  Natural Enemy Spawn:
      1  2  3  4  5  6  7  8  9 10 11 12 13 14 15 16 17 18 19 20 21 22 23 24 25 26 27 28 29 30
    A _  _  _  _  _  _  _  _  _  _  _  _  _  _  _  _  _  _  _  _  _  _  _  _  _  _  _  _  _  _
    B _  _  *  *  _  *  _  _  _  *  _  _  _  _  _  _  _  _  _  _  _  _  _  _  _  _  _  _  _  _
    C _  _  _  S  _  _  _  _  _  _  _  _  _  _  _  _  _  _  _  _  _  _  _  _  _  _  _  _  _  _
    D _  _  *  *  _  *  _  _  _  *  _  _  _  _  _  _  _  _  _  _  _  _  _  _  _  _  _  _  _  _
    E _  _  _  _  _  _  _  _  _  _  _  _  _  _  _  _  _  _  _  _  _  _  _  _  _  _  _  _  _  _
->fire
  state:in game(15.0), debug, ok
  Starfighter:
    [0,S]->health:60/70, energy:33/60, Regen:11/2, Armour:3, Vision:14, Move:9, Move Cost:5, location:[C,4]
      Projectile Pattern:Rocket, Projectile Damage:100, Projectile Cost:10 (health)
      Power:Recall (50 energy): Teleport back to spawn.
      score:0
  Enemy:
  Projectile:
    [-11,*]->damage:100, move:16, location:[B,18]
    [-12,*]->damage:100, move:16, location:[D,18]
    [-13,*]->damage:100, move:8, location:[B,10]
    [-14,*]->damage:100, move:8, location:[D,10]
    [-15,*]->damage:100, move:4, location:[B,6]
    [-16,*]->damage:100, move:4, location:[D,6]
    [-17,*]->damage:100, move:2, location:[B,4]
    [-18,*]->damage:100, move:2, location:[D,4]
    [-19,*]->damage:100, move:1, location:[B,3]
    [-20,*]->damage:100, move:1, location:[D,3]
  Friendly Projectile Action:
    A friendly projectile(id:-11) moves: [B,10] -> [B,18]
    A friendly projectile(id:-12) moves: [D,10] -> [D,18]
    A friendly projectile(id:-13) moves: [B,6] -> [B,10]
    A friendly projectile(id:-14) moves: [D,6] -> [D,10]
    A friendly projectile(id:-15) moves: [B,4] -> [B,6]
    A friendly projectile(id:-16) moves: [D,4] -> [D,6]
    A friendly projectile(id:-17) moves: [B,3] -> [B,4]
    A friendly projectile(id:-18) moves: [D,3] -> [D,4]
  Enemy Projectile Action:
  Starfighter Action:
    The Starfighter(id:0) fires at location [C,4].
      A friendly projectile(id:-19) spawns at location [B,3].
      A friendly projectile(id:-20) spawns at location [D,3].
  Enemy Action:
  Natural Enemy Spawn:
      1  2  3  4  5  6  7  8  9 10 11 12 13 14 15 16 17 18 19 20 21 22 23 24 25 26 27 28 29 30
    A _  _  _  _  _  _  _  _  _  _  _  _  _  _  _  _  _  _  _  _  _  _  _  _  _  _  _  _  _  _
    B _  _  *  *  _  *  _  _  _  *  _  _  _  _  _  _  _  *  _  _  _  _  _  _  _  _  _  _  _  _
    C _  _  _  S  _  _  _  _  _  _  _  _  _  _  _  _  _  _  _  _  _  _  _  _  _  _  _  _  _  _
    D _  _  *  *  _  *  _  _  _  *  _  _  _  _  _  _  _  *  _  _  _  _  _  _  _  _  _  _  _  _
    E _  _  _  _  _  _  _  _  _  _  _  _  _  _  _  _  _  _  _  _  _  _  _  _  _  _  _  _  _  _
->fire
  state:in game(16.0), debug, ok
  Starfighter:
    [0,S]->health:60/70, energy:35/60, Regen:11/2, Armour:3, Vision:14, Move:9, Move Cost:5, location:[C,4]
      Projectile Pattern:Rocket, Projectile Damage:100, Projectile Cost:10 (health)
      Power:Recall (50 energy): Teleport back to spawn.
      score:0
  Enemy:
  Projectile:
    [-13,*]->damage:100, move:16, location:[B,18]
    [-14,*]->damage:100, move:16, location:[D,18]
    [-15,*]->damage:100, move:8, location:[B,10]
    [-16,*]->damage:100, move:8, location:[D,10]
    [-17,*]->damage:100, move:4, location:[B,6]
    [-18,*]->damage:100, move:4, location:[D,6]
    [-19,*]->damage:100, move:2, location:[B,4]
    [-20,*]->damage:100, move:2, location:[D,4]
    [-21,*]->damage:100, move:1, location:[B,3]
    [-22,*]->damage:100, move:1, location:[D,3]
  Friendly Projectile Action:
    A friendly projectile(id:-11) moves: [B,18] -> out of board
    A friendly projectile(id:-12) moves: [D,18] -> out of board
    A friendly projectile(id:-13) moves: [B,10] -> [B,18]
    A friendly projectile(id:-14) moves: [D,10] -> [D,18]
    A friendly projectile(id:-15) moves: [B,6] -> [B,10]
    A friendly projectile(id:-16) moves: [D,6] -> [D,10]
    A friendly projectile(id:-17) moves: [B,4] -> [B,6]
    A friendly projectile(id:-18) moves: [D,4] -> [D,6]
    A friendly projectile(id:-19) moves: [B,3] -> [B,4]
    A friendly projectile(id:-20) moves: [D,3] -> [D,4]
  Enemy Projectile Action:
  Starfighter Action:
    The Starfighter(id:0) fires at location [C,4].
      A friendly projectile(id:-21) spawns at location [B,3].
      A friendly projectile(id:-22) spawns at location [D,3].
  Enemy Action:
  Natural Enemy Spawn:
      1  2  3  4  5  6  7  8  9 10 11 12 13 14 15 16 17 18 19 20 21 22 23 24 25 26 27 28 29 30
    A _  _  _  _  _  _  _  _  _  _  _  _  _  _  _  _  _  _  _  _  _  _  _  _  _  _  _  _  _  _
    B _  _  *  *  _  *  _  _  _  *  _  _  _  _  _  _  _  *  _  _  _  _  _  _  _  _  _  _  _  _
    C _  _  _  S  _  _  _  _  _  _  _  _  _  _  _  _  _  _  _  _  _  _  _  _  _  _  _  _  _  _
    D _  _  *  *  _  *  _  _  _  *  _  _  _  _  _  _  _  *  _  _  _  _  _  _  _  _  _  _  _  _
    E _  _  _  _  _  _  _  _  _  _  _  _  _  _  _  _  _  _  _  _  _  _  _  _  _  _  _  _  _  _
->fire
  state:in game(17.0), debug, ok
  Starfighter:
    [0,S]->health:60/70, energy:37/60, Regen:11/2, Armour:3, Vision:14, Move:9, Move Cost:5, location:[C,4]
      Projectile Pattern:Rocket, Projectile Damage:100, Projectile Cost:10 (health)
      Power:Recall (50 energy): Teleport back to spawn.
      score:0
  Enemy:
  Projectile:
    [-15,*]->damage:100, move:16, location:[B,18]
    [-16,*]->damage:100, move:16, location:[D,18]
    [-17,*]->damage:100, move:8, location:[B,10]
    [-18,*]->damage:100, move:8, location:[D,10]
    [-19,*]->damage:100, move:4, location:[B,6]
    [-20,*]->damage:100, move:4, location:[D,6]
    [-21,*]->damage:100, move:2, location:[B,4]
    [-22,*]->damage:100, move:2, location:[D,4]
    [-23,*]->damage:100, move:1, location:[B,3]
    [-24,*]->damage:100, move:1, location:[D,3]
  Friendly Projectile Action:
    A friendly projectile(id:-13) moves: [B,18] -> out of board
    A friendly projectile(id:-14) moves: [D,18] -> out of board
    A friendly projectile(id:-15) moves: [B,10] -> [B,18]
    A friendly projectile(id:-16) moves: [D,10] -> [D,18]
    A friendly projectile(id:-17) moves: [B,6] -> [B,10]
    A friendly projectile(id:-18) moves: [D,6] -> [D,10]
    A friendly projectile(id:-19) moves: [B,4] -> [B,6]
    A friendly projectile(id:-20) moves: [D,4] -> [D,6]
    A friendly projectile(id:-21) moves: [B,3] -> [B,4]
    A friendly projectile(id:-22) moves: [D,3] -> [D,4]
  Enemy Projectile Action:
  Starfighter Action:
    The Starfighter(id:0) fires at location [C,4].
      A friendly projectile(id:-23) spawns at location [B,3].
      A friendly projectile(id:-24) spawns at location [D,3].
  Enemy Action:
  Natural Enemy Spawn:
      1  2  3  4  5  6  7  8  9 10 11 12 13 14 15 16 17 18 19 20 21 22 23 24 25 26 27 28 29 30
    A _  _  _  _  _  _  _  _  _  _  _  _  _  _  _  _  _  _  _  _  _  _  _  _  _  _  _  _  _  _
    B _  _  *  *  _  *  _  _  _  *  _  _  _  _  _  _  _  *  _  _  _  _  _  _  _  _  _  _  _  _
    C _  _  _  S  _  _  _  _  _  _  _  _  _  _  _  _  _  _  _  _  _  _  _  _  _  _  _  _  _  _
    D _  _  *  *  _  *  _  _  _  *  _  _  _  _  _  _  _  *  _  _  _  _  _  _  _  _  _  _  _  _
    E _  _  _  _  _  _  _  _  _  _  _  _  _  _  _  _  _  _  _  _  _  _  _  _  _  _  _  _  _  _
