  state:not started, normal, ok
  Welcome to Space Defender Version 2.
->toggle_debug_mode
  state:not started, debug, ok
  In debug mode.
->play(10,10,1,1,1,1,1)
  state:weapon setup, debug, ok
  1:Standard (A single projectile is fired in front)
    Health:10, Energy:10, Regen:0/1, Armour:0, Vision:1, Move:1, Move Cost:1,
    Projectile Damage:70, Projectile Cost:5 (energy)
  2:Spread (Three projectiles are fired in front, two going diagonal)
    Health:0, Energy:60, Regen:0/2, Armour:1, Vision:0, Move:0, Move Cost:2,
    Projectile Damage:50, Projectile Cost:10 (energy)
  3:Snipe (Fast and high damage projectile, but only travels via teleporting)
    Health:0, Energy:100, Regen:0/5, Armour:0, Vision:10, Move:3, Move Cost:0,
    Projectile Damage:1000, Projectile Cost:20 (energy)
  4:Rocket (Two projectiles appear behind to the sides of the Starfighter and accelerates)
    Health:10, Energy:0, Regen:10/0, Armour:2, Vision:2, Move:0, Move Cost:3,
    Projectile Damage:100, Projectile Cost:10 (health)
  5:Splitter (A single mine projectile is placed in front of the Starfighter)
    Health:0, Energy:100, Regen:0/10, Armour:0, Vision:0, Move:0, Move Cost:5,
    Projectile Damage:150, Projectile Cost:70 (energy)
  Weapon Selected:Standard
->setup_select(3)
  state:weapon setup, debug, ok
  1:Standard (A single projectile is fired in front)
    Health:10, Energy:10, Regen:0/1, Armour:0, Vision:1, Move:1, Move Cost:1,
    Projectile Damage:70, Projectile Cost:5 (energy)
  2:Spread (Three projectiles are fired in front, two going diagonal)
    Health:0, Energy:60, Regen:0/2, Armour:1, Vision:0, Move:0, Move Cost:2,
    Projectile Damage:50, Projectile Cost:10 (energy)
  3:Snipe (Fast and high damage projectile, but only travels via teleporting)
    Health:0, Energy:100, Regen:0/5, Armour:0, Vision:10, Move:3, Move Cost:0,
    Projectile Damage:1000, Projectile Cost:20 (energy)
  4:Rocket (Two projectiles appear behind to the sides of the Starfighter and accelerates)
    Health:10, Energy:0, Regen:10/0, Armour:2, Vision:2, Move:0, Move Cost:3,
    Projectile Damage:100, Projectile Cost:10 (health)
  5:Splitter (A single mine projectile is placed in front of the Starfighter)
    Health:0, Energy:100, Regen:0/10, Armour:0, Vision:0, Move:0, Move Cost:5,
    Projectile Damage:150, Projectile Cost:70 (energy)
  Weapon Selected:Snipe
->setup_next(1)
  state:armour setup, debug, ok
  1:None
    Health:50, Energy:0, Regen:1/0, Armour:0, Vision:0, Move:1, Move Cost:0
  2:Light
    Health:75, Energy:0, Regen:2/0, Armour:3, Vision:0, Move:0, Move Cost:1
  3:Medium
    Health:100, Energy:0, Regen:3/0, Armour:5, Vision:0, Move:0, Move Cost:3
  4:Heavy
    Health:200, Energy:0, Regen:4/0, Armour:10, Vision:0, Move:-1, Move Cost:5
  Armour Selected:None
->setup_select(4)
  state:armour setup, debug, ok
  1:None
    Health:50, Energy:0, Regen:1/0, Armour:0, Vision:0, Move:1, Move Cost:0
  2:Light
    Health:75, Energy:0, Regen:2/0, Armour:3, Vision:0, Move:0, Move Cost:1
  3:Medium
    Health:100, Energy:0, Regen:3/0, Armour:5, Vision:0, Move:0, Move Cost:3
  4:Heavy
    Health:200, Energy:0, Regen:4/0, Armour:10, Vision:0, Move:-1, Move Cost:5
  Armour Selected:Heavy
->setup_next(2)
  state:power setup, debug, ok
  1:Recall (50 energy): Teleport back to spawn.
  2:Repair (50 energy): Gain 50 health, can go over max health. Health regen will not be in effect if over cap.
  3:Overcharge (up to 50 health): Gain 2*health spent energy, can go over max energy. Energy regen will not be in effect if over cap.
  4:Deploy Drones (100 energy): Clear all projectiles.
  5:Orbital Strike (100 energy): Deal 100 damage to all enemies, affected by armour.
  Power Selected:Recall (50 energy): Teleport back to spawn.
->setup_select(3)
  state:power setup, debug, ok
  1:Recall (50 energy): Teleport back to spawn.
  2:Repair (50 energy): Gain 50 health, can go over max health. Health regen will not be in effect if over cap.
  3:Overcharge (up to 50 health): Gain 2*health spent energy, can go over max energy. Energy regen will not be in effect if over cap.
  4:Deploy Drones (100 energy): Clear all projectiles.
  5:Orbital Strike (100 energy): Deal 100 damage to all enemies, affected by armour.
  Power Selected:Overcharge (up to 50 health): Gain 2*health spent energy, can go over max energy. Energy regen will not be in effect if over cap.
->setup_next(1)
  state:setup summary, debug, ok
  Weapon Selected:Snipe
  Armour Selected:Heavy
  Engine Selected:Standard
  Power Selected:Overcharge (up to 50 health): Gain 2*health spent energy, can go over max energy. Energy regen will not be in effect if over cap.
->setup_next(1)
  state:in game(0.0), debug, ok
  Starfighter:
    [0,S]->health:210/210, energy:160/160, Regen:4/7, Armour:11, Vision:22, Move:10, Move Cost:7, location:[E,1]
      Projectile Pattern:Snipe, Projectile Damage:1000, Projectile Cost:20 (energy)
      Power:Overcharge (up to 50 health): Gain 2*health spent energy, can go over max energy. Energy regen will not be in effect if over cap.
      score:0
  Enemy:
  Projectile:
  Friendly Projectile Action:
  Enemy Projectile Action:
  Starfighter Action:
  Enemy Action:
  Natural Enemy Spawn:
      1  2  3  4  5  6  7  8  9 10
    A _  _  _  _  _  _  _  _  _  _
    B _  _  _  _  _  _  _  _  _  _
    C _  _  _  _  _  _  _  _  _  _
    D _  _  _  _  _  _  _  _  _  _
    E S  _  _  _  _  _  _  _  _  _
    F _  _  _  _  _  _  _  _  _  _
    G _  _  _  _  _  _  _  _  _  _
    H _  _  _  _  _  _  _  _  _  _
    I _  _  _  _  _  _  _  _  _  _
    J _  _  _  _  _  _  _  _  _  _
->special
  state:in game(1.0), debug, ok
  Starfighter:
    [0,S]->health:160/210, energy:260/160, Regen:4/7, Armour:11, Vision:22, Move:10, Move Cost:7, location:[E,1]
      Projectile Pattern:Snipe, Projectile Damage:1000, Projectile Cost:20 (energy)
      Power:Overcharge (up to 50 health): Gain 2*health spent energy, can go over max energy. Energy regen will not be in effect if over cap.
      score:0
  Enemy:
  Projectile:
  Friendly Projectile Action:
  Enemy Projectile Action:
  Starfighter Action:
    The Starfighter(id:0) uses special, gaining 100 energy at the expense of 50 health.
  Enemy Action:
  Natural Enemy Spawn:
      1  2  3  4  5  6  7  8  9 10
    A _  _  _  _  _  _  _  _  _  _
    B _  _  _  _  _  _  _  _  _  _
    C _  _  _  _  _  _  _  _  _  _
    D _  _  _  _  _  _  _  _  _  _
    E S  _  _  _  _  _  _  _  _  _
    F _  _  _  _  _  _  _  _  _  _
    G _  _  _  _  _  _  _  _  _  _
    H _  _  _  _  _  _  _  _  _  _
    I _  _  _  _  _  _  _  _  _  _
    J _  _  _  _  _  _  _  _  _  _
->fire
  state:in game(2.0), debug, ok
  Starfighter:
    [0,S]->health:164/210, energy:240/160, Regen:4/7, Armour:11, Vision:22, Move:10, Move Cost:7, location:[E,1]
      Projectile Pattern:Snipe, Projectile Damage:1000, Projectile Cost:20 (energy)
      Power:Overcharge (up to 50 health): Gain 2*health spent energy, can go over max energy. Energy regen will not be in effect if over cap.
      score:0
  Enemy:
  Projectile:
    [-1,*]->damage:1000, move:8, location:[E,2]
  Friendly Projectile Action:
  Enemy Projectile Action:
  Starfighter Action:
    The Starfighter(id:0) fires at location [E,1].
      A friendly projectile(id:-1) spawns at location [E,2].
  Enemy Action:
  Natural Enemy Spawn:
      1  2  3  4  5  6  7  8  9 10
    A _  _  _  _  _  _  _  _  _  _
    B _  _  _  _  _  _  _  _  _  _
    C _  _  _  _  _  _  _  _  _  _
    D _  _  _  _  _  _  _  _  _  _
    E S  *  _  _  _  _  _  _  _  _
    F _  _  _  _  _  _  _  _  _  _
    G _  _  _  _  _  _  _  _  _  _
    H _  _  _  _  _  _  _  _  _  _
    I _  _  _  _  _  _  _  _  _  _
    J _  _  _  _  _  _  _  _  _  _
->move(D,1)
  state:in game(3.0), debug, ok
  Starfighter:
    [0,S]->health:168/210, energy:233/160, Regen:4/7, Armour:11, Vision:22, Move:10, Move Cost:7, location:[D,1]
      Projectile Pattern:Snipe, Projectile Damage:1000, Projectile Cost:20 (energy)
      Power:Overcharge (up to 50 health): Gain 2*health spent energy, can go over max energy. Energy regen will not be in effect if over cap.
      score:0
  Enemy:
  Projectile:
    [-1,*]->damage:1000, move:8, location:[E,10]
  Friendly Projectile Action:
    A friendly projectile(id:-1) moves: [E,2] -> [E,10]
  Enemy Projectile Action:
  Starfighter Action:
    The Starfighter(id:0) moves: [E,1] -> [D,1]
  Enemy Action:
  Natural Enemy Spawn:
      1  2  3  4  5  6  7  8  9 10
    A _  _  _  _  _  _  _  _  _  _
    B _  _  _  _  _  _  _  _  _  _
    C _  _  _  _  _  _  _  _  _  _
    D S  _  _  _  _  _  _  _  _  _
    E _  _  _  _  _  _  _  _  _  *
    F _  _  _  _  _  _  _  _  _  _
    G _  _  _  _  _  _  _  _  _  _
    H _  _  _  _  _  _  _  _  _  _
    I _  _  _  _  _  _  _  _  _  _
    J _  _  _  _  _  _  _  _  _  _
->special
  state:in game(4.0), debug, ok
  Starfighter:
    [0,S]->health:122/210, energy:333/160, Regen:4/7, Armour:11, Vision:22, Move:10, Move Cost:7, location:[D,1]
      Projectile Pattern:Snipe, Projectile Damage:1000, Projectile Cost:20 (energy)
      Power:Overcharge (up to 50 health): Gain 2*health spent energy, can go over max energy. Energy regen will not be in effect if over cap.
      score:0
  Enemy:
  Projectile:
  Friendly Projectile Action:
    A friendly projectile(id:-1) moves: [E,10] -> out of board
  Enemy Projectile Action:
  Starfighter Action:
    The Starfighter(id:0) uses special, gaining 100 energy at the expense of 50 health.
  Enemy Action:
  Natural Enemy Spawn:
      1  2  3  4  5  6  7  8  9 10
    A _  _  _  _  _  _  _  _  _  _
    B _  _  _  _  _  _  _  _  _  _
    C _  _  _  _  _  _  _  _  _  _
    D S  _  _  _  _  _  _  _  _  _
    E _  _  _  _  _  _  _  _  _  _
    F _  _  _  _  _  _  _  _  _  _
    G _  _  _  _  _  _  _  _  _  _
    H _  _  _  _  _  _  _  _  _  _
    I _  _  _  _  _  _  _  _  _  _
    J _  _  _  _  _  _  _  _  _  _
->fire
  state:in game(5.0), debug, ok
  Starfighter:
    [0,S]->health:126/210, energy:313/160, Regen:4/7, Armour:11, Vision:22, Move:10, Move Cost:7, location:[D,1]
      Projectile Pattern:Snipe, Projectile Damage:1000, Projectile Cost:20 (energy)
      Power:Overcharge (up to 50 health): Gain 2*health spent energy, can go over max energy. Energy regen will not be in effect if over cap.
      score:0
  Enemy:
  Projectile:
    [-2,*]->damage:1000, move:8, location:[D,2]
  Friendly Projectile Action:
  Enemy Projectile Action:
  Starfighter Action:
    The Starfighter(id:0) fires at location [D,1].
      A friendly projectile(id:-2) spawns at location [D,2].
  Enemy Action:
  Natural Enemy Spawn:
      1  2  3  4  5  6  7  8  9 10
    A _  _  _  _  _  _  _  _  _  _
    B _  _  _  _  _  _  _  _  _  _
    C _  _  _  _  _  _  _  _  _  _
    D S  *  _  _  _  _  _  _  _  _
    E _  _  _  _  _  _  _  _  _  _
    F _  _  _  _  _  _  _  _  _  _
    G _  _  _  _  _  _  _  _  _  _
    H _  _  _  _  _  _  _  _  _  _
    I _  _  _  _  _  _  _  _  _  _
    J _  _  _  _  _  _  _  _  _  _
->move(D,2)
  state:in game(6.0), debug, ok
  Starfighter:
    [0,S]->health:130/210, energy:306/160, Regen:4/7, Armour:11, Vision:22, Move:10, Move Cost:7, location:[D,2]
      Projectile Pattern:Snipe, Projectile Damage:1000, Projectile Cost:20 (energy)
      Power:Overcharge (up to 50 health): Gain 2*health spent energy, can go over max energy. Energy regen will not be in effect if over cap.
      score:0
  Enemy:
  Projectile:
    [-2,*]->damage:1000, move:8, location:[D,10]
  Friendly Projectile Action:
    A friendly projectile(id:-2) moves: [D,2] -> [D,10]
  Enemy Projectile Action:
  Starfighter Action:
    The Starfighter(id:0) moves: [D,1] -> [D,2]
  Enemy Action:
  Natural Enemy Spawn:
      1  2  3  4  5  6  7  8  9 10
    A _  _  _  _  _  _  _  _  _  _
    B _  _  _  _  _  _  _  _  _  _
    C _  _  _  _  _  _  _  _  _  _
    D _  S  _  _  _  _  _  _  _  *
    E _  _  _  _  _  _  _  _  _  _
    F _  _  _  _  _  _  _  _  _  _
    G _  _  _  _  _  _  _  _  _  _
    H _  _  _  _  _  _  _  _  _  _
    I _  _  _  _  _  _  _  _  _  _
    J _  _  _  _  _  _  _  _  _  _
