  state:not started, normal, ok
  Welcome to Space Defender Version 2.
->toggle_debug_mode
  state:not started, debug, ok
  In debug mode.
->play(5,11,1,1,1,2,2)
  state:weapon setup, debug, ok
  1:Standard (A single projectile is fired in front)
    Health:10, Energy:10, Regen:0/1, Armour:0, Vision:1, Move:1, Move Cost:1,
    Projectile Damage:70, Projectile Cost:5 (energy)
  2:Spread (Three projectiles are fired in front, two going diagonal)
    Health:0, Energy:60, Regen:0/2, Armour:1, Vision:0, Move:0, Move Cost:2,
    Projectile Damage:50, Projectile Cost:10 (energy)
  3:Snipe (Fast and high damage projectile, but only travels via teleporting)
    Health:0, Energy:100, Regen:0/5, Armour:0, Vision:10, Move:3, Move Cost:0,
    Projectile Damage:1000, Projectile Cost:20 (energy)
  4:Rocket (Two projectiles appear behind to the sides of the Starfighter and accelerates)
    Health:10, Energy:0, Regen:10/0, Armour:2, Vision:2, Move:0, Move Cost:3,
    Projectile Damage:100, Projectile Cost:10 (health)
  5:Splitter (A single mine projectile is placed in front of the Starfighter)
    Health:0, Energy:100, Regen:0/10, Armour:0, Vision:0, Move:0, Move Cost:5,
    Projectile Damage:150, Projectile Cost:70 (energy)
  Weapon Selected:Standard
->setup_select(3)
  state:weapon setup, debug, ok
  1:Standard (A single projectile is fired in front)
    Health:10, Energy:10, Regen:0/1, Armour:0, Vision:1, Move:1, Move Cost:1,
    Projectile Damage:70, Projectile Cost:5 (energy)
  2:Spread (Three projectiles are fired in front, two going diagonal)
    Health:0, Energy:60, Regen:0/2, Armour:1, Vision:0, Move:0, Move Cost:2,
    Projectile Damage:50, Projectile Cost:10 (energy)
  3:Snipe (Fast and high damage projectile, but only travels via teleporting)
    Health:0, Energy:100, Regen:0/5, Armour:0, Vision:10, Move:3, Move Cost:0,
    Projectile Damage:1000, Projectile Cost:20 (energy)
  4:Rocket (Two projectiles appear behind to the sides of the Starfighter and accelerates)
    Health:10, Energy:0, Regen:10/0, Armour:2, Vision:2, Move:0, Move Cost:3,
    Projectile Damage:100, Projectile Cost:10 (health)
  5:Splitter (A single mine projectile is placed in front of the Starfighter)
    Health:0, Energy:100, Regen:0/10, Armour:0, Vision:0, Move:0, Move Cost:5,
    Projectile Damage:150, Projectile Cost:70 (energy)
  Weapon Selected:Snipe
->setup_next(3)
  state:power setup, debug, ok
  1:Recall (50 energy): Teleport back to spawn.
  2:Repair (50 energy): Gain 50 health, can go over max health. Health regen will not be in effect if over cap.
  3:Overcharge (up to 50 health): Gain 2*health spent energy, can go over max energy. Energy regen will not be in effect if over cap.
  4:Deploy Drones (100 energy): Clear all projectiles.
  5:Orbital Strike (100 energy): Deal 100 damage to all enemies, affected by armour.
  Power Selected:Recall (50 energy): Teleport back to spawn.
->setup_select(2)
  state:power setup, debug, ok
  1:Recall (50 energy): Teleport back to spawn.
  2:Repair (50 energy): Gain 50 health, can go over max health. Health regen will not be in effect if over cap.
  3:Overcharge (up to 50 health): Gain 2*health spent energy, can go over max energy. Energy regen will not be in effect if over cap.
  4:Deploy Drones (100 energy): Clear all projectiles.
  5:Orbital Strike (100 energy): Deal 100 damage to all enemies, affected by armour.
  Power Selected:Repair (50 energy): Gain 50 health, can go over max health. Health regen will not be in effect if over cap.
->setup_next(1)
  state:setup summary, debug, ok
  Weapon Selected:Snipe
  Armour Selected:None
  Engine Selected:Standard
  Power Selected:Repair (50 energy): Gain 50 health, can go over max health. Health regen will not be in effect if over cap.
->setup_next(1)
  state:in game(0.0), debug, ok
  Starfighter:
    [0,S]->health:60/60, energy:160/160, Regen:1/7, Armour:1, Vision:22, Move:12, Move Cost:2, location:[C,1]
      Projectile Pattern:Snipe, Projectile Damage:1000, Projectile Cost:20 (energy)
      Power:Repair (50 energy): Gain 50 health, can go over max health. Health regen will not be in effect if over cap.
      score:0
  Enemy:
  Projectile:
  Friendly Projectile Action:
  Enemy Projectile Action:
  Starfighter Action:
  Enemy Action:
  Natural Enemy Spawn:
      1  2  3  4  5  6  7  8  9 10 11
    A _  _  _  _  _  _  _  _  _  _  _
    B _  _  _  _  _  _  _  _  _  _  _
    C S  _  _  _  _  _  _  _  _  _  _
    D _  _  _  _  _  _  _  _  _  _  _
    E _  _  _  _  _  _  _  _  _  _  _
->move(C,3)
  state:in game(1.0), debug, ok
  Starfighter:
    [0,S]->health:60/60, energy:156/160, Regen:1/7, Armour:1, Vision:22, Move:12, Move Cost:2, location:[C,3]
      Projectile Pattern:Snipe, Projectile Damage:1000, Projectile Cost:20 (energy)
      Power:Repair (50 energy): Gain 50 health, can go over max health. Health regen will not be in effect if over cap.
      score:0
  Enemy:
    [1,I]->health:50/50, Regen:0, Armour:0, Vision:5, seen_by_Starfighter:T, can_see_Starfighter:F, location:[A,11]
  Projectile:
  Friendly Projectile Action:
  Enemy Projectile Action:
  Starfighter Action:
    The Starfighter(id:0) moves: [C,1] -> [C,3]
  Enemy Action:
  Natural Enemy Spawn:
    A Interceptor(id:1) spawns at location [A,11].
      1  2  3  4  5  6  7  8  9 10 11
    A _  _  _  _  _  _  _  _  _  _  I
    B _  _  _  _  _  _  _  _  _  _  _
    C _  _  S  _  _  _  _  _  _  _  _
    D _  _  _  _  _  _  _  _  _  _  _
    E _  _  _  _  _  _  _  _  _  _  _
->fire
  state:in game(2.0), debug, ok
  Starfighter:
    [0,S]->health:60/60, energy:140/160, Regen:1/7, Armour:1, Vision:22, Move:12, Move Cost:2, location:[C,3]
      Projectile Pattern:Snipe, Projectile Damage:1000, Projectile Cost:20 (energy)
      Power:Repair (50 energy): Gain 50 health, can go over max health. Health regen will not be in effect if over cap.
      score:0
  Enemy:
    [1,I]->health:50/50, Regen:0, Armour:0, Vision:5, seen_by_Starfighter:T, can_see_Starfighter:F, location:[C,11]
  Projectile:
    [-1,*]->damage:1000, move:8, location:[C,4]
  Friendly Projectile Action:
  Enemy Projectile Action:
  Starfighter Action:
    The Starfighter(id:0) fires at location [C,3].
      A friendly projectile(id:-1) spawns at location [C,4].
  Enemy Action:
    A Interceptor(id:1) moves: [A,11] -> [C,11]
  Natural Enemy Spawn:
      1  2  3  4  5  6  7  8  9 10 11
    A _  _  _  _  _  _  _  _  _  _  _
    B _  _  _  _  _  _  _  _  _  _  _
    C _  _  S  *  _  _  _  _  _  _  I
    D _  _  _  _  _  _  _  _  _  _  _
    E _  _  _  _  _  _  _  _  _  _  _
->move(C,1)
  state:in game(3.0), debug, ok
  Starfighter:
    [0,S]->health:60/60, energy:143/160, Regen:1/7, Armour:1, Vision:22, Move:12, Move Cost:2, location:[C,1]
      Projectile Pattern:Snipe, Projectile Damage:1000, Projectile Cost:20 (energy)
      Power:Repair (50 energy): Gain 50 health, can go over max health. Health regen will not be in effect if over cap.
      score:0
  Enemy:
    [1,I]->health:50/50, Regen:0, Armour:0, Vision:5, seen_by_Starfighter:T, can_see_Starfighter:F, location:[C,8]
  Projectile:
  Friendly Projectile Action:
    A friendly projectile(id:-1) moves: [C,4] -> out of board
  Enemy Projectile Action:
  Starfighter Action:
    The Starfighter(id:0) moves: [C,3] -> [C,1]
  Enemy Action:
    A Interceptor(id:1) moves: [C,11] -> [C,8]
  Natural Enemy Spawn:
      1  2  3  4  5  6  7  8  9 10 11
    A _  _  _  _  _  _  _  _  _  _  _
    B _  _  _  _  _  _  _  _  _  _  _
    C S  _  _  _  _  _  _  I  _  _  _
    D _  _  _  _  _  _  _  _  _  _  _
    E _  _  _  _  _  _  _  _  _  _  _
->pass
  state:in game(4.0), debug, ok
  Starfighter:
    [0,S]->health:60/60, energy:157/160, Regen:1/7, Armour:1, Vision:22, Move:12, Move Cost:2, location:[C,1]
      Projectile Pattern:Snipe, Projectile Damage:1000, Projectile Cost:20 (energy)
      Power:Repair (50 energy): Gain 50 health, can go over max health. Health regen will not be in effect if over cap.
      score:0
  Enemy:
    [1,I]->health:50/50, Regen:0, Armour:0, Vision:5, seen_by_Starfighter:T, can_see_Starfighter:T, location:[C,5]
  Projectile:
  Friendly Projectile Action:
  Enemy Projectile Action:
  Starfighter Action:
    The Starfighter(id:0) passes at location [C,1], doubling regen rate.
  Enemy Action:
    A Interceptor(id:1) moves: [C,8] -> [C,5]
  Natural Enemy Spawn:
      1  2  3  4  5  6  7  8  9 10 11
    A _  _  _  _  _  _  _  _  _  _  _
    B _  _  _  _  _  _  _  _  _  _  _
    C S  _  _  _  I  _  _  _  _  _  _
    D _  _  _  _  _  _  _  _  _  _  _
    E _  _  _  _  _  _  _  _  _  _  _
->pass
  state:in game(5.0), debug, ok
  Starfighter:
    [0,S]->health:60/60, energy:160/160, Regen:1/7, Armour:1, Vision:22, Move:12, Move Cost:2, location:[C,1]
      Projectile Pattern:Snipe, Projectile Damage:1000, Projectile Cost:20 (energy)
      Power:Repair (50 energy): Gain 50 health, can go over max health. Health regen will not be in effect if over cap.
      score:0
  Enemy:
    [1,I]->health:50/50, Regen:0, Armour:0, Vision:5, seen_by_Starfighter:T, can_see_Starfighter:T, location:[C,2]
  Projectile:
  Friendly Projectile Action:
  Enemy Projectile Action:
  Starfighter Action:
    The Starfighter(id:0) passes at location [C,1], doubling regen rate.
  Enemy Action:
    A Interceptor(id:1) moves: [C,5] -> [C,2]
  Natural Enemy Spawn:
      1  2  3  4  5  6  7  8  9 10 11
    A _  _  _  _  _  _  _  _  _  _  _
    B _  _  _  _  _  _  _  _  _  _  _
    C S  I  _  _  _  _  _  _  _  _  _
    D _  _  _  _  _  _  _  _  _  _  _
    E _  _  _  _  _  _  _  _  _  _  _
->pass
  state:in game(6.0), debug, ok
  Starfighter:
    [0,S]->health:10/60, energy:160/160, Regen:1/7, Armour:1, Vision:22, Move:12, Move Cost:2, location:[C,1]
      Projectile Pattern:Snipe, Projectile Damage:1000, Projectile Cost:20 (energy)
      Power:Repair (50 energy): Gain 50 health, can go over max health. Health regen will not be in effect if over cap.
      score:1
  Enemy:
  Projectile:
  Friendly Projectile Action:
  Enemy Projectile Action:
  Starfighter Action:
    The Starfighter(id:0) passes at location [C,1], doubling regen rate.
  Enemy Action:
    A Interceptor(id:1) moves: [C,2] -> [C,1]
      The Interceptor collides with Starfighter(id:0) at location [C,1], trading 50 damage.
      The Interceptor at location [C,1] has been destroyed.
  Natural Enemy Spawn:
      1  2  3  4  5  6  7  8  9 10 11
    A _  _  _  _  _  _  _  _  _  _  _
    B _  _  _  _  _  _  _  _  _  _  _
    C S  _  _  _  _  _  _  _  _  _  _
    D _  _  _  _  _  _  _  _  _  _  _
    E _  _  _  _  _  _  _  _  _  _  _
->special
  state:in game(7.0), debug, ok
  Starfighter:
    [0,S]->health:61/60, energy:110/160, Regen:1/7, Armour:1, Vision:22, Move:12, Move Cost:2, location:[C,1]
      Projectile Pattern:Snipe, Projectile Damage:1000, Projectile Cost:20 (energy)
      Power:Repair (50 energy): Gain 50 health, can go over max health. Health regen will not be in effect if over cap.
      score:1
  Enemy:
  Projectile:
  Friendly Projectile Action:
  Enemy Projectile Action:
  Starfighter Action:
    The Starfighter(id:0) uses special, gaining 50 health.
  Enemy Action:
  Natural Enemy Spawn:
      1  2  3  4  5  6  7  8  9 10 11
    A _  _  _  _  _  _  _  _  _  _  _
    B _  _  _  _  _  _  _  _  _  _  _
    C S  _  _  _  _  _  _  _  _  _  _
    D _  _  _  _  _  _  _  _  _  _  _
    E _  _  _  _  _  _  _  _  _  _  _
