  state:not started, normal, ok
  Welcome to Space Defender Version 2.
->toggle_debug_mode
  state:not started, debug, ok
  In debug mode.
->play(5,18,1,2,2,2,2)
  state:weapon setup, debug, ok
  1:Standard (A single projectile is fired in front)
    Health:10, Energy:10, Regen:0/1, Armour:0, Vision:1, Move:1, Move Cost:1,
    Projectile Damage:70, Projectile Cost:5 (energy)
  2:Spread (Three projectiles are fired in front, two going diagonal)
    Health:0, Energy:60, Regen:0/2, Armour:1, Vision:0, Move:0, Move Cost:2,
    Projectile Damage:50, Projectile Cost:10 (energy)
  3:Snipe (Fast and high damage projectile, but only travels via teleporting)
    Health:0, Energy:100, Regen:0/5, Armour:0, Vision:10, Move:3, Move Cost:0,
    Projectile Damage:1000, Projectile Cost:20 (energy)
  4:Rocket (Two projectiles appear behind to the sides of the Starfighter and accelerates)
    Health:10, Energy:0, Regen:10/0, Armour:2, Vision:2, Move:0, Move Cost:3,
    Projectile Damage:100, Projectile Cost:10 (health)
  5:Splitter (A single mine projectile is placed in front of the Starfighter)
    Health:0, Energy:100, Regen:0/10, Armour:0, Vision:0, Move:0, Move Cost:5,
    Projectile Damage:150, Projectile Cost:70 (energy)
  Weapon Selected:Standard
->setup_next(5)
  state:in game(0.0), debug, ok
  Starfighter:
    [0,S]->health:70/70, energy:70/70, Regen:1/3, Armour:1, Vision:13, Move:10, Move Cost:3, location:[C,1]
      Projectile Pattern:Standard, Projectile Damage:70, Projectile Cost:5 (energy)
      Power:Recall (50 energy): Teleport back to spawn.
      score:0
  Enemy:
  Projectile:
  Friendly Projectile Action:
  Enemy Projectile Action:
  Starfighter Action:
  Enemy Action:
  Natural Enemy Spawn:
      1  2  3  4  5  6  7  8  9 10 11 12 13 14 15 16 17 18
    A _  _  _  _  _  _  _  _  _  _  _  _  _  _  _  _  _  _
    B _  _  _  _  _  _  _  _  _  _  _  _  _  _  _  _  _  _
    C S  _  _  _  _  _  _  _  _  _  _  _  _  _  _  _  _  _
    D _  _  _  _  _  _  _  _  _  _  _  _  _  _  _  _  _  _
    E _  _  _  _  _  _  _  _  _  _  _  _  _  _  _  _  _  _
->move(A,2)
  state:in game(1.0), debug, ok
  Starfighter:
    [0,S]->health:70/70, energy:61/70, Regen:1/3, Armour:1, Vision:13, Move:10, Move Cost:3, location:[A,2]
      Projectile Pattern:Standard, Projectile Damage:70, Projectile Cost:5 (energy)
      Power:Recall (50 energy): Teleport back to spawn.
      score:0
  Enemy:
    [1,F]->health:150/150, Regen:5, Armour:10, Vision:10, seen_by_Starfighter:F, can_see_Starfighter:F, location:[A,18]
  Projectile:
  Friendly Projectile Action:
  Enemy Projectile Action:
  Starfighter Action:
    The Starfighter(id:0) moves: [C,1] -> [A,2]
  Enemy Action:
  Natural Enemy Spawn:
    A Fighter(id:1) spawns at location [A,18].
      1  2  3  4  5  6  7  8  9 10 11 12 13 14 15 16 17 18
    A _  S  _  _  _  _  _  _  _  _  _  _  _  _  _  _  _  F
    B _  _  _  _  _  _  _  _  _  _  _  _  _  _  _  _  _  _
    C _  _  _  _  _  _  _  _  _  _  _  _  _  _  _  _  _  _
    D _  _  _  _  _  _  _  _  _  _  _  _  _  _  _  _  _  _
    E _  _  _  _  _  _  _  _  _  _  _  _  _  _  _  _  _  _
->fire
  state:in game(2.0), debug, ok
  Starfighter:
    [0,S]->health:70/70, energy:59/70, Regen:1/3, Armour:1, Vision:13, Move:10, Move Cost:3, location:[A,2]
      Projectile Pattern:Standard, Projectile Damage:70, Projectile Cost:5 (energy)
      Power:Recall (50 energy): Teleport back to spawn.
      score:0
  Enemy:
    [1,F]->health:150/150, Regen:5, Armour:11, Vision:10, seen_by_Starfighter:T, can_see_Starfighter:F, location:[A,15]
  Projectile:
    [-1,*]->damage:70, move:5, location:[A,3]
    [-2,<]->damage:20, move:3, location:[A,14]
  Friendly Projectile Action:
  Enemy Projectile Action:
  Starfighter Action:
    The Starfighter(id:0) fires at location [A,2].
      A friendly projectile(id:-1) spawns at location [A,3].
  Enemy Action:
    A Fighter(id:1) gains 1 armour.
    A Fighter(id:1) moves: [A,18] -> [A,15]
      A enemy projectile(id:-2) spawns at location [A,14].
  Natural Enemy Spawn:
      1  2  3  4  5  6  7  8  9 10 11 12 13 14 15 16 17 18
    A _  S  *  _  _  _  _  _  _  _  _  _  _  <  F  _  _  _
    B _  _  _  _  _  _  _  _  _  _  _  _  _  _  _  _  _  _
    C _  _  _  _  _  _  _  _  _  _  _  _  _  _  _  _  _  _
    D _  _  _  _  _  _  _  _  _  _  _  _  _  _  _  _  _  _
    E _  _  _  _  _  _  _  _  _  _  _  _  _  _  _  _  _  _
->pass
  state:in game(3.0), debug, ok
  Starfighter:
    [0,S]->health:70/70, energy:65/70, Regen:1/3, Armour:1, Vision:13, Move:10, Move Cost:3, location:[A,2]
      Projectile Pattern:Standard, Projectile Damage:70, Projectile Cost:5 (energy)
      Power:Recall (50 energy): Teleport back to spawn.
      score:0
  Enemy:
    [1,F]->health:150/150, Regen:5, Armour:11, Vision:10, seen_by_Starfighter:T, can_see_Starfighter:T, location:[A,9]
  Projectile:
    [-3,<]->damage:30, move:10, location:[A,8]
  Friendly Projectile Action:
    A friendly projectile(id:-1) moves: [A,3] -> [A,8]
  Enemy Projectile Action:
    A enemy projectile(id:-2) moves: [A,14] -> [A,11]
  Starfighter Action:
    The Starfighter(id:0) passes at location [A,2], doubling regen rate.
  Enemy Action:
    A Fighter(id:1) moves: [A,15] -> [A,9]
      The Fighter collides with enemy projectile(id:-2) at location [A,11], healing 20 damage.
      A enemy projectile(id:-3) spawns at location [A,8].
      The projectile collides with friendly projectile(id:-1) at location [A,8], negating damage.
  Natural Enemy Spawn:
      1  2  3  4  5  6  7  8  9 10 11 12 13 14 15 16 17 18
    A _  S  _  _  _  _  _  <  F  _  _  _  _  _  _  _  _  _
    B _  _  _  _  _  _  _  _  _  _  _  _  _  _  _  _  _  _
    C _  _  _  _  _  _  _  _  _  _  _  _  _  _  _  _  _  _
    D _  _  _  _  _  _  _  _  _  _  _  _  _  _  _  _  _  _
    E _  _  _  _  _  _  _  _  _  _  _  _  _  _  _  _  _  _
