  state:not started, normal, ok
  Welcome to Space Defender Version 2.
->toggle_debug_mode
  state:not started, debug, ok
  In debug mode.
->play(5,10,1,1,1,2,2)
  state:weapon setup, debug, ok
  1:Standard (A single projectile is fired in front)
    Health:10, Energy:10, Regen:0/1, Armour:0, Vision:1, Move:1, Move Cost:1,
    Projectile Damage:70, Projectile Cost:5 (energy)
  2:Spread (Three projectiles are fired in front, two going diagonal)
    Health:0, Energy:60, Regen:0/2, Armour:1, Vision:0, Move:0, Move Cost:2,
    Projectile Damage:50, Projectile Cost:10 (energy)
  3:Snipe (Fast and high damage projectile, but only travels via teleporting)
    Health:0, Energy:100, Regen:0/5, Armour:0, Vision:10, Move:3, Move Cost:0,
    Projectile Damage:1000, Projectile Cost:20 (energy)
  4:Rocket (Two projectiles appear behind to the sides of the Starfighter and accelerates)
    Health:10, Energy:0, Regen:10/0, Armour:2, Vision:2, Move:0, Move Cost:3,
    Projectile Damage:100, Projectile Cost:10 (health)
  5:Splitter (A single mine projectile is placed in front of the Starfighter)
    Health:0, Energy:100, Regen:0/10, Armour:0, Vision:0, Move:0, Move Cost:5,
    Projectile Damage:150, Projectile Cost:70 (energy)
  Weapon Selected:Standard
->setup_next(5)
  state:in game(0.0), debug, ok
  Starfighter:
    [0,S]->health:70/70, energy:70/70, Regen:1/3, Armour:1, Vision:13, Move:10, Move Cost:3, location:[C,1]
      Projectile Pattern:Standard, Projectile Damage:70, Projectile Cost:5 (energy)
      Power:Recall (50 energy): Teleport back to spawn.
      score:0
  Enemy:
  Projectile:
  Friendly Projectile Action:
  Enemy Projectile Action:
  Starfighter Action:
  Enemy Action:
  Natural Enemy Spawn:
      1  2  3  4  5  6  7  8  9 10
    A _  _  _  _  _  _  _  _  _  _
    B _  _  _  _  _  _  _  _  _  _
    C S  _  _  _  _  _  _  _  _  _
    D _  _  _  _  _  _  _  _  _  _
    E _  _  _  _  _  _  _  _  _  _
->move(B,6)
  state:in game(1.0), debug, ok
  Starfighter:
    [0,S]->health:70/70, energy:52/70, Regen:1/3, Armour:1, Vision:13, Move:10, Move Cost:3, location:[B,6]
      Projectile Pattern:Standard, Projectile Damage:70, Projectile Cost:5 (energy)
      Power:Recall (50 energy): Teleport back to spawn.
      score:0
  Enemy:
    [1,I]->health:50/50, Regen:0, Armour:0, Vision:5, seen_by_Starfighter:T, can_see_Starfighter:T, location:[A,10]
  Projectile:
  Friendly Projectile Action:
  Enemy Projectile Action:
  Starfighter Action:
    The Starfighter(id:0) moves: [C,1] -> [B,6]
  Enemy Action:
  Natural Enemy Spawn:
    A Interceptor(id:1) spawns at location [A,10].
      1  2  3  4  5  6  7  8  9 10
    A _  _  _  _  _  _  _  _  _  I
    B _  _  _  _  _  S  _  _  _  _
    C _  _  _  _  _  _  _  _  _  _
    D _  _  _  _  _  _  _  _  _  _
    E _  _  _  _  _  _  _  _  _  _
->pass
  state:in game(2.0), debug, ok
  Starfighter:
    [0,S]->health:70/70, energy:58/70, Regen:1/3, Armour:1, Vision:13, Move:10, Move Cost:3, location:[B,6]
      Projectile Pattern:Standard, Projectile Damage:70, Projectile Cost:5 (energy)
      Power:Recall (50 energy): Teleport back to spawn.
      score:0
  Enemy:
    [1,I]->health:50/50, Regen:0, Armour:0, Vision:5, seen_by_Starfighter:T, can_see_Starfighter:T, location:[A,7]
  Projectile:
  Friendly Projectile Action:
  Enemy Projectile Action:
  Starfighter Action:
    The Starfighter(id:0) passes at location [B,6], doubling regen rate.
  Enemy Action:
    A Interceptor(id:1) moves: [A,10] -> [A,7]
  Natural Enemy Spawn:
      1  2  3  4  5  6  7  8  9 10
    A _  _  _  _  _  _  I  _  _  _
    B _  _  _  _  _  S  _  _  _  _
    C _  _  _  _  _  _  _  _  _  _
    D _  _  _  _  _  _  _  _  _  _
    E _  _  _  _  _  _  _  _  _  _
->pass
  state:in game(3.0), debug, ok
  Starfighter:
    [0,S]->health:70/70, energy:64/70, Regen:1/3, Armour:1, Vision:13, Move:10, Move Cost:3, location:[B,6]
      Projectile Pattern:Standard, Projectile Damage:70, Projectile Cost:5 (energy)
      Power:Recall (50 energy): Teleport back to spawn.
      score:0
  Enemy:
    [1,I]->health:50/50, Regen:0, Armour:0, Vision:5, seen_by_Starfighter:T, can_see_Starfighter:T, location:[A,4]
  Projectile:
  Friendly Projectile Action:
  Enemy Projectile Action:
  Starfighter Action:
    The Starfighter(id:0) passes at location [B,6], doubling regen rate.
  Enemy Action:
    A Interceptor(id:1) moves: [A,7] -> [A,4]
  Natural Enemy Spawn:
      1  2  3  4  5  6  7  8  9 10
    A _  _  _  I  _  _  _  _  _  _
    B _  _  _  _  _  S  _  _  _  _
    C _  _  _  _  _  _  _  _  _  _
    D _  _  _  _  _  _  _  _  _  _
    E _  _  _  _  _  _  _  _  _  _
->pass
  state:in game(4.0), debug, ok
  Starfighter:
    [0,S]->health:70/70, energy:70/70, Regen:1/3, Armour:1, Vision:13, Move:10, Move Cost:3, location:[B,6]
      Projectile Pattern:Standard, Projectile Damage:70, Projectile Cost:5 (energy)
      Power:Recall (50 energy): Teleport back to spawn.
      score:0
  Enemy:
    [1,I]->health:50/50, Regen:0, Armour:0, Vision:5, seen_by_Starfighter:T, can_see_Starfighter:F, location:[A,1]
  Projectile:
  Friendly Projectile Action:
  Enemy Projectile Action:
  Starfighter Action:
    The Starfighter(id:0) passes at location [B,6], doubling regen rate.
  Enemy Action:
    A Interceptor(id:1) moves: [A,4] -> [A,1]
  Natural Enemy Spawn:
      1  2  3  4  5  6  7  8  9 10
    A I  _  _  _  _  _  _  _  _  _
    B _  _  _  _  _  S  _  _  _  _
    C _  _  _  _  _  _  _  _  _  _
    D _  _  _  _  _  _  _  _  _  _
    E _  _  _  _  _  _  _  _  _  _
->fire
  state:in game(5.0), debug, ok
  Starfighter:
    [0,S]->health:70/70, energy:65/70, Regen:1/3, Armour:1, Vision:13, Move:10, Move Cost:3, location:[B,6]
      Projectile Pattern:Standard, Projectile Damage:70, Projectile Cost:5 (energy)
      Power:Recall (50 energy): Teleport back to spawn.
      score:0
  Enemy:
    [1,I]->health:50/50, Regen:0, Armour:0, Vision:5, seen_by_Starfighter:T, can_see_Starfighter:T, location:[B,1]
  Projectile:
    [-1,*]->damage:70, move:5, location:[B,7]
  Friendly Projectile Action:
  Enemy Projectile Action:
  Starfighter Action:
    The Starfighter(id:0) fires at location [B,6].
      A friendly projectile(id:-1) spawns at location [B,7].
  Enemy Action:
    A Interceptor(id:1) moves: [A,1] -> [B,1]
  Natural Enemy Spawn:
      1  2  3  4  5  6  7  8  9 10
    A _  _  _  _  _  _  _  _  _  _
    B I  _  _  _  _  S  *  _  _  _
    C _  _  _  _  _  _  _  _  _  _
    D _  _  _  _  _  _  _  _  _  _
    E _  _  _  _  _  _  _  _  _  _
->pass
  state:in game(6.0), debug, ok
  Starfighter:
    [0,S]->health:70/70, energy:70/70, Regen:1/3, Armour:1, Vision:13, Move:10, Move Cost:3, location:[B,6]
      Projectile Pattern:Standard, Projectile Damage:70, Projectile Cost:5 (energy)
      Power:Recall (50 energy): Teleport back to spawn.
      score:0
  Enemy:
  Projectile:
  Friendly Projectile Action:
    A friendly projectile(id:-1) moves: [B,7] -> out of board
  Enemy Projectile Action:
  Starfighter Action:
    The Starfighter(id:0) passes at location [B,6], doubling regen rate.
  Enemy Action:
    A Interceptor(id:1) moves: [B,1] -> out of board
  Natural Enemy Spawn:
      1  2  3  4  5  6  7  8  9 10
    A _  _  _  _  _  _  _  _  _  _
    B _  _  _  _  _  S  _  _  _  _
    C _  _  _  _  _  _  _  _  _  _
    D _  _  _  _  _  _  _  _  _  _
    E _  _  _  _  _  _  _  _  _  _
