  state:not started, normal, ok
  Welcome to Space Defender Version 2.
->toggle_debug_mode
  state:not started, debug, ok
  In debug mode.
->play(5,30,1,1,1,101,101)
  state:weapon setup, debug, ok
  1:Standard (A single projectile is fired in front)
    Health:10, Energy:10, Regen:0/1, Armour:0, Vision:1, Move:1, Move Cost:1,
    Projectile Damage:70, Projectile Cost:5 (energy)
  2:Spread (Three projectiles are fired in front, two going diagonal)
    Health:0, Energy:60, Regen:0/2, Armour:1, Vision:0, Move:0, Move Cost:2,
    Projectile Damage:50, Projectile Cost:10 (energy)
  3:Snipe (Fast and high damage projectile, but only travels via teleporting)
    Health:0, Energy:100, Regen:0/5, Armour:0, Vision:10, Move:3, Move Cost:0,
    Projectile Damage:1000, Projectile Cost:20 (energy)
  4:Rocket (Two projectiles appear behind to the sides of the Starfighter and accelerates)
    Health:10, Energy:0, Regen:10/0, Armour:2, Vision:2, Move:0, Move Cost:3,
    Projectile Damage:100, Projectile Cost:10 (health)
  5:Splitter (A single mine projectile is placed in front of the Starfighter)
    Health:0, Energy:100, Regen:0/10, Armour:0, Vision:0, Move:0, Move Cost:5,
    Projectile Damage:150, Projectile Cost:70 (energy)
  Weapon Selected:Standard
->setup_select(2)
  state:weapon setup, debug, ok
  1:Standard (A single projectile is fired in front)
    Health:10, Energy:10, Regen:0/1, Armour:0, Vision:1, Move:1, Move Cost:1,
    Projectile Damage:70, Projectile Cost:5 (energy)
  2:Spread (Three projectiles are fired in front, two going diagonal)
    Health:0, Energy:60, Regen:0/2, Armour:1, Vision:0, Move:0, Move Cost:2,
    Projectile Damage:50, Projectile Cost:10 (energy)
  3:Snipe (Fast and high damage projectile, but only travels via teleporting)
    Health:0, Energy:100, Regen:0/5, Armour:0, Vision:10, Move:3, Move Cost:0,
    Projectile Damage:1000, Projectile Cost:20 (energy)
  4:Rocket (Two projectiles appear behind to the sides of the Starfighter and accelerates)
    Health:10, Energy:0, Regen:10/0, Armour:2, Vision:2, Move:0, Move Cost:3,
    Projectile Damage:100, Projectile Cost:10 (health)
  5:Splitter (A single mine projectile is placed in front of the Starfighter)
    Health:0, Energy:100, Regen:0/10, Armour:0, Vision:0, Move:0, Move Cost:5,
    Projectile Damage:150, Projectile Cost:70 (energy)
  Weapon Selected:Spread
->setup_next(5)
  state:in game(0.0), debug, ok
  Starfighter:
    [0,S]->health:60/60, energy:120/120, Regen:1/4, Armour:2, Vision:12, Move:9, Move Cost:4, location:[C,1]
      Projectile Pattern:Spread, Projectile Damage:50, Projectile Cost:10 (energy)
      Power:Recall (50 energy): Teleport back to spawn.
      score:0
  Enemy:
  Projectile:
  Friendly Projectile Action:
  Enemy Projectile Action:
  Starfighter Action:
  Enemy Action:
  Natural Enemy Spawn:
      1  2  3  4  5  6  7  8  9 10 11 12 13 14 15 16 17 18 19 20 21 22 23 24 25 26 27 28 29 30
    A _  _  _  _  _  _  _  _  _  _  _  _  _  _  _  _  _  _  _  _  _  _  _  _  _  _  _  _  _  _
    B _  _  _  _  _  _  _  _  _  _  _  _  _  _  _  _  _  _  _  _  _  _  _  _  _  _  _  _  _  _
    C S  _  _  _  _  _  _  _  _  _  _  _  _  _  _  _  _  _  _  _  _  _  _  _  _  _  _  _  _  _
    D _  _  _  _  _  _  _  _  _  _  _  _  _  _  _  _  _  _  _  _  _  _  _  _  _  _  _  _  _  _
    E _  _  _  _  _  _  _  _  _  _  _  _  _  _  _  _  _  _  _  _  _  _  _  _  _  _  _  _  _  _
->fire
  state:in game(1.0), debug, ok
  Starfighter:
    [0,S]->health:60/60, energy:110/120, Regen:1/4, Armour:2, Vision:12, Move:9, Move Cost:4, location:[C,1]
      Projectile Pattern:Spread, Projectile Damage:50, Projectile Cost:10 (energy)
      Power:Recall (50 energy): Teleport back to spawn.
      score:0
  Enemy:
    [1,I]->health:50/50, Regen:0, Armour:0, Vision:5, seen_by_Starfighter:F, can_see_Starfighter:F, location:[A,30]
  Projectile:
    [-1,*]->damage:50, move:1, location:[B,2]
    [-2,*]->damage:50, move:1, location:[C,2]
    [-3,*]->damage:50, move:1, location:[D,2]
  Friendly Projectile Action:
  Enemy Projectile Action:
  Starfighter Action:
    The Starfighter(id:0) fires at location [C,1].
      A friendly projectile(id:-1) spawns at location [B,2].
      A friendly projectile(id:-2) spawns at location [C,2].
      A friendly projectile(id:-3) spawns at location [D,2].
  Enemy Action:
  Natural Enemy Spawn:
    A Interceptor(id:1) spawns at location [A,30].
      1  2  3  4  5  6  7  8  9 10 11 12 13 14 15 16 17 18 19 20 21 22 23 24 25 26 27 28 29 30
    A _  _  _  _  _  _  _  _  _  _  _  _  _  _  _  _  _  _  _  _  _  _  _  _  _  _  _  _  _  I
    B _  *  _  _  _  _  _  _  _  _  _  _  _  _  _  _  _  _  _  _  _  _  _  _  _  _  _  _  _  _
    C S  *  _  _  _  _  _  _  _  _  _  _  _  _  _  _  _  _  _  _  _  _  _  _  _  _  _  _  _  _
    D _  *  _  _  _  _  _  _  _  _  _  _  _  _  _  _  _  _  _  _  _  _  _  _  _  _  _  _  _  _
    E _  _  _  _  _  _  _  _  _  _  _  _  _  _  _  _  _  _  _  _  _  _  _  _  _  _  _  _  _  _
->fire
  state:in game(2.0), debug, ok
  Starfighter:
    [0,S]->health:60/60, energy:104/120, Regen:1/4, Armour:2, Vision:12, Move:9, Move Cost:4, location:[C,1]
      Projectile Pattern:Spread, Projectile Damage:50, Projectile Cost:10 (energy)
      Power:Recall (50 energy): Teleport back to spawn.
      score:0
  Enemy:
    [1,I]->health:50/50, Regen:0, Armour:0, Vision:5, seen_by_Starfighter:F, can_see_Starfighter:F, location:[C,30]
    [2,I]->health:50/50, Regen:0, Armour:0, Vision:5, seen_by_Starfighter:F, can_see_Starfighter:F, location:[A,30]
  Projectile:
    [-1,*]->damage:50, move:1, location:[A,3]
    [-2,*]->damage:50, move:1, location:[C,3]
    [-3,*]->damage:50, move:1, location:[E,3]
    [-4,*]->damage:50, move:1, location:[B,2]
    [-5,*]->damage:50, move:1, location:[C,2]
    [-6,*]->damage:50, move:1, location:[D,2]
  Friendly Projectile Action:
    A friendly projectile(id:-1) moves: [B,2] -> [A,3]
    A friendly projectile(id:-2) moves: [C,2] -> [C,3]
    A friendly projectile(id:-3) moves: [D,2] -> [E,3]
  Enemy Projectile Action:
  Starfighter Action:
    The Starfighter(id:0) fires at location [C,1].
      A friendly projectile(id:-4) spawns at location [B,2].
      A friendly projectile(id:-5) spawns at location [C,2].
      A friendly projectile(id:-6) spawns at location [D,2].
  Enemy Action:
    A Interceptor(id:1) moves: [A,30] -> [C,30]
  Natural Enemy Spawn:
    A Interceptor(id:2) spawns at location [A,30].
      1  2  3  4  5  6  7  8  9 10 11 12 13 14 15 16 17 18 19 20 21 22 23 24 25 26 27 28 29 30
    A _  _  *  _  _  _  _  _  _  _  _  _  _  _  _  _  _  _  _  _  _  _  _  _  _  _  _  _  _  I
    B _  *  _  _  _  _  _  _  _  _  _  _  _  _  _  _  _  _  _  _  _  _  _  _  _  _  _  _  _  _
    C S  *  *  _  _  _  _  _  _  _  _  _  _  _  _  _  _  _  _  _  _  _  _  _  _  _  _  _  _  I
    D _  *  _  _  _  _  _  _  _  _  _  _  _  _  _  _  _  _  _  _  _  _  _  _  _  _  _  _  _  _
    E _  _  *  _  _  _  _  _  _  _  _  _  _  _  _  _  _  _  _  _  _  _  _  _  _  _  _  _  _  _
->fire
  state:in game(3.0), debug, ok
  Starfighter:
    [0,S]->health:60/60, energy:98/120, Regen:1/4, Armour:2, Vision:12, Move:9, Move Cost:4, location:[C,1]
      Projectile Pattern:Spread, Projectile Damage:50, Projectile Cost:10 (energy)
      Power:Recall (50 energy): Teleport back to spawn.
      score:0
  Enemy:
    [1,I]->health:50/50, Regen:0, Armour:0, Vision:5, seen_by_Starfighter:F, can_see_Starfighter:F, location:[C,30]
    [2,I]->health:50/50, Regen:0, Armour:0, Vision:5, seen_by_Starfighter:F, can_see_Starfighter:F, location:[B,30]
  Projectile:
    [-2,*]->damage:50, move:1, location:[C,4]
    [-4,*]->damage:50, move:1, location:[A,3]
    [-5,*]->damage:50, move:1, location:[C,3]
    [-6,*]->damage:50, move:1, location:[E,3]
    [-7,*]->damage:50, move:1, location:[B,2]
    [-8,*]->damage:50, move:1, location:[C,2]
    [-9,*]->damage:50, move:1, location:[D,2]
  Friendly Projectile Action:
    A friendly projectile(id:-1) moves: [A,3] -> out of board
    A friendly projectile(id:-2) moves: [C,3] -> [C,4]
    A friendly projectile(id:-3) moves: [E,3] -> out of board
    A friendly projectile(id:-4) moves: [B,2] -> [A,3]
    A friendly projectile(id:-5) moves: [C,2] -> [C,3]
    A friendly projectile(id:-6) moves: [D,2] -> [E,3]
  Enemy Projectile Action:
  Starfighter Action:
    The Starfighter(id:0) fires at location [C,1].
      A friendly projectile(id:-7) spawns at location [B,2].
      A friendly projectile(id:-8) spawns at location [C,2].
      A friendly projectile(id:-9) spawns at location [D,2].
  Enemy Action:
    A Interceptor(id:1) stays at: [C,30]
    A Interceptor(id:2) moves: [A,30] -> [B,30]
  Natural Enemy Spawn:
      1  2  3  4  5  6  7  8  9 10 11 12 13 14 15 16 17 18 19 20 21 22 23 24 25 26 27 28 29 30
    A _  _  *  _  _  _  _  _  _  _  _  _  _  _  _  _  _  _  _  _  _  _  _  _  _  _  _  _  _  _
    B _  *  _  _  _  _  _  _  _  _  _  _  _  _  _  _  _  _  _  _  _  _  _  _  _  _  _  _  _  I
    C S  *  *  *  _  _  _  _  _  _  _  _  _  _  _  _  _  _  _  _  _  _  _  _  _  _  _  _  _  I
    D _  *  _  _  _  _  _  _  _  _  _  _  _  _  _  _  _  _  _  _  _  _  _  _  _  _  _  _  _  _
    E _  _  *  _  _  _  _  _  _  _  _  _  _  _  _  _  _  _  _  _  _  _  _  _  _  _  _  _  _  _
->fire
  state:in game(4.0), debug, ok
  Starfighter:
    [0,S]->health:60/60, energy:92/120, Regen:1/4, Armour:2, Vision:12, Move:9, Move Cost:4, location:[C,1]
      Projectile Pattern:Spread, Projectile Damage:50, Projectile Cost:10 (energy)
      Power:Recall (50 energy): Teleport back to spawn.
      score:0
  Enemy:
    [1,I]->health:50/50, Regen:0, Armour:0, Vision:5, seen_by_Starfighter:F, can_see_Starfighter:F, location:[C,30]
    [2,I]->health:50/50, Regen:0, Armour:0, Vision:5, seen_by_Starfighter:F, can_see_Starfighter:F, location:[B,30]
  Projectile:
    [-2,*]->damage:50, move:1, location:[C,5]
    [-5,*]->damage:50, move:1, location:[C,4]
    [-7,*]->damage:50, move:1, location:[A,3]
    [-8,*]->damage:50, move:1, location:[C,3]
    [-9,*]->damage:50, move:1, location:[E,3]
    [-10,*]->damage:50, move:1, location:[B,2]
    [-11,*]->damage:50, move:1, location:[C,2]
    [-12,*]->damage:50, move:1, location:[D,2]
  Friendly Projectile Action:
    A friendly projectile(id:-2) moves: [C,4] -> [C,5]
    A friendly projectile(id:-4) moves: [A,3] -> out of board
    A friendly projectile(id:-5) moves: [C,3] -> [C,4]
    A friendly projectile(id:-6) moves: [E,3] -> out of board
    A friendly projectile(id:-7) moves: [B,2] -> [A,3]
    A friendly projectile(id:-8) moves: [C,2] -> [C,3]
    A friendly projectile(id:-9) moves: [D,2] -> [E,3]
  Enemy Projectile Action:
  Starfighter Action:
    The Starfighter(id:0) fires at location [C,1].
      A friendly projectile(id:-10) spawns at location [B,2].
      A friendly projectile(id:-11) spawns at location [C,2].
      A friendly projectile(id:-12) spawns at location [D,2].
  Enemy Action:
    A Interceptor(id:1) stays at: [C,30]
    A Interceptor(id:2) stays at: [B,30]
  Natural Enemy Spawn:
      1  2  3  4  5  6  7  8  9 10 11 12 13 14 15 16 17 18 19 20 21 22 23 24 25 26 27 28 29 30
    A _  _  *  _  _  _  _  _  _  _  _  _  _  _  _  _  _  _  _  _  _  _  _  _  _  _  _  _  _  _
    B _  *  _  _  _  _  _  _  _  _  _  _  _  _  _  _  _  _  _  _  _  _  _  _  _  _  _  _  _  I
    C S  *  *  *  *  _  _  _  _  _  _  _  _  _  _  _  _  _  _  _  _  _  _  _  _  _  _  _  _  I
    D _  *  _  _  _  _  _  _  _  _  _  _  _  _  _  _  _  _  _  _  _  _  _  _  _  _  _  _  _  _
    E _  _  *  _  _  _  _  _  _  _  _  _  _  _  _  _  _  _  _  _  _  _  _  _  _  _  _  _  _  _
->fire
  state:in game(5.0), debug, ok
  Starfighter:
    [0,S]->health:60/60, energy:86/120, Regen:1/4, Armour:2, Vision:12, Move:9, Move Cost:4, location:[C,1]
      Projectile Pattern:Spread, Projectile Damage:50, Projectile Cost:10 (energy)
      Power:Recall (50 energy): Teleport back to spawn.
      score:0
  Enemy:
    [1,I]->health:50/50, Regen:0, Armour:0, Vision:5, seen_by_Starfighter:F, can_see_Starfighter:F, location:[C,30]
    [2,I]->health:50/50, Regen:0, Armour:0, Vision:5, seen_by_Starfighter:F, can_see_Starfighter:F, location:[B,30]
    [3,I]->health:50/50, Regen:0, Armour:0, Vision:5, seen_by_Starfighter:F, can_see_Starfighter:F, location:[D,30]
  Projectile:
    [-2,*]->damage:50, move:1, location:[C,6]
    [-5,*]->damage:50, move:1, location:[C,5]
    [-8,*]->damage:50, move:1, location:[C,4]
    [-10,*]->damage:50, move:1, location:[A,3]
    [-11,*]->damage:50, move:1, location:[C,3]
    [-12,*]->damage:50, move:1, location:[E,3]
    [-13,*]->damage:50, move:1, location:[B,2]
    [-14,*]->damage:50, move:1, location:[C,2]
    [-15,*]->damage:50, move:1, location:[D,2]
  Friendly Projectile Action:
    A friendly projectile(id:-2) moves: [C,5] -> [C,6]
    A friendly projectile(id:-5) moves: [C,4] -> [C,5]
    A friendly projectile(id:-7) moves: [A,3] -> out of board
    A friendly projectile(id:-8) moves: [C,3] -> [C,4]
    A friendly projectile(id:-9) moves: [E,3] -> out of board
    A friendly projectile(id:-10) moves: [B,2] -> [A,3]
    A friendly projectile(id:-11) moves: [C,2] -> [C,3]
    A friendly projectile(id:-12) moves: [D,2] -> [E,3]
  Enemy Projectile Action:
  Starfighter Action:
    The Starfighter(id:0) fires at location [C,1].
      A friendly projectile(id:-13) spawns at location [B,2].
      A friendly projectile(id:-14) spawns at location [C,2].
      A friendly projectile(id:-15) spawns at location [D,2].
  Enemy Action:
    A Interceptor(id:1) stays at: [C,30]
    A Interceptor(id:2) stays at: [B,30]
  Natural Enemy Spawn:
    A Interceptor(id:3) spawns at location [D,30].
      1  2  3  4  5  6  7  8  9 10 11 12 13 14 15 16 17 18 19 20 21 22 23 24 25 26 27 28 29 30
    A _  _  *  _  _  _  _  _  _  _  _  _  _  _  _  _  _  _  _  _  _  _  _  _  _  _  _  _  _  _
    B _  *  _  _  _  _  _  _  _  _  _  _  _  _  _  _  _  _  _  _  _  _  _  _  _  _  _  _  _  I
    C S  *  *  *  *  *  _  _  _  _  _  _  _  _  _  _  _  _  _  _  _  _  _  _  _  _  _  _  _  I
    D _  *  _  _  _  _  _  _  _  _  _  _  _  _  _  _  _  _  _  _  _  _  _  _  _  _  _  _  _  I
    E _  _  *  _  _  _  _  _  _  _  _  _  _  _  _  _  _  _  _  _  _  _  _  _  _  _  _  _  _  _
->fire
  state:in game(6.0), debug, ok
  Starfighter:
    [0,S]->health:60/60, energy:80/120, Regen:1/4, Armour:2, Vision:12, Move:9, Move Cost:4, location:[C,1]
      Projectile Pattern:Spread, Projectile Damage:50, Projectile Cost:10 (energy)
      Power:Recall (50 energy): Teleport back to spawn.
      score:0
  Enemy:
    [1,I]->health:50/50, Regen:0, Armour:0, Vision:5, seen_by_Starfighter:F, can_see_Starfighter:F, location:[C,30]
    [2,I]->health:50/50, Regen:0, Armour:0, Vision:5, seen_by_Starfighter:F, can_see_Starfighter:F, location:[B,30]
    [3,I]->health:50/50, Regen:0, Armour:0, Vision:5, seen_by_Starfighter:F, can_see_Starfighter:F, location:[D,30]
    [4,I]->health:50/50, Regen:0, Armour:0, Vision:5, seen_by_Starfighter:F, can_see_Starfighter:F, location:[A,30]
  Projectile:
    [-2,*]->damage:50, move:1, location:[C,7]
    [-5,*]->damage:50, move:1, location:[C,6]
    [-8,*]->damage:50, move:1, location:[C,5]
    [-11,*]->damage:50, move:1, location:[C,4]
    [-13,*]->damage:50, move:1, location:[A,3]
    [-14,*]->damage:50, move:1, location:[C,3]
    [-15,*]->damage:50, move:1, location:[E,3]
    [-16,*]->damage:50, move:1, location:[B,2]
    [-17,*]->damage:50, move:1, location:[C,2]
    [-18,*]->damage:50, move:1, location:[D,2]
  Friendly Projectile Action:
    A friendly projectile(id:-2) moves: [C,6] -> [C,7]
    A friendly projectile(id:-5) moves: [C,5] -> [C,6]
    A friendly projectile(id:-8) moves: [C,4] -> [C,5]
    A friendly projectile(id:-10) moves: [A,3] -> out of board
    A friendly projectile(id:-11) moves: [C,3] -> [C,4]
    A friendly projectile(id:-12) moves: [E,3] -> out of board
    A friendly projectile(id:-13) moves: [B,2] -> [A,3]
    A friendly projectile(id:-14) moves: [C,2] -> [C,3]
    A friendly projectile(id:-15) moves: [D,2] -> [E,3]
  Enemy Projectile Action:
  Starfighter Action:
    The Starfighter(id:0) fires at location [C,1].
      A friendly projectile(id:-16) spawns at location [B,2].
      A friendly projectile(id:-17) spawns at location [C,2].
      A friendly projectile(id:-18) spawns at location [D,2].
  Enemy Action:
    A Interceptor(id:1) stays at: [C,30]
    A Interceptor(id:2) stays at: [B,30]
    A Interceptor(id:3) stays at: [D,30]
  Natural Enemy Spawn:
    A Interceptor(id:4) spawns at location [A,30].
      1  2  3  4  5  6  7  8  9 10 11 12 13 14 15 16 17 18 19 20 21 22 23 24 25 26 27 28 29 30
    A _  _  *  _  _  _  _  _  _  _  _  _  _  _  _  _  _  _  _  _  _  _  _  _  _  _  _  _  _  I
    B _  *  _  _  _  _  _  _  _  _  _  _  _  _  _  _  _  _  _  _  _  _  _  _  _  _  _  _  _  I
    C S  *  *  *  *  *  *  _  _  _  _  _  _  _  _  _  _  _  _  _  _  _  _  _  _  _  _  _  _  I
    D _  *  _  _  _  _  _  _  _  _  _  _  _  _  _  _  _  _  _  _  _  _  _  _  _  _  _  _  _  I
    E _  _  *  _  _  _  _  _  _  _  _  _  _  _  _  _  _  _  _  _  _  _  _  _  _  _  _  _  _  _
->fire
  state:in game(7.0), debug, ok
  Starfighter:
    [0,S]->health:60/60, energy:74/120, Regen:1/4, Armour:2, Vision:12, Move:9, Move Cost:4, location:[C,1]
      Projectile Pattern:Spread, Projectile Damage:50, Projectile Cost:10 (energy)
      Power:Recall (50 energy): Teleport back to spawn.
      score:0
  Enemy:
    [1,I]->health:50/50, Regen:0, Armour:0, Vision:5, seen_by_Starfighter:F, can_see_Starfighter:F, location:[C,30]
    [2,I]->health:50/50, Regen:0, Armour:0, Vision:5, seen_by_Starfighter:F, can_see_Starfighter:F, location:[B,30]
    [3,I]->health:50/50, Regen:0, Armour:0, Vision:5, seen_by_Starfighter:F, can_see_Starfighter:F, location:[D,30]
    [4,I]->health:50/50, Regen:0, Armour:0, Vision:5, seen_by_Starfighter:F, can_see_Starfighter:F, location:[A,30]
  Projectile:
    [-2,*]->damage:50, move:1, location:[C,8]
    [-5,*]->damage:50, move:1, location:[C,7]
    [-8,*]->damage:50, move:1, location:[C,6]
    [-11,*]->damage:50, move:1, location:[C,5]
    [-14,*]->damage:50, move:1, location:[C,4]
    [-16,*]->damage:50, move:1, location:[A,3]
    [-17,*]->damage:50, move:1, location:[C,3]
    [-18,*]->damage:50, move:1, location:[E,3]
    [-19,*]->damage:50, move:1, location:[B,2]
    [-20,*]->damage:50, move:1, location:[C,2]
    [-21,*]->damage:50, move:1, location:[D,2]
  Friendly Projectile Action:
    A friendly projectile(id:-2) moves: [C,7] -> [C,8]
    A friendly projectile(id:-5) moves: [C,6] -> [C,7]
    A friendly projectile(id:-8) moves: [C,5] -> [C,6]
    A friendly projectile(id:-11) moves: [C,4] -> [C,5]
    A friendly projectile(id:-13) moves: [A,3] -> out of board
    A friendly projectile(id:-14) moves: [C,3] -> [C,4]
    A friendly projectile(id:-15) moves: [E,3] -> out of board
    A friendly projectile(id:-16) moves: [B,2] -> [A,3]
    A friendly projectile(id:-17) moves: [C,2] -> [C,3]
    A friendly projectile(id:-18) moves: [D,2] -> [E,3]
  Enemy Projectile Action:
  Starfighter Action:
    The Starfighter(id:0) fires at location [C,1].
      A friendly projectile(id:-19) spawns at location [B,2].
      A friendly projectile(id:-20) spawns at location [C,2].
      A friendly projectile(id:-21) spawns at location [D,2].
  Enemy Action:
    A Interceptor(id:1) stays at: [C,30]
    A Interceptor(id:2) stays at: [B,30]
    A Interceptor(id:3) stays at: [D,30]
    A Interceptor(id:4) stays at: [A,30]
  Natural Enemy Spawn:
      1  2  3  4  5  6  7  8  9 10 11 12 13 14 15 16 17 18 19 20 21 22 23 24 25 26 27 28 29 30
    A _  _  *  _  _  _  _  _  _  _  _  _  _  _  _  _  _  _  _  _  _  _  _  _  _  _  _  _  _  I
    B _  *  _  _  _  _  _  _  _  _  _  _  _  _  _  _  _  _  _  _  _  _  _  _  _  _  _  _  _  I
    C S  *  *  *  *  *  *  *  _  _  _  _  _  _  _  _  _  _  _  _  _  _  _  _  _  _  _  _  _  I
    D _  *  _  _  _  _  _  _  _  _  _  _  _  _  _  _  _  _  _  _  _  _  _  _  _  _  _  _  _  I
    E _  _  *  _  _  _  _  _  _  _  _  _  _  _  _  _  _  _  _  _  _  _  _  _  _  _  _  _  _  _
->fire
  state:in game(8.0), debug, ok
  Starfighter:
    [0,S]->health:60/60, energy:68/120, Regen:1/4, Armour:2, Vision:12, Move:9, Move Cost:4, location:[C,1]
      Projectile Pattern:Spread, Projectile Damage:50, Projectile Cost:10 (energy)
      Power:Recall (50 energy): Teleport back to spawn.
      score:0
  Enemy:
    [1,I]->health:50/50, Regen:0, Armour:0, Vision:5, seen_by_Starfighter:F, can_see_Starfighter:F, location:[C,30]
    [2,I]->health:50/50, Regen:0, Armour:0, Vision:5, seen_by_Starfighter:F, can_see_Starfighter:F, location:[B,30]
    [3,I]->health:50/50, Regen:0, Armour:0, Vision:5, seen_by_Starfighter:F, can_see_Starfighter:F, location:[D,30]
    [4,I]->health:50/50, Regen:0, Armour:0, Vision:5, seen_by_Starfighter:F, can_see_Starfighter:F, location:[A,30]
    [5,I]->health:50/50, Regen:0, Armour:0, Vision:5, seen_by_Starfighter:F, can_see_Starfighter:F, location:[E,30]
  Projectile:
    [-2,*]->damage:50, move:1, location:[C,9]
    [-5,*]->damage:50, move:1, location:[C,8]
    [-8,*]->damage:50, move:1, location:[C,7]
    [-11,*]->damage:50, move:1, location:[C,6]
    [-14,*]->damage:50, move:1, location:[C,5]
    [-17,*]->damage:50, move:1, location:[C,4]
    [-19,*]->damage:50, move:1, location:[A,3]
    [-20,*]->damage:50, move:1, location:[C,3]
    [-21,*]->damage:50, move:1, location:[E,3]
    [-22,*]->damage:50, move:1, location:[B,2]
    [-23,*]->damage:50, move:1, location:[C,2]
    [-24,*]->damage:50, move:1, location:[D,2]
  Friendly Projectile Action:
    A friendly projectile(id:-2) moves: [C,8] -> [C,9]
    A friendly projectile(id:-5) moves: [C,7] -> [C,8]
    A friendly projectile(id:-8) moves: [C,6] -> [C,7]
    A friendly projectile(id:-11) moves: [C,5] -> [C,6]
    A friendly projectile(id:-14) moves: [C,4] -> [C,5]
    A friendly projectile(id:-16) moves: [A,3] -> out of board
    A friendly projectile(id:-17) moves: [C,3] -> [C,4]
    A friendly projectile(id:-18) moves: [E,3] -> out of board
    A friendly projectile(id:-19) moves: [B,2] -> [A,3]
    A friendly projectile(id:-20) moves: [C,2] -> [C,3]
    A friendly projectile(id:-21) moves: [D,2] -> [E,3]
  Enemy Projectile Action:
  Starfighter Action:
    The Starfighter(id:0) fires at location [C,1].
      A friendly projectile(id:-22) spawns at location [B,2].
      A friendly projectile(id:-23) spawns at location [C,2].
      A friendly projectile(id:-24) spawns at location [D,2].
  Enemy Action:
    A Interceptor(id:1) stays at: [C,30]
    A Interceptor(id:2) stays at: [B,30]
    A Interceptor(id:3) stays at: [D,30]
    A Interceptor(id:4) stays at: [A,30]
  Natural Enemy Spawn:
    A Interceptor(id:5) spawns at location [E,30].
      1  2  3  4  5  6  7  8  9 10 11 12 13 14 15 16 17 18 19 20 21 22 23 24 25 26 27 28 29 30
    A _  _  *  _  _  _  _  _  _  _  _  _  _  _  _  _  _  _  _  _  _  _  _  _  _  _  _  _  _  I
    B _  *  _  _  _  _  _  _  _  _  _  _  _  _  _  _  _  _  _  _  _  _  _  _  _  _  _  _  _  I
    C S  *  *  *  *  *  *  *  *  _  _  _  _  _  _  _  _  _  _  _  _  _  _  _  _  _  _  _  _  I
    D _  *  _  _  _  _  _  _  _  _  _  _  _  _  _  _  _  _  _  _  _  _  _  _  _  _  _  _  _  I
    E _  _  *  _  _  _  _  _  _  _  _  _  _  _  _  _  _  _  _  _  _  _  _  _  _  _  _  _  _  I
->fire
  state:in game(9.0), debug, ok
  Starfighter:
    [0,S]->health:60/60, energy:62/120, Regen:1/4, Armour:2, Vision:12, Move:9, Move Cost:4, location:[C,1]
      Projectile Pattern:Spread, Projectile Damage:50, Projectile Cost:10 (energy)
      Power:Recall (50 energy): Teleport back to spawn.
      score:0
  Enemy:
    [1,I]->health:50/50, Regen:0, Armour:0, Vision:5, seen_by_Starfighter:F, can_see_Starfighter:F, location:[C,30]
    [2,I]->health:50/50, Regen:0, Armour:0, Vision:5, seen_by_Starfighter:F, can_see_Starfighter:F, location:[B,30]
    [3,I]->health:50/50, Regen:0, Armour:0, Vision:5, seen_by_Starfighter:F, can_see_Starfighter:F, location:[D,30]
    [4,I]->health:50/50, Regen:0, Armour:0, Vision:5, seen_by_Starfighter:F, can_see_Starfighter:F, location:[A,30]
    [5,I]->health:50/50, Regen:0, Armour:0, Vision:5, seen_by_Starfighter:F, can_see_Starfighter:F, location:[E,30]
  Projectile:
    [-2,*]->damage:50, move:1, location:[C,10]
    [-5,*]->damage:50, move:1, location:[C,9]
    [-8,*]->damage:50, move:1, location:[C,8]
    [-11,*]->damage:50, move:1, location:[C,7]
    [-14,*]->damage:50, move:1, location:[C,6]
    [-17,*]->damage:50, move:1, location:[C,5]
    [-20,*]->damage:50, move:1, location:[C,4]
    [-22,*]->damage:50, move:1, location:[A,3]
    [-23,*]->damage:50, move:1, location:[C,3]
    [-24,*]->damage:50, move:1, location:[E,3]
    [-25,*]->damage:50, move:1, location:[B,2]
    [-26,*]->damage:50, move:1, location:[C,2]
    [-27,*]->damage:50, move:1, location:[D,2]
  Friendly Projectile Action:
    A friendly projectile(id:-2) moves: [C,9] -> [C,10]
    A friendly projectile(id:-5) moves: [C,8] -> [C,9]
    A friendly projectile(id:-8) moves: [C,7] -> [C,8]
    A friendly projectile(id:-11) moves: [C,6] -> [C,7]
    A friendly projectile(id:-14) moves: [C,5] -> [C,6]
    A friendly projectile(id:-17) moves: [C,4] -> [C,5]
    A friendly projectile(id:-19) moves: [A,3] -> out of board
    A friendly projectile(id:-20) moves: [C,3] -> [C,4]
    A friendly projectile(id:-21) moves: [E,3] -> out of board
    A friendly projectile(id:-22) moves: [B,2] -> [A,3]
    A friendly projectile(id:-23) moves: [C,2] -> [C,3]
    A friendly projectile(id:-24) moves: [D,2] -> [E,3]
  Enemy Projectile Action:
  Starfighter Action:
    The Starfighter(id:0) fires at location [C,1].
      A friendly projectile(id:-25) spawns at location [B,2].
      A friendly projectile(id:-26) spawns at location [C,2].
      A friendly projectile(id:-27) spawns at location [D,2].
  Enemy Action:
    A Interceptor(id:1) stays at: [C,30]
    A Interceptor(id:2) stays at: [B,30]
    A Interceptor(id:3) stays at: [D,30]
    A Interceptor(id:4) stays at: [A,30]
    A Interceptor(id:5) stays at: [E,30]
  Natural Enemy Spawn:
      1  2  3  4  5  6  7  8  9 10 11 12 13 14 15 16 17 18 19 20 21 22 23 24 25 26 27 28 29 30
    A _  _  *  _  _  _  _  _  _  _  _  _  _  _  _  _  _  _  _  _  _  _  _  _  _  _  _  _  _  I
    B _  *  _  _  _  _  _  _  _  _  _  _  _  _  _  _  _  _  _  _  _  _  _  _  _  _  _  _  _  I
    C S  *  *  *  *  *  *  *  *  *  _  _  _  _  _  _  _  _  _  _  _  _  _  _  _  _  _  _  _  I
    D _  *  _  _  _  _  _  _  _  _  _  _  _  _  _  _  _  _  _  _  _  _  _  _  _  _  _  _  _  I
    E _  _  *  _  _  _  _  _  _  _  _  _  _  _  _  _  _  _  _  _  _  _  _  _  _  _  _  _  _  I
->fire
  state:in game(10.0), debug, ok
  Starfighter:
    [0,S]->health:60/60, energy:56/120, Regen:1/4, Armour:2, Vision:12, Move:9, Move Cost:4, location:[C,1]
      Projectile Pattern:Spread, Projectile Damage:50, Projectile Cost:10 (energy)
      Power:Recall (50 energy): Teleport back to spawn.
      score:0
  Enemy:
    [1,I]->health:50/50, Regen:0, Armour:0, Vision:5, seen_by_Starfighter:F, can_see_Starfighter:F, location:[C,30]
    [2,I]->health:50/50, Regen:0, Armour:0, Vision:5, seen_by_Starfighter:F, can_see_Starfighter:F, location:[B,30]
    [3,I]->health:50/50, Regen:0, Armour:0, Vision:5, seen_by_Starfighter:F, can_see_Starfighter:F, location:[D,30]
    [4,I]->health:50/50, Regen:0, Armour:0, Vision:5, seen_by_Starfighter:F, can_see_Starfighter:F, location:[A,30]
    [5,I]->health:50/50, Regen:0, Armour:0, Vision:5, seen_by_Starfighter:F, can_see_Starfighter:F, location:[E,30]
  Projectile:
    [-2,*]->damage:50, move:1, location:[C,11]
    [-5,*]->damage:50, move:1, location:[C,10]
    [-8,*]->damage:50, move:1, location:[C,9]
    [-11,*]->damage:50, move:1, location:[C,8]
    [-14,*]->damage:50, move:1, location:[C,7]
    [-17,*]->damage:50, move:1, location:[C,6]
    [-20,*]->damage:50, move:1, location:[C,5]
    [-23,*]->damage:50, move:1, location:[C,4]
    [-25,*]->damage:50, move:1, location:[A,3]
    [-26,*]->damage:50, move:1, location:[C,3]
    [-27,*]->damage:50, move:1, location:[E,3]
    [-28,*]->damage:50, move:1, location:[B,2]
    [-29,*]->damage:50, move:1, location:[C,2]
    [-30,*]->damage:50, move:1, location:[D,2]
  Friendly Projectile Action:
    A friendly projectile(id:-2) moves: [C,10] -> [C,11]
    A friendly projectile(id:-5) moves: [C,9] -> [C,10]
    A friendly projectile(id:-8) moves: [C,8] -> [C,9]
    A friendly projectile(id:-11) moves: [C,7] -> [C,8]
    A friendly projectile(id:-14) moves: [C,6] -> [C,7]
    A friendly projectile(id:-17) moves: [C,5] -> [C,6]
    A friendly projectile(id:-20) moves: [C,4] -> [C,5]
    A friendly projectile(id:-22) moves: [A,3] -> out of board
    A friendly projectile(id:-23) moves: [C,3] -> [C,4]
    A friendly projectile(id:-24) moves: [E,3] -> out of board
    A friendly projectile(id:-25) moves: [B,2] -> [A,3]
    A friendly projectile(id:-26) moves: [C,2] -> [C,3]
    A friendly projectile(id:-27) moves: [D,2] -> [E,3]
  Enemy Projectile Action:
  Starfighter Action:
    The Starfighter(id:0) fires at location [C,1].
      A friendly projectile(id:-28) spawns at location [B,2].
      A friendly projectile(id:-29) spawns at location [C,2].
      A friendly projectile(id:-30) spawns at location [D,2].
  Enemy Action:
    A Interceptor(id:1) stays at: [C,30]
    A Interceptor(id:2) stays at: [B,30]
    A Interceptor(id:3) stays at: [D,30]
    A Interceptor(id:4) stays at: [A,30]
    A Interceptor(id:5) stays at: [E,30]
  Natural Enemy Spawn:
      1  2  3  4  5  6  7  8  9 10 11 12 13 14 15 16 17 18 19 20 21 22 23 24 25 26 27 28 29 30
    A _  _  *  _  _  _  _  _  _  _  _  _  _  _  _  _  _  _  _  _  _  _  _  _  _  _  _  _  _  I
    B _  *  _  _  _  _  _  _  _  _  _  _  _  _  _  _  _  _  _  _  _  _  _  _  _  _  _  _  _  I
    C S  *  *  *  *  *  *  *  *  *  *  _  _  _  _  _  _  _  _  _  _  _  _  _  _  _  _  _  _  I
    D _  *  _  _  _  _  _  _  _  _  _  _  _  _  _  _  _  _  _  _  _  _  _  _  _  _  _  _  _  I
    E _  _  *  _  _  _  _  _  _  _  _  _  _  _  _  _  _  _  _  _  _  _  _  _  _  _  _  _  _  I
