  state:not started, normal, ok
  Welcome to Space Defender Version 2.
->toggle_debug_mode
  state:not started, debug, ok
  In debug mode.
->play(10,30,25,50,75,75,101)
  state:weapon setup, debug, ok
  1:Standard (A single projectile is fired in front)
    Health:10, Energy:10, Regen:0/1, Armour:0, Vision:1, Move:1, Move Cost:1,
    Projectile Damage:70, Projectile Cost:5 (energy)
  2:Spread (Three projectiles are fired in front, two going diagonal)
    Health:0, Energy:60, Regen:0/2, Armour:1, Vision:0, Move:0, Move Cost:2,
    Projectile Damage:50, Projectile Cost:10 (energy)
  3:Snipe (Fast and high damage projectile, but only travels via teleporting)
    Health:0, Energy:100, Regen:0/5, Armour:0, Vision:10, Move:3, Move Cost:0,
    Projectile Damage:1000, Projectile Cost:20 (energy)
  4:Rocket (Two projectiles appear behind to the sides of the Starfighter and accelerates)
    Health:10, Energy:0, Regen:10/0, Armour:2, Vision:2, Move:0, Move Cost:3,
    Projectile Damage:100, Projectile Cost:10 (health)
  5:Splitter (A single mine projectile is placed in front of the Starfighter)
    Health:0, Energy:100, Regen:0/10, Armour:0, Vision:0, Move:0, Move Cost:5,
    Projectile Damage:150, Projectile Cost:70 (energy)
  Weapon Selected:Standard
->setup_select(2)
  state:weapon setup, debug, ok
  1:Standard (A single projectile is fired in front)
    Health:10, Energy:10, Regen:0/1, Armour:0, Vision:1, Move:1, Move Cost:1,
    Projectile Damage:70, Projectile Cost:5 (energy)
  2:Spread (Three projectiles are fired in front, two going diagonal)
    Health:0, Energy:60, Regen:0/2, Armour:1, Vision:0, Move:0, Move Cost:2,
    Projectile Damage:50, Projectile Cost:10 (energy)
  3:Snipe (Fast and high damage projectile, but only travels via teleporting)
    Health:0, Energy:100, Regen:0/5, Armour:0, Vision:10, Move:3, Move Cost:0,
    Projectile Damage:1000, Projectile Cost:20 (energy)
  4:Rocket (Two projectiles appear behind to the sides of the Starfighter and accelerates)
    Health:10, Energy:0, Regen:10/0, Armour:2, Vision:2, Move:0, Move Cost:3,
    Projectile Damage:100, Projectile Cost:10 (health)
  5:Splitter (A single mine projectile is placed in front of the Starfighter)
    Health:0, Energy:100, Regen:0/10, Armour:0, Vision:0, Move:0, Move Cost:5,
    Projectile Damage:150, Projectile Cost:70 (energy)
  Weapon Selected:Spread
->setup_next(2)
  state:engine setup, debug, ok
  1:Standard
    Health:10, Energy:60, Regen:0/2, Armour:1, Vision:12, Move:8, Move Cost:2
  2:Light
    Health:0, Energy:30, Regen:0/1, Armour:0, Vision:15, Move:10, Move Cost:1
  3:Armoured
    Health:50, Energy:100, Regen:0/3, Armour:3, Vision:6, Move:4, Move Cost:5
  Engine Selected:Standard
->setup_select(2)
  state:engine setup, debug, ok
  1:Standard
    Health:10, Energy:60, Regen:0/2, Armour:1, Vision:12, Move:8, Move Cost:2
  2:Light
    Health:0, Energy:30, Regen:0/1, Armour:0, Vision:15, Move:10, Move Cost:1
  3:Armoured
    Health:50, Energy:100, Regen:0/3, Armour:3, Vision:6, Move:4, Move Cost:5
  Engine Selected:Light
->setup_next(2)
  state:setup summary, debug, ok
  Weapon Selected:Spread
  Armour Selected:None
  Engine Selected:Light
  Power Selected:Recall (50 energy): Teleport back to spawn.
->setup_next(1)
  state:in game(0.0), debug, ok
  Starfighter:
    [0,S]->health:50/50, energy:90/90, Regen:1/3, Armour:1, Vision:15, Move:11, Move Cost:3, location:[E,1]
      Projectile Pattern:Spread, Projectile Damage:50, Projectile Cost:10 (energy)
      Power:Recall (50 energy): Teleport back to spawn.
      score:0
  Enemy:
  Projectile:
  Friendly Projectile Action:
  Enemy Projectile Action:
  Starfighter Action:
  Enemy Action:
  Natural Enemy Spawn:
      1  2  3  4  5  6  7  8  9 10 11 12 13 14 15 16 17 18 19 20 21 22 23 24 25 26 27 28 29 30
    A _  _  _  _  _  _  _  _  _  _  _  _  _  _  _  _  _  _  _  _  _  _  _  _  _  _  _  _  _  _
    B _  _  _  _  _  _  _  _  _  _  _  _  _  _  _  _  _  _  _  _  _  _  _  _  _  _  _  _  _  _
    C _  _  _  _  _  _  _  _  _  _  _  _  _  _  _  _  _  _  _  _  _  _  _  _  _  _  _  _  _  _
    D _  _  _  _  _  _  _  _  _  _  _  _  _  _  _  _  _  _  _  _  _  _  _  _  _  _  _  _  _  _
    E S  _  _  _  _  _  _  _  _  _  _  _  _  _  _  _  _  _  _  _  _  _  _  _  _  _  _  _  _  _
    F _  _  _  _  _  _  _  _  _  _  _  _  _  _  _  _  _  _  _  _  _  _  _  _  _  _  _  _  _  _
    G _  _  _  _  _  _  _  _  _  _  _  _  _  _  _  _  _  _  _  _  _  _  _  _  _  _  _  _  _  _
    H _  _  _  _  _  _  _  _  _  _  _  _  _  _  _  _  _  _  _  _  _  _  _  _  _  _  _  _  _  _
    I _  _  _  _  _  _  _  _  _  _  _  _  _  _  _  _  _  _  _  _  _  _  _  _  _  _  _  _  _  _
    J _  _  _  _  _  _  _  _  _  _  _  _  _  _  _  _  _  _  _  _  _  _  _  _  _  _  _  _  _  _
->move(B,1)
  state:in game(1.0), debug, ok
  Starfighter:
    [0,S]->health:50/50, energy:81/90, Regen:1/3, Armour:1, Vision:15, Move:11, Move Cost:3, location:[B,1]
      Projectile Pattern:Spread, Projectile Damage:50, Projectile Cost:10 (energy)
      Power:Recall (50 energy): Teleport back to spawn.
      score:0
  Enemy:
    [1,G]->health:100/100, Regen:1, Armour:1, Vision:5, seen_by_Starfighter:F, can_see_Starfighter:F, location:[A,30]
  Projectile:
  Friendly Projectile Action:
  Enemy Projectile Action:
  Starfighter Action:
    The Starfighter(id:0) moves: [E,1] -> [B,1]
  Enemy Action:
  Natural Enemy Spawn:
    A Grunt(id:1) spawns at location [A,30].
      1  2  3  4  5  6  7  8  9 10 11 12 13 14 15 16 17 18 19 20 21 22 23 24 25 26 27 28 29 30
    A _  _  _  _  _  _  _  _  _  _  _  _  _  _  _  _  _  _  _  _  _  _  _  _  _  _  _  _  _  G
    B S  _  _  _  _  _  _  _  _  _  _  _  _  _  _  _  _  _  _  _  _  _  _  _  _  _  _  _  _  _
    C _  _  _  _  _  _  _  _  _  _  _  _  _  _  _  _  _  _  _  _  _  _  _  _  _  _  _  _  _  _
    D _  _  _  _  _  _  _  _  _  _  _  _  _  _  _  _  _  _  _  _  _  _  _  _  _  _  _  _  _  _
    E _  _  _  _  _  _  _  _  _  _  _  _  _  _  _  _  _  _  _  _  _  _  _  _  _  _  _  _  _  _
    F _  _  _  _  _  _  _  _  _  _  _  _  _  _  _  _  _  _  _  _  _  _  _  _  _  _  _  _  _  _
    G _  _  _  _  _  _  _  _  _  _  _  _  _  _  _  _  _  _  _  _  _  _  _  _  _  _  _  _  _  _
    H _  _  _  _  _  _  _  _  _  _  _  _  _  _  _  _  _  _  _  _  _  _  _  _  _  _  _  _  _  _
    I _  _  _  _  _  _  _  _  _  _  _  _  _  _  _  _  _  _  _  _  _  _  _  _  _  _  _  _  _  _
    J _  _  _  _  _  _  _  _  _  _  _  _  _  _  _  _  _  _  _  _  _  _  _  _  _  _  _  _  _  _
->move(C,1)
  state:in game(2.0), debug, ok
  Starfighter:
    [0,S]->health:50/50, energy:81/90, Regen:1/3, Armour:1, Vision:15, Move:11, Move Cost:3, location:[C,1]
      Projectile Pattern:Spread, Projectile Damage:50, Projectile Cost:10 (energy)
      Power:Recall (50 energy): Teleport back to spawn.
      score:0
  Enemy:
    [1,G]->health:100/100, Regen:1, Armour:1, Vision:5, seen_by_Starfighter:F, can_see_Starfighter:F, location:[A,28]
    [2,F]->health:150/150, Regen:5, Armour:10, Vision:10, seen_by_Starfighter:F, can_see_Starfighter:F, location:[A,30]
  Projectile:
    [-1,<]->damage:15, move:4, location:[A,27]
  Friendly Projectile Action:
  Enemy Projectile Action:
  Starfighter Action:
    The Starfighter(id:0) moves: [B,1] -> [C,1]
  Enemy Action:
    A Grunt(id:1) moves: [A,30] -> [A,28]
      A enemy projectile(id:-1) spawns at location [A,27].
  Natural Enemy Spawn:
    A Fighter(id:2) spawns at location [A,30].
      1  2  3  4  5  6  7  8  9 10 11 12 13 14 15 16 17 18 19 20 21 22 23 24 25 26 27 28 29 30
    A _  _  _  _  _  _  _  _  _  _  _  _  _  _  _  _  _  _  _  _  _  _  _  _  _  _  <  G  _  F
    B _  _  _  _  _  _  _  _  _  _  _  _  _  _  _  _  _  _  _  _  _  _  _  _  _  _  _  _  _  _
    C S  _  _  _  _  _  _  _  _  _  _  _  _  _  _  _  _  _  _  _  _  _  _  _  _  _  _  _  _  _
    D _  _  _  _  _  _  _  _  _  _  _  _  _  _  _  _  _  _  _  _  _  _  _  _  _  _  _  _  _  _
    E _  _  _  _  _  _  _  _  _  _  _  _  _  _  _  _  _  _  _  _  _  _  _  _  _  _  _  _  _  _
    F _  _  _  _  _  _  _  _  _  _  _  _  _  _  _  _  _  _  _  _  _  _  _  _  _  _  _  _  _  _
    G _  _  _  _  _  _  _  _  _  _  _  _  _  _  _  _  _  _  _  _  _  _  _  _  _  _  _  _  _  _
    H _  _  _  _  _  _  _  _  _  _  _  _  _  _  _  _  _  _  _  _  _  _  _  _  _  _  _  _  _  _
    I _  _  _  _  _  _  _  _  _  _  _  _  _  _  _  _  _  _  _  _  _  _  _  _  _  _  _  _  _  _
    J _  _  _  _  _  _  _  _  _  _  _  _  _  _  _  _  _  _  _  _  _  _  _  _  _  _  _  _  _  _
->move(B,1)
  state:in game(3.0), debug, ok
  Starfighter:
    [0,S]->health:50/50, energy:81/90, Regen:1/3, Armour:1, Vision:15, Move:11, Move Cost:3, location:[B,1]
      Projectile Pattern:Spread, Projectile Damage:50, Projectile Cost:10 (energy)
      Power:Recall (50 energy): Teleport back to spawn.
      score:0
  Enemy:
    [1,G]->health:100/100, Regen:1, Armour:1, Vision:5, seen_by_Starfighter:F, can_see_Starfighter:F, location:[A,26]
    [2,F]->health:150/150, Regen:5, Armour:10, Vision:10, seen_by_Starfighter:F, can_see_Starfighter:F, location:[A,27]
    [3,F]->health:150/150, Regen:5, Armour:10, Vision:10, seen_by_Starfighter:F, can_see_Starfighter:F, location:[H,30]
  Projectile:
    [-1,<]->damage:15, move:4, location:[A,23]
    [-2,<]->damage:15, move:4, location:[A,25]
  Friendly Projectile Action:
  Enemy Projectile Action:
    A enemy projectile(id:-1) moves: [A,27] -> [A,23]
  Starfighter Action:
    The Starfighter(id:0) moves: [C,1] -> [B,1]
  Enemy Action:
    A Grunt(id:1) moves: [A,28] -> [A,26]
      A enemy projectile(id:-2) spawns at location [A,25].
    A Fighter(id:2) moves: [A,30] -> [A,27]
      A enemy projectile(id:-3) spawns at location [A,26].
      The projectile collides with Grunt(id:1) at location [A,26], healing 20 damage.
  Natural Enemy Spawn:
    A Fighter(id:3) spawns at location [H,30].
      1  2  3  4  5  6  7  8  9 10 11 12 13 14 15 16 17 18 19 20 21 22 23 24 25 26 27 28 29 30
    A _  _  _  _  _  _  _  _  _  _  _  _  _  _  _  _  _  _  _  _  _  _  <  _  <  G  F  _  _  _
    B S  _  _  _  _  _  _  _  _  _  _  _  _  _  _  _  _  _  _  _  _  _  _  _  _  _  _  _  _  _
    C _  _  _  _  _  _  _  _  _  _  _  _  _  _  _  _  _  _  _  _  _  _  _  _  _  _  _  _  _  _
    D _  _  _  _  _  _  _  _  _  _  _  _  _  _  _  _  _  _  _  _  _  _  _  _  _  _  _  _  _  _
    E _  _  _  _  _  _  _  _  _  _  _  _  _  _  _  _  _  _  _  _  _  _  _  _  _  _  _  _  _  _
    F _  _  _  _  _  _  _  _  _  _  _  _  _  _  _  _  _  _  _  _  _  _  _  _  _  _  _  _  _  _
    G _  _  _  _  _  _  _  _  _  _  _  _  _  _  _  _  _  _  _  _  _  _  _  _  _  _  _  _  _  _
    H _  _  _  _  _  _  _  _  _  _  _  _  _  _  _  _  _  _  _  _  _  _  _  _  _  _  _  _  _  F
    I _  _  _  _  _  _  _  _  _  _  _  _  _  _  _  _  _  _  _  _  _  _  _  _  _  _  _  _  _  _
    J _  _  _  _  _  _  _  _  _  _  _  _  _  _  _  _  _  _  _  _  _  _  _  _  _  _  _  _  _  _
->move(C,1)
  state:in game(4.0), debug, ok
  Starfighter:
    [0,S]->health:50/50, energy:81/90, Regen:1/3, Armour:1, Vision:15, Move:11, Move Cost:3, location:[C,1]
      Projectile Pattern:Spread, Projectile Damage:50, Projectile Cost:10 (energy)
      Power:Recall (50 energy): Teleport back to spawn.
      score:0
  Enemy:
    [1,G]->health:100/100, Regen:1, Armour:1, Vision:5, seen_by_Starfighter:F, can_see_Starfighter:F, location:[A,24]
    [2,F]->health:150/150, Regen:5, Armour:10, Vision:10, seen_by_Starfighter:F, can_see_Starfighter:F, location:[A,25]
    [3,F]->health:150/150, Regen:5, Armour:10, Vision:10, seen_by_Starfighter:F, can_see_Starfighter:F, location:[H,27]
    [4,F]->health:150/150, Regen:5, Armour:10, Vision:10, seen_by_Starfighter:F, can_see_Starfighter:F, location:[G,30]
  Projectile:
    [-1,<]->damage:15, move:4, location:[A,19]
    [-2,<]->damage:15, move:4, location:[A,21]
    [-4,<]->damage:15, move:4, location:[A,23]
    [-6,<]->damage:20, move:3, location:[H,26]
  Friendly Projectile Action:
  Enemy Projectile Action:
    A enemy projectile(id:-1) moves: [A,23] -> [A,19]
    A enemy projectile(id:-2) moves: [A,25] -> [A,21]
  Starfighter Action:
    The Starfighter(id:0) moves: [B,1] -> [C,1]
  Enemy Action:
    A Grunt(id:1) moves: [A,26] -> [A,24]
      A enemy projectile(id:-4) spawns at location [A,23].
    A Fighter(id:2) moves: [A,27] -> [A,25]
      A enemy projectile(id:-5) spawns at location [A,24].
      The projectile collides with Grunt(id:1) at location [A,24], healing 20 damage.
    A Fighter(id:3) moves: [H,30] -> [H,27]
      A enemy projectile(id:-6) spawns at location [H,26].
  Natural Enemy Spawn:
    A Fighter(id:4) spawns at location [G,30].
      1  2  3  4  5  6  7  8  9 10 11 12 13 14 15 16 17 18 19 20 21 22 23 24 25 26 27 28 29 30
    A _  _  _  _  _  _  _  _  _  _  _  _  _  _  _  _  _  _  <  _  <  _  <  G  F  _  _  _  _  _
    B _  _  _  _  _  _  _  _  _  _  _  _  _  _  _  _  _  _  _  _  _  _  _  _  _  _  _  _  _  _
    C S  _  _  _  _  _  _  _  _  _  _  _  _  _  _  _  _  _  _  _  _  _  _  _  _  _  _  _  _  _
    D _  _  _  _  _  _  _  _  _  _  _  _  _  _  _  _  _  _  _  _  _  _  _  _  _  _  _  _  _  _
    E _  _  _  _  _  _  _  _  _  _  _  _  _  _  _  _  _  _  _  _  _  _  _  _  _  _  _  _  _  _
    F _  _  _  _  _  _  _  _  _  _  _  _  _  _  _  _  _  _  _  _  _  _  _  _  _  _  _  _  _  _
    G _  _  _  _  _  _  _  _  _  _  _  _  _  _  _  _  _  _  _  _  _  _  _  _  _  _  _  _  _  F
    H _  _  _  _  _  _  _  _  _  _  _  _  _  _  _  _  _  _  _  _  _  _  _  _  _  <  F  _  _  _
    I _  _  _  _  _  _  _  _  _  _  _  _  _  _  _  _  _  _  _  _  _  _  _  _  _  _  _  _  _  _
    J _  _  _  _  _  _  _  _  _  _  _  _  _  _  _  _  _  _  _  _  _  _  _  _  _  _  _  _  _  _
->move(A,1)
  state:in game(5.0), debug, ok
  Starfighter:
    [0,S]->health:50/50, energy:78/90, Regen:1/3, Armour:1, Vision:15, Move:11, Move Cost:3, location:[A,1]
      Projectile Pattern:Spread, Projectile Damage:50, Projectile Cost:10 (energy)
      Power:Recall (50 energy): Teleport back to spawn.
      score:0
  Enemy:
    [1,G]->health:100/100, Regen:1, Armour:1, Vision:5, seen_by_Starfighter:F, can_see_Starfighter:F, location:[A,22]
    [2,F]->health:150/150, Regen:5, Armour:10, Vision:10, seen_by_Starfighter:F, can_see_Starfighter:F, location:[A,23]
    [3,F]->health:150/150, Regen:5, Armour:10, Vision:10, seen_by_Starfighter:F, can_see_Starfighter:F, location:[H,24]
    [4,F]->health:150/150, Regen:5, Armour:10, Vision:10, seen_by_Starfighter:F, can_see_Starfighter:F, location:[G,27]
    [5,C]->health:200/200, Regen:10, Armour:15, Vision:15, seen_by_Starfighter:F, can_see_Starfighter:F, location:[D,30]
  Projectile:
    [-1,<]->damage:15, move:4, location:[A,15]
    [-2,<]->damage:15, move:4, location:[A,17]
    [-4,<]->damage:15, move:4, location:[A,19]
    [-7,<]->damage:15, move:4, location:[A,21]
    [-9,<]->damage:40, move:3, location:[H,23]
    [-10,<]->damage:20, move:3, location:[G,26]
  Friendly Projectile Action:
  Enemy Projectile Action:
    A enemy projectile(id:-1) moves: [A,19] -> [A,15]
    A enemy projectile(id:-2) moves: [A,21] -> [A,17]
    A enemy projectile(id:-4) moves: [A,23] -> [A,19]
    A enemy projectile(id:-6) moves: [H,26] -> [H,23]
  Starfighter Action:
    The Starfighter(id:0) moves: [C,1] -> [A,1]
  Enemy Action:
    A Grunt(id:1) moves: [A,24] -> [A,22]
      A enemy projectile(id:-7) spawns at location [A,21].
    A Fighter(id:2) moves: [A,25] -> [A,23]
      A enemy projectile(id:-8) spawns at location [A,22].
      The projectile collides with Grunt(id:1) at location [A,22], healing 20 damage.
    A Fighter(id:3) moves: [H,27] -> [H,24]
      A enemy projectile(id:-9) spawns at location [H,23].
      The projectile collides with enemy projectile(id:-6) at location [H,23], combining damage.
    A Fighter(id:4) moves: [G,30] -> [G,27]
      A enemy projectile(id:-10) spawns at location [G,26].
  Natural Enemy Spawn:
    A Carrier(id:5) spawns at location [D,30].
      1  2  3  4  5  6  7  8  9 10 11 12 13 14 15 16 17 18 19 20 21 22 23 24 25 26 27 28 29 30
    A S  _  _  _  _  _  _  _  _  _  _  _  _  _  <  _  <  _  <  _  <  G  F  _  _  _  _  _  _  _
    B _  _  _  _  _  _  _  _  _  _  _  _  _  _  _  _  _  _  _  _  _  _  _  _  _  _  _  _  _  _
    C _  _  _  _  _  _  _  _  _  _  _  _  _  _  _  _  _  _  _  _  _  _  _  _  _  _  _  _  _  _
    D _  _  _  _  _  _  _  _  _  _  _  _  _  _  _  _  _  _  _  _  _  _  _  _  _  _  _  _  _  C
    E _  _  _  _  _  _  _  _  _  _  _  _  _  _  _  _  _  _  _  _  _  _  _  _  _  _  _  _  _  _
    F _  _  _  _  _  _  _  _  _  _  _  _  _  _  _  _  _  _  _  _  _  _  _  _  _  _  _  _  _  _
    G _  _  _  _  _  _  _  _  _  _  _  _  _  _  _  _  _  _  _  _  _  _  _  _  _  <  F  _  _  _
    H _  _  _  _  _  _  _  _  _  _  _  _  _  _  _  _  _  _  _  _  _  _  <  F  _  _  _  _  _  _
    I _  _  _  _  _  _  _  _  _  _  _  _  _  _  _  _  _  _  _  _  _  _  _  _  _  _  _  _  _  _
    J _  _  _  _  _  _  _  _  _  _  _  _  _  _  _  _  _  _  _  _  _  _  _  _  _  _  _  _  _  _
->fire
  state:in game(6.0), debug, ok
  Starfighter:
    [0,S]->health:50/50, energy:71/90, Regen:1/3, Armour:1, Vision:15, Move:11, Move Cost:3, location:[A,1]
      Projectile Pattern:Spread, Projectile Damage:50, Projectile Cost:10 (energy)
      Power:Recall (50 energy): Teleport back to spawn.
      score:0
  Enemy:
    [1,G]->health:100/100, Regen:1, Armour:1, Vision:5, seen_by_Starfighter:F, can_see_Starfighter:F, location:[A,20]
    [2,F]->health:150/150, Regen:5, Armour:11, Vision:10, seen_by_Starfighter:F, can_see_Starfighter:F, location:[A,21]
    [3,F]->health:150/150, Regen:5, Armour:11, Vision:10, seen_by_Starfighter:F, can_see_Starfighter:F, location:[H,21]
    [4,F]->health:150/150, Regen:5, Armour:11, Vision:10, seen_by_Starfighter:F, can_see_Starfighter:F, location:[G,24]
    [5,C]->health:200/200, Regen:10, Armour:15, Vision:15, seen_by_Starfighter:F, can_see_Starfighter:F, location:[D,28]
    [6,C]->health:200/200, Regen:10, Armour:15, Vision:15, seen_by_Starfighter:F, can_see_Starfighter:F, location:[F,30]
  Projectile:
    [-1,<]->damage:15, move:4, location:[A,11]
    [-2,<]->damage:15, move:4, location:[A,13]
    [-4,<]->damage:15, move:4, location:[A,15]
    [-7,<]->damage:15, move:4, location:[A,17]
    [-12,*]->damage:50, move:1, location:[A,2]
    [-13,*]->damage:50, move:1, location:[B,2]
    [-14,<]->damage:15, move:4, location:[A,19]
    [-16,<]->damage:60, move:3, location:[H,20]
    [-17,<]->damage:40, move:3, location:[G,23]
  Friendly Projectile Action:
  Enemy Projectile Action:
    A enemy projectile(id:-1) moves: [A,15] -> [A,11]
    A enemy projectile(id:-2) moves: [A,17] -> [A,13]
    A enemy projectile(id:-4) moves: [A,19] -> [A,15]
    A enemy projectile(id:-7) moves: [A,21] -> [A,17]
    A enemy projectile(id:-9) moves: [H,23] -> [H,20]
    A enemy projectile(id:-10) moves: [G,26] -> [G,23]
  Starfighter Action:
    The Starfighter(id:0) fires at location [A,1].
      A friendly projectile(id:-11) spawns at location out of board.
      A friendly projectile(id:-12) spawns at location [A,2].
      A friendly projectile(id:-13) spawns at location [B,2].
  Enemy Action:
    A Fighter(id:2) gains 1 armour.
    A Fighter(id:3) gains 1 armour.
    A Fighter(id:4) gains 1 armour.
    A Grunt(id:1) moves: [A,22] -> [A,20]
      A enemy projectile(id:-14) spawns at location [A,19].
    A Fighter(id:2) moves: [A,23] -> [A,21]
      A enemy projectile(id:-15) spawns at location [A,20].
      The projectile collides with Grunt(id:1) at location [A,20], healing 20 damage.
    A Fighter(id:3) moves: [H,24] -> [H,21]
      A enemy projectile(id:-16) spawns at location [H,20].
      The projectile collides with enemy projectile(id:-9) at location [H,20], combining damage.
    A Fighter(id:4) moves: [G,27] -> [G,24]
      A enemy projectile(id:-17) spawns at location [G,23].
      The projectile collides with enemy projectile(id:-10) at location [G,23], combining damage.
    A Carrier(id:5) moves: [D,30] -> [D,28]
  Natural Enemy Spawn:
    A Carrier(id:6) spawns at location [F,30].
      1  2  3  4  5  6  7  8  9 10 11 12 13 14 15 16 17 18 19 20 21 22 23 24 25 26 27 28 29 30
    A S  *  _  _  _  _  _  _  _  _  <  _  <  _  <  _  <  _  <  G  F  _  _  _  _  _  _  _  _  _
    B _  *  _  _  _  _  _  _  _  _  _  _  _  _  _  _  _  _  _  _  _  _  _  _  _  _  _  _  _  _
    C _  _  _  _  _  _  _  _  _  _  _  _  _  _  _  _  _  _  _  _  _  _  _  _  _  _  _  _  _  _
    D _  _  _  _  _  _  _  _  _  _  _  _  _  _  _  _  _  _  _  _  _  _  _  _  _  _  _  C  _  _
    E _  _  _  _  _  _  _  _  _  _  _  _  _  _  _  _  _  _  _  _  _  _  _  _  _  _  _  _  _  _
    F _  _  _  _  _  _  _  _  _  _  _  _  _  _  _  _  _  _  _  _  _  _  _  _  _  _  _  _  _  C
    G _  _  _  _  _  _  _  _  _  _  _  _  _  _  _  _  _  _  _  _  _  _  <  F  _  _  _  _  _  _
    H _  _  _  _  _  _  _  _  _  _  _  _  _  _  _  _  _  _  _  <  F  _  _  _  _  _  _  _  _  _
    I _  _  _  _  _  _  _  _  _  _  _  _  _  _  _  _  _  _  _  _  _  _  _  _  _  _  _  _  _  _
    J _  _  _  _  _  _  _  _  _  _  _  _  _  _  _  _  _  _  _  _  _  _  _  _  _  _  _  _  _  _
->pass
  state:in game(7.0), debug, ok
  Starfighter:
    [0,S]->health:50/50, energy:77/90, Regen:1/3, Armour:1, Vision:15, Move:11, Move Cost:3, location:[A,1]
      Projectile Pattern:Spread, Projectile Damage:50, Projectile Cost:10 (energy)
      Power:Recall (50 energy): Teleport back to spawn.
      score:0
  Enemy:
    [1,G]->health:110/110, Regen:1, Armour:1, Vision:5, seen_by_Starfighter:F, can_see_Starfighter:F, location:[A,18]
    [2,F]->health:150/150, Regen:5, Armour:11, Vision:10, seen_by_Starfighter:F, can_see_Starfighter:F, location:[A,21]
    [3,F]->health:150/150, Regen:5, Armour:11, Vision:10, seen_by_Starfighter:F, can_see_Starfighter:F, location:[H,15]
    [4,F]->health:150/150, Regen:5, Armour:11, Vision:10, seen_by_Starfighter:F, can_see_Starfighter:F, location:[G,18]
    [5,C]->health:200/200, Regen:10, Armour:15, Vision:15, seen_by_Starfighter:F, can_see_Starfighter:F, location:[D,26]
    [6,C]->health:200/200, Regen:10, Armour:15, Vision:15, seen_by_Starfighter:F, can_see_Starfighter:F, location:[F,28]
    [7,I]->health:50/50, Regen:0, Armour:0, Vision:5, seen_by_Starfighter:F, can_see_Starfighter:F, location:[C,26]
    [8,I]->health:50/50, Regen:0, Armour:0, Vision:5, seen_by_Starfighter:F, can_see_Starfighter:F, location:[E,26]
    [9,I]->health:50/50, Regen:0, Armour:0, Vision:5, seen_by_Starfighter:F, can_see_Starfighter:F, location:[E,28]
    [10,I]->health:50/50, Regen:0, Armour:0, Vision:5, seen_by_Starfighter:F, can_see_Starfighter:F, location:[G,28]
    [11,F]->health:150/150, Regen:5, Armour:10, Vision:10, seen_by_Starfighter:F, can_see_Starfighter:F, location:[B,30]
  Projectile:
    [-1,<]->damage:15, move:4, location:[A,7]
    [-2,<]->damage:15, move:4, location:[A,9]
    [-4,<]->damage:15, move:4, location:[A,11]
    [-7,<]->damage:15, move:4, location:[A,13]
    [-12,*]->damage:50, move:1, location:[A,3]
    [-13,*]->damage:50, move:1, location:[C,3]
    [-14,<]->damage:15, move:4, location:[A,15]
    [-19,<]->damage:100, move:10, location:[H,14]
    [-20,<]->damage:100, move:10, location:[G,17]
    [-21,<]->damage:15, move:4, location:[A,17]
  Friendly Projectile Action:
    A friendly projectile(id:-12) moves: [A,2] -> [A,3]
    A friendly projectile(id:-13) moves: [B,2] -> [C,3]
  Enemy Projectile Action:
    A enemy projectile(id:-1) moves: [A,11] -> [A,7]
    A enemy projectile(id:-2) moves: [A,13] -> [A,9]
    A enemy projectile(id:-4) moves: [A,15] -> [A,11]
    A enemy projectile(id:-7) moves: [A,17] -> [A,13]
    A enemy projectile(id:-14) moves: [A,19] -> [A,15]
    A enemy projectile(id:-16) moves: [H,20] -> [H,17]
    A enemy projectile(id:-17) moves: [G,23] -> [G,20]
  Starfighter Action:
    The Starfighter(id:0) passes at location [A,1], doubling regen rate.
  Enemy Action:
    A Grunt(id:1) gains 10 total health.
    A Fighter(id:2) stays at: [A,21]
      A enemy projectile(id:-18) spawns at location [A,20].
      The projectile collides with Grunt(id:1) at location [A,20], healing 100 damage.
    A Fighter(id:3) moves: [H,21] -> [H,15]
      The Fighter collides with enemy projectile(id:-16) at location [H,17], healing 60 damage.
      A enemy projectile(id:-19) spawns at location [H,14].
    A Fighter(id:4) moves: [G,24] -> [G,18]
      The Fighter collides with enemy projectile(id:-17) at location [G,20], healing 40 damage.
      A enemy projectile(id:-20) spawns at location [G,17].
    A Carrier(id:5) moves: [D,28] -> [D,26]
      A Interceptor(id:7) spawns at location [C,26].
      A Interceptor(id:8) spawns at location [E,26].
    A Carrier(id:6) moves: [F,30] -> [F,28]
      A Interceptor(id:9) spawns at location [E,28].
      A Interceptor(id:10) spawns at location [G,28].
    A Grunt(id:1) moves: [A,20] -> [A,18]
      A enemy projectile(id:-21) spawns at location [A,17].
  Natural Enemy Spawn:
    A Fighter(id:11) spawns at location [B,30].
      1  2  3  4  5  6  7  8  9 10 11 12 13 14 15 16 17 18 19 20 21 22 23 24 25 26 27 28 29 30
    A S  _  *  _  _  _  <  _  <  _  <  _  <  _  <  _  <  G  _  _  F  _  _  _  _  _  _  _  _  _
    B _  _  _  _  _  _  _  _  _  _  _  _  _  _  _  _  _  _  _  _  _  _  _  _  _  _  _  _  _  F
    C _  _  *  _  _  _  _  _  _  _  _  _  _  _  _  _  _  _  _  _  _  _  _  _  _  I  _  _  _  _
    D _  _  _  _  _  _  _  _  _  _  _  _  _  _  _  _  _  _  _  _  _  _  _  _  _  C  _  _  _  _
    E _  _  _  _  _  _  _  _  _  _  _  _  _  _  _  _  _  _  _  _  _  _  _  _  _  I  _  I  _  _
    F _  _  _  _  _  _  _  _  _  _  _  _  _  _  _  _  _  _  _  _  _  _  _  _  _  _  _  C  _  _
    G _  _  _  _  _  _  _  _  _  _  _  _  _  _  _  _  <  F  _  _  _  _  _  _  _  _  _  I  _  _
    H _  _  _  _  _  _  _  _  _  _  _  _  _  <  F  _  _  _  _  _  _  _  _  _  _  _  _  _  _  _
    I _  _  _  _  _  _  _  _  _  _  _  _  _  _  _  _  _  _  _  _  _  _  _  _  _  _  _  _  _  _
    J _  _  _  _  _  _  _  _  _  _  _  _  _  _  _  _  _  _  _  _  _  _  _  _  _  _  _  _  _  _
->move(A,11)
  state:not started, debug, ok
  Starfighter:
    [0,S]->health:0/50, energy:62/90, Regen:1/3, Armour:1, Vision:15, Move:11, Move Cost:3, location:[A,7]
      Projectile Pattern:Spread, Projectile Damage:50, Projectile Cost:10 (energy)
      Power:Recall (50 energy): Teleport back to spawn.
      score:0
  Enemy:
    [1,G]->health:110/110, Regen:1, Armour:1, Vision:5, seen_by_Starfighter:F, can_see_Starfighter:F, location:[A,18]
    [2,F]->health:150/150, Regen:5, Armour:11, Vision:10, seen_by_Starfighter:F, can_see_Starfighter:F, location:[A,21]
    [3,F]->health:150/150, Regen:5, Armour:11, Vision:10, seen_by_Starfighter:F, can_see_Starfighter:F, location:[H,15]
    [4,F]->health:150/150, Regen:5, Armour:11, Vision:10, seen_by_Starfighter:F, can_see_Starfighter:F, location:[G,18]
    [5,C]->health:200/200, Regen:10, Armour:15, Vision:15, seen_by_Starfighter:F, can_see_Starfighter:F, location:[D,26]
    [6,C]->health:200/200, Regen:10, Armour:15, Vision:15, seen_by_Starfighter:F, can_see_Starfighter:F, location:[F,28]
    [7,I]->health:50/50, Regen:0, Armour:0, Vision:5, seen_by_Starfighter:F, can_see_Starfighter:F, location:[C,26]
    [8,I]->health:50/50, Regen:0, Armour:0, Vision:5, seen_by_Starfighter:F, can_see_Starfighter:F, location:[E,26]
    [9,I]->health:50/50, Regen:0, Armour:0, Vision:5, seen_by_Starfighter:F, can_see_Starfighter:F, location:[E,28]
    [10,I]->health:50/50, Regen:0, Armour:0, Vision:5, seen_by_Starfighter:F, can_see_Starfighter:F, location:[G,28]
    [11,F]->health:150/150, Regen:5, Armour:10, Vision:10, seen_by_Starfighter:F, can_see_Starfighter:F, location:[B,30]
  Projectile:
    [-7,<]->damage:15, move:4, location:[A,9]
    [-13,*]->damage:50, move:1, location:[D,4]
    [-14,<]->damage:15, move:4, location:[A,11]
    [-19,<]->damage:100, move:10, location:[H,4]
    [-20,<]->damage:100, move:10, location:[G,7]
    [-21,<]->damage:15, move:4, location:[A,13]
  Friendly Projectile Action:
    A friendly projectile(id:-12) moves: [A,3] -> [A,4]
    A friendly projectile(id:-13) moves: [C,3] -> [D,4]
  Enemy Projectile Action:
    A enemy projectile(id:-1) moves: [A,7] -> [A,4]
      The projectile collides with friendly projectile(id:-12) at location [A,4], negating damage.
    A enemy projectile(id:-2) moves: [A,9] -> [A,5]
    A enemy projectile(id:-4) moves: [A,11] -> [A,7]
    A enemy projectile(id:-7) moves: [A,13] -> [A,9]
    A enemy projectile(id:-14) moves: [A,15] -> [A,11]
    A enemy projectile(id:-19) moves: [H,14] -> [H,4]
    A enemy projectile(id:-20) moves: [G,17] -> [G,7]
    A enemy projectile(id:-21) moves: [A,17] -> [A,13]
  Starfighter Action:
    The Starfighter(id:0) moves: [A,1] -> [A,7]
      The Starfighter collides with friendly projectile(id:-12) at location [A,4], taking 34 damage.
      The Starfighter collides with enemy projectile(id:-2) at location [A,5], taking 14 damage.
      The Starfighter collides with enemy projectile(id:-4) at location [A,7], taking 14 damage.
      The Starfighter at location [A,7] has been destroyed.
  Enemy Action:
  Natural Enemy Spawn:
      1  2  3  4  5  6  7  8  9 10 11 12 13 14 15 16 17 18 19 20 21 22 23 24 25 26 27 28 29 30
    A _  _  _  _  _  _  X  _  <  _  <  _  <  _  _  _  _  G  _  _  F  _  _  _  _  _  _  _  _  _
    B _  _  _  _  _  _  _  _  _  _  _  _  _  _  _  _  _  _  _  _  _  _  _  _  _  _  _  _  _  F
    C _  _  _  _  _  _  _  _  _  _  _  _  _  _  _  _  _  _  _  _  _  _  _  _  _  I  _  _  _  _
    D _  _  _  *  _  _  _  _  _  _  _  _  _  _  _  _  _  _  _  _  _  _  _  _  _  C  _  _  _  _
    E _  _  _  _  _  _  _  _  _  _  _  _  _  _  _  _  _  _  _  _  _  _  _  _  _  I  _  I  _  _
    F _  _  _  _  _  _  _  _  _  _  _  _  _  _  _  _  _  _  _  _  _  _  _  _  _  _  _  C  _  _
    G _  _  _  _  _  _  <  _  _  _  _  _  _  _  _  _  _  F  _  _  _  _  _  _  _  _  _  I  _  _
    H _  _  _  <  _  _  _  _  _  _  _  _  _  _  F  _  _  _  _  _  _  _  _  _  _  _  _  _  _  _
    I _  _  _  _  _  _  _  _  _  _  _  _  _  _  _  _  _  _  _  _  _  _  _  _  _  _  _  _  _  _
    J _  _  _  _  _  _  _  _  _  _  _  _  _  _  _  _  _  _  _  _  _  _  _  _  _  _  _  _  _  _
  The game is over. Better luck next time!
