  state:not started, normal, ok
  Welcome to Space Defender Version 2.
->toggle_debug_mode
  state:not started, debug, ok
  In debug mode.
->play(10,12,20,40,40,60,101)
  state:weapon setup, debug, ok
  1:Standard (A single projectile is fired in front)
    Health:10, Energy:10, Regen:0/1, Armour:0, Vision:1, Move:1, Move Cost:1,
    Projectile Damage:70, Projectile Cost:5 (energy)
  2:Spread (Three projectiles are fired in front, two going diagonal)
    Health:0, Energy:60, Regen:0/2, Armour:1, Vision:0, Move:0, Move Cost:2,
    Projectile Damage:50, Projectile Cost:10 (energy)
  3:Snipe (Fast and high damage projectile, but only travels via teleporting)
    Health:0, Energy:100, Regen:0/5, Armour:0, Vision:10, Move:3, Move Cost:0,
    Projectile Damage:1000, Projectile Cost:20 (energy)
  4:Rocket (Two projectiles appear behind to the sides of the Starfighter and accelerates)
    Health:10, Energy:0, Regen:10/0, Armour:2, Vision:2, Move:0, Move Cost:3,
    Projectile Damage:100, Projectile Cost:10 (health)
  5:Splitter (A single mine projectile is placed in front of the Starfighter)
    Health:0, Energy:100, Regen:0/10, Armour:0, Vision:0, Move:0, Move Cost:5,
    Projectile Damage:150, Projectile Cost:70 (energy)
  Weapon Selected:Standard
->setup_select(3)
  state:weapon setup, debug, ok
  1:Standard (A single projectile is fired in front)
    Health:10, Energy:10, Regen:0/1, Armour:0, Vision:1, Move:1, Move Cost:1,
    Projectile Damage:70, Projectile Cost:5 (energy)
  2:Spread (Three projectiles are fired in front, two going diagonal)
    Health:0, Energy:60, Regen:0/2, Armour:1, Vision:0, Move:0, Move Cost:2,
    Projectile Damage:50, Projectile Cost:10 (energy)
  3:Snipe (Fast and high damage projectile, but only travels via teleporting)
    Health:0, Energy:100, Regen:0/5, Armour:0, Vision:10, Move:3, Move Cost:0,
    Projectile Damage:1000, Projectile Cost:20 (energy)
  4:Rocket (Two projectiles appear behind to the sides of the Starfighter and accelerates)
    Health:10, Energy:0, Regen:10/0, Armour:2, Vision:2, Move:0, Move Cost:3,
    Projectile Damage:100, Projectile Cost:10 (health)
  5:Splitter (A single mine projectile is placed in front of the Starfighter)
    Health:0, Energy:100, Regen:0/10, Armour:0, Vision:0, Move:0, Move Cost:5,
    Projectile Damage:150, Projectile Cost:70 (energy)
  Weapon Selected:Snipe
->setup_next(2)
  state:engine setup, debug, ok
  1:Standard
    Health:10, Energy:60, Regen:0/2, Armour:1, Vision:12, Move:8, Move Cost:2
  2:Light
    Health:0, Energy:30, Regen:0/1, Armour:0, Vision:15, Move:10, Move Cost:1
  3:Armoured
    Health:50, Energy:100, Regen:0/3, Armour:3, Vision:6, Move:4, Move Cost:5
  Engine Selected:Standard
->setup_select(2)
  state:engine setup, debug, ok
  1:Standard
    Health:10, Energy:60, Regen:0/2, Armour:1, Vision:12, Move:8, Move Cost:2
  2:Light
    Health:0, Energy:30, Regen:0/1, Armour:0, Vision:15, Move:10, Move Cost:1
  3:Armoured
    Health:50, Energy:100, Regen:0/3, Armour:3, Vision:6, Move:4, Move Cost:5
  Engine Selected:Light
->setup_next(1)
  state:power setup, debug, ok
  1:Recall (50 energy): Teleport back to spawn.
  2:Repair (50 energy): Gain 50 health, can go over max health. Health regen will not be in effect if over cap.
  3:Overcharge (up to 50 health): Gain 2*health spent energy, can go over max energy. Energy regen will not be in effect if over cap.
  4:Deploy Drones (100 energy): Clear all projectiles.
  5:Orbital Strike (100 energy): Deal 100 damage to all enemies, affected by armour.
  Power Selected:Recall (50 energy): Teleport back to spawn.
->setup_select(2)
  state:power setup, debug, ok
  1:Recall (50 energy): Teleport back to spawn.
  2:Repair (50 energy): Gain 50 health, can go over max health. Health regen will not be in effect if over cap.
  3:Overcharge (up to 50 health): Gain 2*health spent energy, can go over max energy. Energy regen will not be in effect if over cap.
  4:Deploy Drones (100 energy): Clear all projectiles.
  5:Orbital Strike (100 energy): Deal 100 damage to all enemies, affected by armour.
  Power Selected:Repair (50 energy): Gain 50 health, can go over max health. Health regen will not be in effect if over cap.
->setup_next(1)
  state:setup summary, debug, ok
  Weapon Selected:Snipe
  Armour Selected:None
  Engine Selected:Light
  Power Selected:Repair (50 energy): Gain 50 health, can go over max health. Health regen will not be in effect if over cap.
->setup_next(1)
  state:in game(0.0), debug, ok
  Starfighter:
    [0,S]->health:50/50, energy:130/130, Regen:1/6, Armour:0, Vision:25, Move:14, Move Cost:1, location:[E,1]
      Projectile Pattern:Snipe, Projectile Damage:1000, Projectile Cost:20 (energy)
      Power:Repair (50 energy): Gain 50 health, can go over max health. Health regen will not be in effect if over cap.
      score:0
  Enemy:
  Projectile:
  Friendly Projectile Action:
  Enemy Projectile Action:
  Starfighter Action:
  Enemy Action:
  Natural Enemy Spawn:
      1  2  3  4  5  6  7  8  9 10 11 12
    A _  _  _  _  _  _  _  _  _  _  _  _
    B _  _  _  _  _  _  _  _  _  _  _  _
    C _  _  _  _  _  _  _  _  _  _  _  _
    D _  _  _  _  _  _  _  _  _  _  _  _
    E S  _  _  _  _  _  _  _  _  _  _  _
    F _  _  _  _  _  _  _  _  _  _  _  _
    G _  _  _  _  _  _  _  _  _  _  _  _
    H _  _  _  _  _  _  _  _  _  _  _  _
    I _  _  _  _  _  _  _  _  _  _  _  _
    J _  _  _  _  _  _  _  _  _  _  _  _
->special
  state:in game(1.0), debug, ok
  Starfighter:
    [0,S]->health:100/50, energy:80/130, Regen:1/6, Armour:0, Vision:25, Move:14, Move Cost:1, location:[E,1]
      Projectile Pattern:Snipe, Projectile Damage:1000, Projectile Cost:20 (energy)
      Power:Repair (50 energy): Gain 50 health, can go over max health. Health regen will not be in effect if over cap.
      score:0
  Enemy:
    [1,G]->health:100/100, Regen:1, Armour:1, Vision:5, seen_by_Starfighter:T, can_see_Starfighter:F, location:[A,12]
  Projectile:
  Friendly Projectile Action:
  Enemy Projectile Action:
  Starfighter Action:
    The Starfighter(id:0) uses special, gaining 50 health.
  Enemy Action:
  Natural Enemy Spawn:
    A Grunt(id:1) spawns at location [A,12].
      1  2  3  4  5  6  7  8  9 10 11 12
    A _  _  _  _  _  _  _  _  _  _  _  G
    B _  _  _  _  _  _  _  _  _  _  _  _
    C _  _  _  _  _  _  _  _  _  _  _  _
    D _  _  _  _  _  _  _  _  _  _  _  _
    E S  _  _  _  _  _  _  _  _  _  _  _
    F _  _  _  _  _  _  _  _  _  _  _  _
    G _  _  _  _  _  _  _  _  _  _  _  _
    H _  _  _  _  _  _  _  _  _  _  _  _
    I _  _  _  _  _  _  _  _  _  _  _  _
    J _  _  _  _  _  _  _  _  _  _  _  _
->pass
  state:in game(2.0), debug, ok
  Starfighter:
    [0,S]->health:100/50, energy:92/130, Regen:1/6, Armour:0, Vision:25, Move:14, Move Cost:1, location:[E,1]
      Projectile Pattern:Snipe, Projectile Damage:1000, Projectile Cost:20 (energy)
      Power:Repair (50 energy): Gain 50 health, can go over max health. Health regen will not be in effect if over cap.
      score:0
  Enemy:
    [1,G]->health:110/110, Regen:1, Armour:1, Vision:5, seen_by_Starfighter:T, can_see_Starfighter:F, location:[A,10]
    [2,F]->health:150/150, Regen:5, Armour:10, Vision:10, seen_by_Starfighter:T, can_see_Starfighter:F, location:[A,12]
  Projectile:
    [-1,<]->damage:15, move:4, location:[A,9]
  Friendly Projectile Action:
  Enemy Projectile Action:
  Starfighter Action:
    The Starfighter(id:0) passes at location [E,1], doubling regen rate.
  Enemy Action:
    A Grunt(id:1) gains 10 total health.
    A Grunt(id:1) moves: [A,12] -> [A,10]
      A enemy projectile(id:-1) spawns at location [A,9].
  Natural Enemy Spawn:
    A Fighter(id:2) spawns at location [A,12].
      1  2  3  4  5  6  7  8  9 10 11 12
    A _  _  _  _  _  _  _  _  <  G  _  F
    B _  _  _  _  _  _  _  _  _  _  _  _
    C _  _  _  _  _  _  _  _  _  _  _  _
    D _  _  _  _  _  _  _  _  _  _  _  _
    E S  _  _  _  _  _  _  _  _  _  _  _
    F _  _  _  _  _  _  _  _  _  _  _  _
    G _  _  _  _  _  _  _  _  _  _  _  _
    H _  _  _  _  _  _  _  _  _  _  _  _
    I _  _  _  _  _  _  _  _  _  _  _  _
    J _  _  _  _  _  _  _  _  _  _  _  _
->pass
  state:in game(3.0), debug, ok
  Starfighter:
    [0,S]->health:100/50, energy:104/130, Regen:1/6, Armour:0, Vision:25, Move:14, Move Cost:1, location:[E,1]
      Projectile Pattern:Snipe, Projectile Damage:1000, Projectile Cost:20 (energy)
      Power:Repair (50 energy): Gain 50 health, can go over max health. Health regen will not be in effect if over cap.
      score:0
  Enemy:
    [1,G]->health:120/120, Regen:1, Armour:1, Vision:5, seen_by_Starfighter:T, can_see_Starfighter:F, location:[A,8]
    [2,F]->health:150/150, Regen:5, Armour:10, Vision:10, seen_by_Starfighter:T, can_see_Starfighter:F, location:[A,11]
    [3,I]->health:50/50, Regen:0, Armour:0, Vision:5, seen_by_Starfighter:T, can_see_Starfighter:F, location:[H,12]
  Projectile:
    [-1,<]->damage:15, move:4, location:[A,5]
    [-3,<]->damage:15, move:4, location:[A,7]
  Friendly Projectile Action:
  Enemy Projectile Action:
    A enemy projectile(id:-1) moves: [A,9] -> [A,5]
  Starfighter Action:
    The Starfighter(id:0) passes at location [E,1], doubling regen rate.
  Enemy Action:
    A Grunt(id:1) gains 10 total health.
    A Fighter(id:2) moves: [A,12] -> [A,11]
      A enemy projectile(id:-2) spawns at location [A,10].
      The projectile collides with Grunt(id:1) at location [A,10], healing 100 damage.
    A Grunt(id:1) moves: [A,10] -> [A,8]
      A enemy projectile(id:-3) spawns at location [A,7].
  Natural Enemy Spawn:
    A Interceptor(id:3) spawns at location [H,12].
      1  2  3  4  5  6  7  8  9 10 11 12
    A _  _  _  _  <  _  <  G  _  _  F  _
    B _  _  _  _  _  _  _  _  _  _  _  _
    C _  _  _  _  _  _  _  _  _  _  _  _
    D _  _  _  _  _  _  _  _  _  _  _  _
    E S  _  _  _  _  _  _  _  _  _  _  _
    F _  _  _  _  _  _  _  _  _  _  _  _
    G _  _  _  _  _  _  _  _  _  _  _  _
    H _  _  _  _  _  _  _  _  _  _  _  I
    I _  _  _  _  _  _  _  _  _  _  _  _
    J _  _  _  _  _  _  _  _  _  _  _  _
->pass
  state:in game(4.0), debug, ok
  Starfighter:
    [0,S]->health:100/50, energy:116/130, Regen:1/6, Armour:0, Vision:25, Move:14, Move Cost:1, location:[E,1]
      Projectile Pattern:Snipe, Projectile Damage:1000, Projectile Cost:20 (energy)
      Power:Repair (50 energy): Gain 50 health, can go over max health. Health regen will not be in effect if over cap.
      score:0
  Enemy:
    [1,G]->health:130/130, Regen:1, Armour:1, Vision:5, seen_by_Starfighter:T, can_see_Starfighter:F, location:[A,6]
    [2,F]->health:150/150, Regen:5, Armour:10, Vision:10, seen_by_Starfighter:T, can_see_Starfighter:F, location:[A,9]
    [3,I]->health:50/50, Regen:0, Armour:0, Vision:5, seen_by_Starfighter:T, can_see_Starfighter:F, location:[H,9]
    [4,F]->health:150/150, Regen:5, Armour:10, Vision:10, seen_by_Starfighter:T, can_see_Starfighter:F, location:[G,12]
  Projectile:
    [-1,<]->damage:15, move:4, location:[A,1]
    [-3,<]->damage:15, move:4, location:[A,3]
    [-5,<]->damage:15, move:4, location:[A,5]
  Friendly Projectile Action:
  Enemy Projectile Action:
    A enemy projectile(id:-1) moves: [A,5] -> [A,1]
    A enemy projectile(id:-3) moves: [A,7] -> [A,3]
  Starfighter Action:
    The Starfighter(id:0) passes at location [E,1], doubling regen rate.
  Enemy Action:
    A Grunt(id:1) gains 10 total health.
    A Fighter(id:2) moves: [A,11] -> [A,9]
      A enemy projectile(id:-4) spawns at location [A,8].
      The projectile collides with Grunt(id:1) at location [A,8], healing 100 damage.
    A Grunt(id:1) moves: [A,8] -> [A,6]
      A enemy projectile(id:-5) spawns at location [A,5].
    A Interceptor(id:3) moves: [H,12] -> [H,9]
  Natural Enemy Spawn:
    A Fighter(id:4) spawns at location [G,12].
      1  2  3  4  5  6  7  8  9 10 11 12
    A <  _  <  _  <  G  _  _  F  _  _  _
    B _  _  _  _  _  _  _  _  _  _  _  _
    C _  _  _  _  _  _  _  _  _  _  _  _
    D _  _  _  _  _  _  _  _  _  _  _  _
    E S  _  _  _  _  _  _  _  _  _  _  _
    F _  _  _  _  _  _  _  _  _  _  _  _
    G _  _  _  _  _  _  _  _  _  _  _  F
    H _  _  _  _  _  _  _  _  I  _  _  _
    I _  _  _  _  _  _  _  _  _  _  _  _
    J _  _  _  _  _  _  _  _  _  _  _  _
->move(D,1)
  state:in game(5.0), debug, ok
  Starfighter:
    [0,S]->health:100/50, energy:121/130, Regen:1/6, Armour:0, Vision:25, Move:14, Move Cost:1, location:[D,1]
      Projectile Pattern:Snipe, Projectile Damage:1000, Projectile Cost:20 (energy)
      Power:Repair (50 energy): Gain 50 health, can go over max health. Health regen will not be in effect if over cap.
      score:0
  Enemy:
    [1,G]->health:130/130, Regen:1, Armour:1, Vision:5, seen_by_Starfighter:T, can_see_Starfighter:F, location:[A,4]
    [2,F]->health:150/150, Regen:5, Armour:10, Vision:10, seen_by_Starfighter:T, can_see_Starfighter:T, location:[A,6]
    [3,I]->health:50/50, Regen:0, Armour:0, Vision:5, seen_by_Starfighter:T, can_see_Starfighter:F, location:[H,6]
    [4,F]->health:150/150, Regen:5, Armour:10, Vision:10, seen_by_Starfighter:T, can_see_Starfighter:F, location:[G,9]
    [5,P]->health:300/300, Regen:0, Armour:0, Vision:5, seen_by_Starfighter:T, can_see_Starfighter:F, location:[D,12]
  Projectile:
    [-5,<]->damage:15, move:4, location:[A,1]
    [-6,<]->damage:15, move:4, location:[A,3]
    [-7,<]->damage:20, move:3, location:[A,5]
    [-8,<]->damage:20, move:3, location:[G,8]
  Friendly Projectile Action:
  Enemy Projectile Action:
    A enemy projectile(id:-1) moves: [A,1] -> out of board
    A enemy projectile(id:-3) moves: [A,3] -> out of board
    A enemy projectile(id:-5) moves: [A,5] -> [A,1]
  Starfighter Action:
    The Starfighter(id:0) moves: [E,1] -> [D,1]
  Enemy Action:
    A Grunt(id:1) moves: [A,6] -> [A,4]
      A enemy projectile(id:-6) spawns at location [A,3].
    A Fighter(id:2) moves: [A,9] -> [A,6]
      A enemy projectile(id:-7) spawns at location [A,5].
    A Interceptor(id:3) moves: [H,9] -> [H,6]
    A Fighter(id:4) moves: [G,12] -> [G,9]
      A enemy projectile(id:-8) spawns at location [G,8].
  Natural Enemy Spawn:
    A Pylon(id:5) spawns at location [D,12].
      1  2  3  4  5  6  7  8  9 10 11 12
    A <  _  <  G  <  F  _  _  _  _  _  _
    B _  _  _  _  _  _  _  _  _  _  _  _
    C _  _  _  _  _  _  _  _  _  _  _  _
    D S  _  _  _  _  _  _  _  _  _  _  P
    E _  _  _  _  _  _  _  _  _  _  _  _
    F _  _  _  _  _  _  _  _  _  _  _  _
    G _  _  _  _  _  _  _  <  F  _  _  _
    H _  _  _  _  _  I  _  _  _  _  _  _
    I _  _  _  _  _  _  _  _  _  _  _  _
    J _  _  _  _  _  _  _  _  _  _  _  _
->fire
  state:in game(6.0), debug, ok
  Starfighter:
    [0,S]->health:100/50, energy:107/130, Regen:1/6, Armour:0, Vision:25, Move:14, Move Cost:1, location:[D,1]
      Projectile Pattern:Snipe, Projectile Damage:1000, Projectile Cost:20 (energy)
      Power:Repair (50 energy): Gain 50 health, can go over max health. Health regen will not be in effect if over cap.
      score:0
  Enemy:
    [1,G]->health:130/130, Regen:1, Armour:1, Vision:5, seen_by_Starfighter:T, can_see_Starfighter:T, location:[A,2]
    [2,F]->health:150/150, Regen:5, Armour:11, Vision:10, seen_by_Starfighter:T, can_see_Starfighter:T, location:[A,5]
    [3,I]->health:50/50, Regen:0, Armour:0, Vision:5, seen_by_Starfighter:T, can_see_Starfighter:T, location:[D,6]
    [4,F]->health:150/150, Regen:5, Armour:11, Vision:10, seen_by_Starfighter:T, can_see_Starfighter:T, location:[G,6]
    [5,P]->health:300/300, Regen:0, Armour:0, Vision:5, seen_by_Starfighter:T, can_see_Starfighter:F, location:[D,10]
    [6,I]->health:50/50, Regen:0, Armour:0, Vision:5, seen_by_Starfighter:T, can_see_Starfighter:F, location:[F,12]
  Projectile:
    [-9,*]->damage:1000, move:8, location:[D,2]
    [-10,<]->damage:15, move:4, location:[A,1]
    [-11,<]->damage:50, move:6, location:[A,4]
    [-12,<]->damage:40, move:3, location:[G,5]
  Friendly Projectile Action:
  Enemy Projectile Action:
    A enemy projectile(id:-5) moves: [A,1] -> out of board
    A enemy projectile(id:-6) moves: [A,3] -> out of board
    A enemy projectile(id:-7) moves: [A,5] -> [A,4]
      The projectile collides with Grunt(id:1) at location [A,4], healing 20 damage.
    A enemy projectile(id:-8) moves: [G,8] -> [G,5]
  Starfighter Action:
    The Starfighter(id:0) fires at location [D,1].
      A friendly projectile(id:-9) spawns at location [D,2].
  Enemy Action:
    A Fighter(id:2) gains 1 armour.
    A Interceptor(id:3) moves: [H,6] -> [D,6]
    A Fighter(id:4) gains 1 armour.
    A Grunt(id:1) moves: [A,4] -> [A,2]
      A enemy projectile(id:-10) spawns at location [A,1].
    A Fighter(id:2) moves: [A,6] -> [A,5]
      A enemy projectile(id:-11) spawns at location [A,4].
    A Fighter(id:4) moves: [G,9] -> [G,6]
      A enemy projectile(id:-12) spawns at location [G,5].
      The projectile collides with enemy projectile(id:-8) at location [G,5], combining damage.
    A Pylon(id:5) moves: [D,12] -> [D,10]
      The Pylon heals Interceptor(id:3) at location [D,6] for 10 damage.
      The Pylon heals Pylon(id:5) at location [D,10] for 10 damage.
  Natural Enemy Spawn:
    A Interceptor(id:6) spawns at location [F,12].
      1  2  3  4  5  6  7  8  9 10 11 12
    A <  G  _  <  F  _  _  _  _  _  _  _
    B _  _  _  _  _  _  _  _  _  _  _  _
    C _  _  _  _  _  _  _  _  _  _  _  _
    D S  *  _  _  _  I  _  _  _  P  _  _
    E _  _  _  _  _  _  _  _  _  _  _  _
    F _  _  _  _  _  _  _  _  _  _  _  I
    G _  _  _  _  <  F  _  _  _  _  _  _
    H _  _  _  _  _  _  _  _  _  _  _  _
    I _  _  _  _  _  _  _  _  _  _  _  _
    J _  _  _  _  _  _  _  _  _  _  _  _
->pass
  state:in game(7.0), debug, ok
  Starfighter:
    [0,S]->health:100/50, energy:119/130, Regen:1/6, Armour:0, Vision:25, Move:14, Move Cost:1, location:[D,1]
      Projectile Pattern:Snipe, Projectile Damage:1000, Projectile Cost:20 (energy)
      Power:Repair (50 energy): Gain 50 health, can go over max health. Health regen will not be in effect if over cap.
      score:1
  Enemy:
    [2,F]->health:150/150, Regen:5, Armour:11, Vision:10, seen_by_Starfighter:T, can_see_Starfighter:T, location:[A,3]
    [3,I]->health:50/50, Regen:0, Armour:0, Vision:5, seen_by_Starfighter:T, can_see_Starfighter:T, location:[D,3]
    [6,I]->health:50/50, Regen:0, Armour:0, Vision:5, seen_by_Starfighter:T, can_see_Starfighter:F, location:[F,9]
    [7,I]->health:50/50, Regen:0, Armour:0, Vision:5, seen_by_Starfighter:T, can_see_Starfighter:F, location:[B,12]
  Projectile:
  Friendly Projectile Action:
    A friendly projectile(id:-9) moves: [D,2] -> [D,10]
      The projectile collides with Pylon(id:5) at location [D,10], dealing 1000 damage.
      The Pylon at location [D,10] has been destroyed.
  Enemy Projectile Action:
    A enemy projectile(id:-10) moves: [A,1] -> out of board
    A enemy projectile(id:-11) moves: [A,4] -> [A,2]
      The projectile collides with Grunt(id:1) at location [A,2], healing 50 damage.
    A enemy projectile(id:-12) moves: [G,5] -> [G,2]
  Starfighter Action:
    The Starfighter(id:0) passes at location [D,1], doubling regen rate.
  Enemy Action:
    A Grunt(id:1) gains 10 total health.
    A Fighter(id:2) moves: [A,5] -> [A,3]
      A enemy projectile(id:-13) spawns at location [A,2].
      The projectile collides with Grunt(id:1) at location [A,2], healing 100 damage.
    A Fighter(id:4) moves: [G,6] -> out of board
      The Fighter collides with enemy projectile(id:-12) at location [G,2], healing 40 damage.
    A Grunt(id:1) moves: [A,2] -> out of board
    A Interceptor(id:3) moves: [D,6] -> [D,3]
    A Interceptor(id:6) moves: [F,12] -> [F,9]
  Natural Enemy Spawn:
    A Interceptor(id:7) spawns at location [B,12].
      1  2  3  4  5  6  7  8  9 10 11 12
    A _  _  F  _  _  _  _  _  _  _  _  _
    B _  _  _  _  _  _  _  _  _  _  _  I
    C _  _  _  _  _  _  _  _  _  _  _  _
    D S  _  I  _  _  _  _  _  _  _  _  _
    E _  _  _  _  _  _  _  _  _  _  _  _
    F _  _  _  _  _  _  _  _  I  _  _  _
    G _  _  _  _  _  _  _  _  _  _  _  _
    H _  _  _  _  _  _  _  _  _  _  _  _
    I _  _  _  _  _  _  _  _  _  _  _  _
    J _  _  _  _  _  _  _  _  _  _  _  _
->move(D,4)
  state:in game(8.0), debug, ok
  Starfighter:
    [0,S]->health:50/50, energy:122/130, Regen:1/6, Armour:0, Vision:25, Move:14, Move Cost:1, location:[D,4]
      Projectile Pattern:Snipe, Projectile Damage:1000, Projectile Cost:20 (energy)
      Power:Repair (50 energy): Gain 50 health, can go over max health. Health regen will not be in effect if over cap.
      score:2
  Enemy:
    [2,F]->health:150/150, Regen:5, Armour:11, Vision:10, seen_by_Starfighter:T, can_see_Starfighter:T, location:[A,2]
    [6,I]->health:50/50, Regen:0, Armour:0, Vision:5, seen_by_Starfighter:T, can_see_Starfighter:T, location:[F,6]
    [7,I]->health:50/50, Regen:0, Armour:0, Vision:5, seen_by_Starfighter:T, can_see_Starfighter:F, location:[B,9]
    [8,F]->health:150/150, Regen:5, Armour:10, Vision:10, seen_by_Starfighter:T, can_see_Starfighter:T, location:[E,12]
  Projectile:
    [-14,<]->damage:50, move:6, location:[A,1]
  Friendly Projectile Action:
  Enemy Projectile Action:
  Starfighter Action:
    The Starfighter(id:0) moves: [D,1] -> [D,4]
      The Starfighter collides with Interceptor(id:3) at location [D,3], trading 50 damage.
      The Interceptor at location [D,3] has been destroyed.
  Enemy Action:
    A Fighter(id:2) moves: [A,3] -> [A,2]
      A enemy projectile(id:-14) spawns at location [A,1].
    A Interceptor(id:6) moves: [F,9] -> [F,6]
    A Interceptor(id:7) moves: [B,12] -> [B,9]
  Natural Enemy Spawn:
    A Fighter(id:8) spawns at location [E,12].
      1  2  3  4  5  6  7  8  9 10 11 12
    A <  F  _  _  _  _  _  _  _  _  _  _
    B _  _  _  _  _  _  _  _  I  _  _  _
    C _  _  _  _  _  _  _  _  _  _  _  _
    D _  _  _  S  _  _  _  _  _  _  _  _
    E _  _  _  _  _  _  _  _  _  _  _  F
    F _  _  _  _  _  I  _  _  _  _  _  _
    G _  _  _  _  _  _  _  _  _  _  _  _
    H _  _  _  _  _  _  _  _  _  _  _  _
    I _  _  _  _  _  _  _  _  _  _  _  _
    J _  _  _  _  _  _  _  _  _  _  _  _
->pass
  state:in game(9.0), debug, ok
  Starfighter:
    [0,S]->health:50/50, energy:130/130, Regen:1/6, Armour:0, Vision:25, Move:14, Move Cost:1, location:[D,4]
      Projectile Pattern:Snipe, Projectile Damage:1000, Projectile Cost:20 (energy)
      Power:Repair (50 energy): Gain 50 health, can go over max health. Health regen will not be in effect if over cap.
      score:2
  Enemy:
    [6,I]->health:50/50, Regen:0, Armour:0, Vision:5, seen_by_Starfighter:T, can_see_Starfighter:T, location:[F,3]
    [7,I]->health:50/50, Regen:0, Armour:0, Vision:5, seen_by_Starfighter:T, can_see_Starfighter:T, location:[B,6]
    [8,F]->health:150/150, Regen:5, Armour:10, Vision:10, seen_by_Starfighter:T, can_see_Starfighter:T, location:[E,6]
    [9,G]->health:100/100, Regen:1, Armour:1, Vision:5, seen_by_Starfighter:T, can_see_Starfighter:F, location:[C,12]
  Projectile:
    [-15,<]->damage:100, move:10, location:[E,5]
  Friendly Projectile Action:
  Enemy Projectile Action:
    A enemy projectile(id:-14) moves: [A,1] -> out of board
  Starfighter Action:
    The Starfighter(id:0) passes at location [D,4], doubling regen rate.
  Enemy Action:
    A Fighter(id:2) moves: [A,2] -> out of board
    A Fighter(id:8) moves: [E,12] -> [E,6]
      A enemy projectile(id:-15) spawns at location [E,5].
    A Interceptor(id:6) moves: [F,6] -> [F,3]
    A Interceptor(id:7) moves: [B,9] -> [B,6]
  Natural Enemy Spawn:
    A Grunt(id:9) spawns at location [C,12].
      1  2  3  4  5  6  7  8  9 10 11 12
    A _  _  _  _  _  _  _  _  _  _  _  _
    B _  _  _  _  _  I  _  _  _  _  _  _
    C _  _  _  _  _  _  _  _  _  _  _  G
    D _  _  _  S  _  _  _  _  _  _  _  _
    E _  _  _  _  <  F  _  _  _  _  _  _
    F _  _  I  _  _  _  _  _  _  _  _  _
    G _  _  _  _  _  _  _  _  _  _  _  _
    H _  _  _  _  _  _  _  _  _  _  _  _
    I _  _  _  _  _  _  _  _  _  _  _  _
    J _  _  _  _  _  _  _  _  _  _  _  _
->move(F,11)
  state:in game(10.0), debug, ok
  Starfighter:
    [0,S]->health:50/50, energy:121/130, Regen:1/6, Armour:0, Vision:25, Move:14, Move Cost:1, location:[F,11]
      Projectile Pattern:Snipe, Projectile Damage:1000, Projectile Cost:20 (energy)
      Power:Repair (50 energy): Gain 50 health, can go over max health. Health regen will not be in effect if over cap.
      score:2
  Enemy:
    [7,I]->health:50/50, Regen:0, Armour:0, Vision:5, seen_by_Starfighter:T, can_see_Starfighter:F, location:[B,3]
    [8,F]->health:150/150, Regen:5, Armour:10, Vision:10, seen_by_Starfighter:T, can_see_Starfighter:T, location:[E,5]
    [9,G]->health:100/100, Regen:1, Armour:1, Vision:5, seen_by_Starfighter:T, can_see_Starfighter:F, location:[C,8]
    [10,P]->health:300/300, Regen:0, Armour:0, Vision:5, seen_by_Starfighter:T, can_see_Starfighter:T, location:[F,12]
  Projectile:
    [-16,<]->damage:50, move:6, location:[E,4]
    [-17,<]->damage:15, move:4, location:[C,7]
  Friendly Projectile Action:
  Enemy Projectile Action:
    A enemy projectile(id:-15) moves: [E,5] -> out of board
  Starfighter Action:
    The Starfighter(id:0) moves: [D,4] -> [F,11]
  Enemy Action:
    A Interceptor(id:6) moves: [F,3] -> out of board
    A Interceptor(id:7) moves: [B,6] -> [B,3]
    A Fighter(id:8) moves: [E,6] -> [E,5]
      A enemy projectile(id:-16) spawns at location [E,4].
    A Grunt(id:9) moves: [C,12] -> [C,8]
      A enemy projectile(id:-17) spawns at location [C,7].
  Natural Enemy Spawn:
    A Pylon(id:10) spawns at location [F,12].
      1  2  3  4  5  6  7  8  9 10 11 12
    A _  _  _  _  _  _  _  _  _  _  _  _
    B _  _  I  _  _  _  _  _  _  _  _  _
    C _  _  _  _  _  _  <  G  _  _  _  _
    D _  _  _  _  _  _  _  _  _  _  _  _
    E _  _  _  <  F  _  _  _  _  _  _  _
    F _  _  _  _  _  _  _  _  _  _  S  P
    G _  _  _  _  _  _  _  _  _  _  _  _
    H _  _  _  _  _  _  _  _  _  _  _  _
    I _  _  _  _  _  _  _  _  _  _  _  _
    J _  _  _  _  _  _  _  _  _  _  _  _
->fire
  state:in game(11.0), debug, ok
  Starfighter:
    [0,S]->health:50/50, energy:107/130, Regen:1/6, Armour:0, Vision:25, Move:14, Move Cost:1, location:[F,11]
      Projectile Pattern:Snipe, Projectile Damage:1000, Projectile Cost:20 (energy)
      Power:Repair (50 energy): Gain 50 health, can go over max health. Health regen will not be in effect if over cap.
      score:6
  Enemy:
    [7,I]->health:50/50, Regen:0, Armour:0, Vision:5, seen_by_Starfighter:T, can_see_Starfighter:F, location:[F,3]
    [8,F]->health:150/150, Regen:5, Armour:11, Vision:10, seen_by_Starfighter:T, can_see_Starfighter:T, location:[E,4]
    [9,G]->health:100/100, Regen:1, Armour:1, Vision:5, seen_by_Starfighter:T, can_see_Starfighter:F, location:[C,6]
    [11,I]->health:50/50, Regen:0, Armour:0, Vision:5, seen_by_Starfighter:T, can_see_Starfighter:T, location:[F,12]
  Projectile:
    [-19,<]->damage:50, move:6, location:[E,3]
    [-20,<]->damage:15, move:4, location:[C,5]
  Friendly Projectile Action:
  Enemy Projectile Action:
    A enemy projectile(id:-16) moves: [E,4] -> out of board
    A enemy projectile(id:-17) moves: [C,7] -> [C,3]
  Starfighter Action:
    The Starfighter(id:0) fires at location [F,11].
      A friendly projectile(id:-18) spawns at location [F,12].
      The projectile collides with Pylon(id:10) at location [F,12], dealing 1000 damage.
      The Pylon at location [F,12] has been destroyed.
  Enemy Action:
    A Interceptor(id:7) moves: [B,3] -> [F,3]
      The Interceptor collides with enemy projectile(id:-17) at location [C,3], healing 15 damage.
    A Fighter(id:8) gains 1 armour.
    A Fighter(id:8) moves: [E,5] -> [E,4]
      A enemy projectile(id:-19) spawns at location [E,3].
    A Grunt(id:9) moves: [C,8] -> [C,6]
      A enemy projectile(id:-20) spawns at location [C,5].
  Natural Enemy Spawn:
    A Interceptor(id:11) spawns at location [F,12].
      1  2  3  4  5  6  7  8  9 10 11 12
    A _  _  _  _  _  _  _  _  _  _  _  _
    B _  _  _  _  _  _  _  _  _  _  _  _
    C _  _  _  _  <  G  _  _  _  _  _  _
    D _  _  _  _  _  _  _  _  _  _  _  _
    E _  _  <  F  _  _  _  _  _  _  _  _
    F _  _  I  _  _  _  _  _  _  _  S  I
    G _  _  _  _  _  _  _  _  _  _  _  _
    H _  _  _  _  _  _  _  _  _  _  _  _
    I _  _  _  _  _  _  _  _  _  _  _  _
    J _  _  _  _  _  _  _  _  _  _  _  _
