  Welcome to Space Defender Version 1.
->undo
  state:0.1, error
  Not in game.
->redo
  state:0.2, error
  Not in game.
->play(5,10,5,3)
  state:1.0, ok
      1  2  3  4  5  6  7  8  9 10
    A _  _  _  _  _  _  _  _  _  _
    B _  _  _  _  _  _  _  _  _  _
    C S  _  _  _  _  _  _  _  _  _
    D _  _  _  _  _  _  _  _  _  _
    E _  _  _  _  _  _  _  _  _  _
->fire
  state:2.0, ok
  The Starfighter fires a projectile at: [C,1]
      1  2  3  4  5  6  7  8  9 10
    A _  _  _  _  _  _  _  _  _  _
    B _  _  _  _  _  _  _  _  _  _
    C S  *  _  _  _  _  _  _  _  _
    D _  _  _  _  _  _  _  _  _  _
    E _  _  _  _  _  _  _  _  _  _
->move(A,1)
  state:3.0, ok
  A projectile moves: [C,2] -> [C,5]
  The Starfighter moves: [C,1] -> [A,1]
      1  2  3  4  5  6  7  8  9 10
    A S  _  _  _  _  _  _  _  _  _
    B _  _  _  _  _  _  _  _  _  _
    C _  _  _  _  *  _  _  _  _  _
    D _  _  _  _  _  _  _  _  _  _
    E _  _  _  _  _  _  _  _  _  _
->pass
  state:4.0, ok
  A projectile moves: [C,5] -> [C,8]
  The Starfighter stays at: [A,1]
      1  2  3  4  5  6  7  8  9 10
    A S  _  _  _  _  _  _  _  _  _
    B _  _  _  _  _  _  _  _  _  _
    C _  _  _  _  _  _  _  *  _  _
    D _  _  _  _  _  _  _  _  _  _
    E _  _  _  _  _  _  _  _  _  _
->undo
  state:3.0, ok
  A projectile moves: [C,2] -> [C,5]
  The Starfighter moves: [C,1] -> [A,1]
      1  2  3  4  5  6  7  8  9 10
    A S  _  _  _  _  _  _  _  _  _
    B _  _  _  _  _  _  _  _  _  _
    C _  _  _  _  *  _  _  _  _  _
    D _  _  _  _  _  _  _  _  _  _
    E _  _  _  _  _  _  _  _  _  _
->redo
  state:4.0, ok
  A projectile moves: [C,5] -> [C,8]
  The Starfighter stays at: [A,1]
      1  2  3  4  5  6  7  8  9 10
    A S  _  _  _  _  _  _  _  _  _
    B _  _  _  _  _  _  _  _  _  _
    C _  _  _  _  _  _  _  *  _  _
    D _  _  _  _  _  _  _  _  _  _
    E _  _  _  _  _  _  _  _  _  _
->undo
  state:3.0, ok
  A projectile moves: [C,2] -> [C,5]
  The Starfighter moves: [C,1] -> [A,1]
      1  2  3  4  5  6  7  8  9 10
    A S  _  _  _  _  _  _  _  _  _
    B _  _  _  _  _  _  _  _  _  _
    C _  _  _  _  *  _  _  _  _  _
    D _  _  _  _  _  _  _  _  _  _
    E _  _  _  _  _  _  _  _  _  _
->undo
  state:2.0, ok
  The Starfighter fires a projectile at: [C,1]
      1  2  3  4  5  6  7  8  9 10
    A _  _  _  _  _  _  _  _  _  _
    B _  _  _  _  _  _  _  _  _  _
    C S  *  _  _  _  _  _  _  _  _
    D _  _  _  _  _  _  _  _  _  _
    E _  _  _  _  _  _  _  _  _  _
->move(A,2)
  state:3.0, ok
  A projectile moves: [C,2] -> [C,5]
  The Starfighter moves: [C,1] -> [A,2]
      1  2  3  4  5  6  7  8  9 10
    A _  S  _  _  _  _  _  _  _  _
    B _  _  _  _  _  _  _  _  _  _
    C _  _  _  _  *  _  _  _  _  _
    D _  _  _  _  _  _  _  _  _  _
    E _  _  _  _  _  _  _  _  _  _
->redo
  state:3.1, error
  Nothing left to redo.
->abort
  state:4.0, ok
  Game has been exited.
->play(5,10,5,3)
  state:5.0, ok
      1  2  3  4  5  6  7  8  9 10
    A _  _  _  _  _  _  _  _  _  _
    B _  _  _  _  _  _  _  _  _  _
    C S  _  _  _  _  _  _  _  _  _
    D _  _  _  _  _  _  _  _  _  _
    E _  _  _  _  _  _  _  _  _  _
->undo
  state:5.1, error
  Nothing left to undo.
->redo
  state:5.2, error
  Nothing left to redo.
